|         535 |   65 | Male   | Gloves         | Accessories |              72 | Florida        | L    | Pink      | Fall   |           4.5 | Yes      | Next Day Air   | Yes              |                  4 | PayPal         | Quarterly              | Senior      |                      90 |
|         536 |   56 | Male   | T-shirt        | Clothing    |              45 | West Virginia  | L    | Maroon    | Spring |           3.2 | Yes      | Free Shipping  | Yes              |                 24 | Bank Transfer  | Weekly                 | Middle-Aged |                       7 |
|         537 |   44 | Male   | Jacket         | Outerwear   |              84 | Illinois       | S    | Maroon    | Fall   |           4.4 | Yes      | Store Pickup   | Yes              |                 16 | Debit Card     | Every 3 Months         | Adult       |                      90 |
|         538 |   50 | Male   | Blouse         | Clothing    |              49 | Virginia       | S    | Turquoise | Summer |             3 | Yes      | Store Pickup   | Yes              |                 14 | Debit Card     | Annually               | Middle-Aged |                     365 |
|         539 |   27 | Male   | Socks          | Clothing    |              22 | Virginia       | XL   | Green     | Spring |           3.2 | Yes      | Free Shipping  | Yes              |                 43 | Cash           | Weekly                 | Young Adult |                       7 |
|         540 |   49 | Male   | Coat           | Outerwear   |              48 | Wyoming        | M    | Violet    | Winter |             4 | Yes      | Store Pickup   | Yes              |                 49 | Debit Card     | Weekly                 | Middle-Aged |                       7 |
|         541 |   49 | Male   | Dress          | Clothing    |              37 | South Carolina | M    | Lavender  | Spring |           3.1 | Yes      | Next Day Air   | Yes              |                 33 | Cash           | Every 3 Months         | Middle-Aged |                      90 |
|         542 |   52 | Male   | Jacket         | Outerwear   |              27 | Connecticut    | L    | Gray      | Fall   |           2.8 | Yes      | Next Day Air   | Yes              |                 45 | Cash           | Bi-Weekly              | Middle-Aged |                      14 |
|         543 |   27 | Male   | Boots          | Footwear    |              79 | Illinois       | XL   | Teal      | Spring |           4.6 | Yes      | Next Day Air   | Yes              |                 35 | Cash           | Bi-Weekly              | Young Adult |                      14 |
|         544 |   53 | Male   | Skirt          | Clothing    |              98 | Alabama        | S    | Red       | Spring |           4.3 | Yes      | Express        | Yes              |                 11 | Credit Card    | Monthly                | Middle-Aged |                      30 |
|         545 |   34 | Male   | Sandals        | Footwear    |              64 | Washington     | S    | Yellow    | Summer |           3.3 | Yes      | Standard       | Yes              |                 30 | Bank Transfer  | Every 3 Months         | Adult       |                      90 |
|         546 |   33 | Male   | Coat           | Outerwear   |              32 | Alabama        | L    | Magenta   | Summer |           3.5 | Yes      | 2-Day Shipping | Yes              |                 48 | Debit Card     | Annually               | Adult       |                     365 |
|         547 |   62 | Male   | Hoodie         | Clothing    |              74 | New Mexico     | M    | Brown     | Winter |           3.4 | Yes      | Free Shipping  | Yes              |                 45 | Venmo          | Bi-Weekly              | Senior      |                      14 |
|         548 |   38 | Male   | Jacket         | Outerwear   |              50 | Nevada         | M    | Blue      | Winter |           2.8 | Yes      | Free Shipping  | Yes              |                 26 | Venmo          | Weekly                 | Adult       |                       7 |
|         549 |   36 | Male   | Backpack       | Accessories |              64 | Nebraska       | M    | Black     | Winter |           4.6 | Yes      | Store Pickup   | Yes              |                 41 | Debit Card     | Every 3 Months         | Adult       |                      90 |
|         550 |   31 | Male   | Backpack       | Accessories |              29 | Arizona        | S    | Olive     | Fall   |           3.6 | Yes      | Express        | Yes              |                 37 | Venmo          | Bi-Weekly              | Young Adult |                      14 |
|         551 |   62 | Male   | Belt           | Accessories |              62 | Georgia        | M    | Olive     | Summer |           3.3 | Yes      | Store Pickup   | Yes              |                 12 | PayPal         | Weekly                 | Senior      |                       7 |
|         552 |   29 | Male   | Coat           | Outerwear   |              78 | Idaho          | XL   | Green     | Fall   |           3.1 | Yes      | 2-Day Shipping | Yes              |                 27 | Cash           | Bi-Weekly              | Young Adult |                      14 |
|         553 |   24 | Male   | T-shirt        | Clothing    |              94 | Missouri       | M    | Peach     | Fall   |           3.5 | Yes      | Express        | Yes              |                 18 | Bank Transfer  | Weekly                 | Young Adult |                       7 |
|         554 |   63 | Male   | Sunglasses     | Accessories |              59 | Florida        | M    | White     | Winter |           3.2 | Yes      | Express        | Yes              |                 15 | Credit Card    | Quarterly              | Senior      |                      90 |
|         555 |   56 | Male   | Sneakers       | Footwear    |              47 | Minnesota      | M    | Red       | Summer |             3 | Yes      | Express        | Yes              |                 34 | Bank Transfer  | Weekly                 | Middle-Aged |                       7 |
|         556 |   63 | Male   | Gloves         | Accessories |              57 | Maine          | M    | White     | Fall   |           4.8 | Yes      | Express        | Yes              |                 37 | Venmo          | Annually               | Senior      |                     365 |
|         557 |   40 | Male   | Coat           | Outerwear   |              90 | Montana        | L    | Indigo    | Winter |             5 | Yes      | Store Pickup   | Yes              |                 21 | Cash           | Fortnightly            | Adult       |                      14 |
|         558 |   18 | Male   | Shirt          | Clothing    |              60 | Alaska         | M    | White     | Spring |           2.9 | Yes      | Free Shipping  | Yes              |                 31 | Debit Card     | Weekly                 | Young Adult |                       7 |
|         559 |   50 | Male   | Sneakers       | Footwear    |              77 | Iowa           | L    | Teal      | Fall   |           3.2 | Yes      | Express        | Yes              |                 43 | Debit Card     | Every 3 Months         | Middle-Aged |                      90 |
|         560 |   66 | Male   | Scarf          | Accessories |              41 | Arizona        | M    | Indigo    | Fall   |           2.9 | Yes      | Store Pickup   | Yes              |                 22 | Bank Transfer  | Monthly                | Senior      |                      30 |
|         561 |   25 | Male   | Jewelry        | Accessories |              48 | Louisiana      | L    | Red       | Fall   |           3.3 | Yes      | Free Shipping  | Yes              |                 12 | Debit Card     | Annually               | Young Adult |                     365 |
|         562 |   65 | Male   | Jacket         | Outerwear   |              65 | Alabama        | M    | Blue      | Fall   |           2.6 | Yes      | Next Day Air   | Yes              |                 25 | PayPal         | Fortnightly            | Senior      |                      14 |
|         563 |   53 | Male   | Jeans          | Clothing    |              62 | Missouri       | M    | Blue      | Summer |           3.5 | Yes      | Standard       | Yes              |                 40 | Debit Card     | Annually               | Middle-Aged |                     365 |
|         564 |   61 | Male   | Shoes          | Footwear    |              99 | Idaho          | M    | Black     | Fall   |           4.4 | Yes      | Standard       | Yes              |                 16 | Debit Card     | Quarterly              | Senior      |                      90 |
|         565 |   67 | Male   | Hoodie         | Clothing    |              58 | Florida        | M    | Olive     | Winter |           3.4 | Yes      | Next Day Air   | Yes              |                 30 | Bank Transfer  | Weekly                 | Senior      |                       7 |
|         566 |   59 | Male   | Backpack       | Accessories |              43 | Idaho          | L    | Lavender  | Fall   |           4.2 | Yes      | Store Pickup   | Yes              |                 10 | Venmo          | Weekly                 | Senior      |                       7 |
|         567 |   55 | Male   | Sneakers       | Footwear    |              93 | Alabama        | M    | Indigo    | Spring |           3.6 | Yes      | Store Pickup   | Yes              |                  1 | Debit Card     | Fortnightly            | Middle-Aged |                      14 |
|         568 |   21 | Male   | Blouse         | Clothing    |              50 | New Hampshire  | S    | Red       | Winter |             3 | Yes      | Next Day Air   | Yes              |                 24 | Venmo          | Fortnightly            | Young Adult |                      14 |
|         569 |   44 | Male   | Pants          | Clothing    |              88 | Utah           | L    | Red       | Summer |             4 | Yes      | Free Shipping  | Yes              |                 36 | PayPal         | Monthly                | Adult       |                      30 |
|         570 |   65 | Male   | Skirt          | Clothing    |              33 | Alabama        | M    | Pink      | Fall   |           4.4 | Yes      | Express        | Yes              |                 46 | Credit Card    | Every 3 Months         | Senior      |                      90 |
|         571 |   65 | Male   | T-shirt        | Clothing    |              99 | Iowa           | XL   | Purple    | Fall   |           4.1 | Yes      | Standard       | Yes              |                 20 | Cash           | Annually               | Senior      |                     365 |
|         572 |   54 | Male   | Jacket         | Outerwear   |              76 | Kentucky       | XL   | Cyan      | Spring |           3.6 | Yes      | Free Shipping  | Yes              |                 37 | Venmo          | Weekly                 | Middle-Aged |                       7 |
|         573 |   56 | Male   | Scarf          | Accessories |              97 | South Carolina | XL   | Cyan      | Summer |           4.6 | Yes      | Next Day Air   | Yes              |                 26 | Bank Transfer  | Annually               | Middle-Aged |                     365 |
|         574 |   58 | Male   | Pants          | Clothing    |              68 | California     | M    | Charcoal  | Summer |           3.2 | Yes      | 2-Day Shipping | Yes              |                 23 | Credit Card    | Bi-Weekly              | Senior      |                      14 |
|         575 |   54 | Male   | Sneakers       | Footwear    |              79 | Maine          | L    | Red       | Fall   |           4.8 | Yes      | Free Shipping  | Yes              |                 20 | Bank Transfer  | Bi-Weekly              | Middle-Aged |                      14 |
|         576 |   58 | Male   | Jeans          | Clothing    |              86 | Nebraska       | M    | Peach     | Fall   |           4.8 | Yes      | Express        | Yes              |                 38 | PayPal         | Monthly                | Senior      |                      30 |
|         577 |   48 | Male   | Hat            | Accessories |              68 | Washington     | M    | Black     | Winter |             5 | Yes      | 2-Day Shipping | Yes              |                  5 | Credit Card    | Every 3 Months         | Middle-Aged |                      90 |
|         578 |   19 | Male   | Skirt          | Clothing    |              52 | Alabama        | M    | Black     | Fall   |           3.7 | Yes      | Store Pickup   | Yes              |                 41 | Venmo          | Annually               | Young Adult |                     365 |
|         579 |   69 | Male   | Sandals        | Footwear    |              90 | Maine          | M    | Purple    | Fall   |           4.6 | Yes      | Next Day Air   | Yes              |                 22 | Credit Card    | Fortnightly            | Senior      |                      14 |
|         580 |   58 | Male   | Sandals        | Footwear    |              41 | California     | M    | Violet    | Winter |           3.7 | Yes      | Free Shipping  | Yes              |                 48 | Credit Card    | Annually               | Senior      |                     365 |
|         581 |   49 | Male   | Sweater        | Clothing    |              80 | Iowa           | M    | Orange    | Spring |           4.1 | Yes      | Free Shipping  | Yes              |                 10 | PayPal         | Weekly                 | Middle-Aged |                       7 |
|         582 |   32 | Male   | Sweater        | Clothing    |             100 | Iowa           | XL   | Charcoal  | Winter |           2.7 | Yes      | Store Pickup   | Yes              |                 12 | Bank Transfer  | Every 3 Months         | Adult       |                      90 |
|         583 |   40 | Male   | Jacket         | Outerwear   |              77 | Colorado       | L    | Turquoise | Spring |           4.9 | Yes      | Store Pickup   | Yes              |                  2 | Bank Transfer  | Quarterly              | Adult       |                      90 |
|         584 |   25 | Male   | Shorts         | Clothing    |              78 | California     | L    | Yellow    | Spring |             4 | Yes      | Store Pickup   | Yes              |                 38 | PayPal         | Monthly                | Young Adult |                      30 |
|         585 |   70 | Male   | Socks          | Clothing    |              94 | Indiana        | M    | White     | Spring |           4.7 | Yes      | Free Shipping  | Yes              |                 20 | Debit Card     | Monthly                | Senior      |                      30 |
|         586 |   69 | Male   | Socks          | Clothing    |              23 | South Carolina | M    | Gray      | Fall   |           2.8 | Yes      | Next Day Air   | Yes              |                  5 | Cash           | Every 3 Months         | Senior      |                      90 |
|         587 |   45 | Male   | Hoodie         | Clothing    |              20 | Wisconsin      | S    | Blue      | Winter |           4.9 | Yes      | 2-Day Shipping | Yes              |                  9 | Venmo          | Annually               | Middle-Aged |                     365 |
|         588 |   29 | Male   | Socks          | Clothing    |              86 | Washington     | S    | Maroon    | Fall   |           4.2 | Yes      | Express        | Yes              |                 48 | Debit Card     | Every 3 Months         | Young Adult |                      90 |
|         589 |   47 | Male   | Boots          | Footwear    |              60 | South Dakota   | M    | Violet    | Fall   |             3 | Yes      | Standard       | Yes              |                  9 | Debit Card     | Quarterly              | Middle-Aged |                      90 |
|         590 |   28 | Male   | Shirt          | Clothing    |              70 | Minnesota      | M    | Orange    | Fall   |           3.4 | Yes      | 2-Day Shipping | Yes              |                 40 | PayPal         | Annually               | Young Adult |                     365 |
|         591 |   64 | Male   | Belt           | Accessories |              39 | Alaska         | S    | Turquoise | Fall   |           4.6 | Yes      | Standard       | Yes              |                 30 | Venmo          | Fortnightly            | Senior      |                      14 |
|         592 |   47 | Male   | Backpack       | Accessories |              37 | Kentucky       | L    | Olive     | Fall   |           4.2 | Yes      | Store Pickup   | Yes              |                  6 | Debit Card     | Bi-Weekly              | Middle-Aged |                      14 |
|         593 |   60 | Male   | Boots          | Footwear    |              29 | North Dakota   | M    | Brown     | Fall   |           3.2 | Yes      | Free Shipping  | Yes              |                 42 | Venmo          | Every 3 Months         | Senior      |                      90 |
|         594 |   67 | Male   | Coat           | Outerwear   |              35 | Alaska         | S    | Green     | Winter |           4.4 | Yes      | Store Pickup   | Yes              |                  9 | PayPal         | Every 3 Months         | Senior      |                      90 |
|         595 |   35 | Male   | Hoodie         | Clothing    |              83 | Oklahoma       | S    | Brown     | Winter |           2.5 | Yes      | Next Day Air   | Yes              |                  6 | Debit Card     | Monthly                | Adult       |                      30 |
|         596 |   30 | Male   | Shoes          | Footwear    |              77 | Delaware       | M    | Silver    | Summer |           3.6 | Yes      | Next Day Air   | Yes              |                 47 | PayPal         | Quarterly              | Young Adult |                      90 |
|         597 |   23 | Male   | Shoes          | Footwear    |              37 | Montana        | XL   | White     | Summer |           4.5 | Yes      | Store Pickup   | Yes              |                 36 | Venmo          | Annually               | Young Adult |                     365 |
|         598 |   70 | Male   | Jewelry        | Accessories |              69 | Alaska         | L    | Gold      | Summer |           3.4 | Yes      | Standard       | Yes              |                 19 | Bank Transfer  | Fortnightly            | Senior      |                      14 |
|         599 |   21 | Male   | Dress          | Clothing    |              66 | California     | L    | Green     | Winter |           3.2 | Yes      | 2-Day Shipping | Yes              |                 30 | Cash           | Every 3 Months         | Young Adult |                      90 |
|         600 |   51 | Male   | Boots          | Footwear    |              26 | Massachusetts  | L    | Teal      | Spring |           4.2 | Yes      | Standard       | Yes              |                 27 | Debit Card     | Every 3 Months         | Middle-Aged |                      90 |
|         601 |   22 | Male   | Hat            | Accessories |              63 | South Carolina | M    | Charcoal  | Spring |             5 | Yes      | 2-Day Shipping | Yes              |                 25 | Venmo          | Monthly                | Young Adult |                      30 |
|         602 |   32 | Male   | Backpack       | Accessories |              38 | West Virginia  | M    | Maroon    | Summer |           4.7 | Yes      | Store Pickup   | Yes              |                  5 | Cash           | Fortnightly            | Adult       |                      14 |
|         603 |   37 | Male   | Shoes          | Footwear    |              58 | Oregon         | L    | Lavender  | Summer |           4.2 | Yes      | Next Day Air   | Yes              |                 10 | Cash           | Every 3 Months         | Adult       |                      90 |
|         604 |   31 | Male   | Handbag        | Accessories |              46 | Massachusetts  | L    | Green     | Winter |           3.4 | Yes      | 2-Day Shipping | Yes              |                 26 | PayPal         | Every 3 Months         | Young Adult |                      90 |
|         605 |   44 | Male   | Sunglasses     | Accessories |              92 | West Virginia  | S    | Pink      | Fall   |           4.4 | Yes      | Store Pickup   | Yes              |                 11 | Credit Card    | Every 3 Months         | Adult       |                      90 |
|         606 |   40 | Male   | Hat            | Accessories |              32 | California     | XL   | Charcoal  | Winter |           4.2 | Yes      | Standard       | Yes              |                 17 | Bank Transfer  | Weekly                 | Adult       |                       7 |
|         607 |   27 | Male   | Scarf          | Accessories |              90 | Colorado       | M    | Blue      | Spring |           4.5 | Yes      | Standard       | Yes              |                 44 | PayPal         | Monthly                | Young Adult |                      30 |
|         608 |   47 | Male   | Hoodie         | Clothing    |              23 | Indiana        | L    | Purple    | Fall   |           2.8 | Yes      | Next Day Air   | Yes              |                 44 | Cash           | Monthly                | Middle-Aged |                      30 |
|         609 |   41 | Male   | Backpack       | Accessories |              25 | Delaware       | S    | Gold      | Fall   |           3.3 | Yes      | Next Day Air   | Yes              |                 21 | Venmo          | Every 3 Months         | Adult       |                      90 |
|         610 |   51 | Male   | Sweater        | Clothing    |              54 | Ohio           | L    | Purple    | Fall   |           4.6 | Yes      | Next Day Air   | Yes              |                 49 | Credit Card    | Fortnightly            | Middle-Aged |                      14 |
|         611 |   53 | Male   | Shorts         | Clothing    |              72 | Oklahoma       | M    | Charcoal  | Summer |           2.5 | Yes      | Free Shipping  | Yes              |                 27 | Bank Transfer  | Every 3 Months         | Middle-Aged |                      90 |
|         612 |   43 | Male   | Scarf          | Accessories |              33 | California     | M    | Black     | Winter |           4.7 | Yes      | Store Pickup   | Yes              |                 19 | Cash           | Monthly                | Adult       |                      30 |
|         613 |   67 | Male   | Hat            | Accessories |              43 | New Hampshire  | L    | Lavender  | Fall   |           4.6 | Yes      | Express        | Yes              |                 33 | Credit Card    | Quarterly              | Senior      |                      90 |
|         614 |   61 | Male   | Coat           | Outerwear   |              51 | Pennsylvania   | L    | Lavender  | Fall   |           2.6 | Yes      | Standard       | Yes              |                 46 | Cash           | Bi-Weekly              | Senior      |                      14 |
|         615 |   68 | Male   | Jewelry        | Accessories |              85 | Idaho          | M    | Lavender  | Winter |             4 | Yes      | Standard       | Yes              |                 21 | Credit Card    | Bi-Weekly              | Senior      |                      14 |
|         616 |   67 | Male   | Sandals        | Footwear    |             100 | Maryland       | L    | Olive     | Summer |           2.6 | Yes      | Next Day Air   | Yes              |                 23 | Venmo          | Annually               | Senior      |                     365 |
|         617 |   29 | Male   | Gloves         | Accessories |              72 | Pennsylvania   | L    | Teal      | Spring |           4.6 | Yes      | Free Shipping  | Yes              |                 38 | Credit Card    | Every 3 Months         | Young Adult |                      90 |
|         618 |   50 | Male   | Backpack       | Accessories |              57 | Colorado       | M    | Maroon    | Fall   |           2.6 | Yes      | Standard       | Yes              |                  2 | Bank Transfer  | Quarterly              | Middle-Aged |                      90 |
|         619 |   61 | Male   | Jacket         | Outerwear   |              94 | Indiana        | L    | Cyan      | Spring |             4 | Yes      | Express        | Yes              |                 21 | Debit Card     | Bi-Weekly              | Senior      |                      14 |
|         620 |   19 | Male   | Backpack       | Accessories |              34 | Nebraska       | M    | Charcoal  | Summer |           4.6 | Yes      | Store Pickup   | Yes              |                  1 | Debit Card     | Every 3 Months         | Young Adult |                      90 |
|         621 |   33 | Male   | Backpack       | Accessories |              89 | Rhode Island   | M    | Black     | Fall   |           3.7 | Yes      | 2-Day Shipping | Yes              |                 10 | Venmo          | Every 3 Months         | Adult       |                      90 |
|         622 |   51 | Male   | Sunglasses     | Accessories |              27 | Kansas         | S    | Red       | Fall   |           4.4 | Yes      | Store Pickup   | Yes              |                 45 | Credit Card    | Weekly                 | Middle-Aged |                       7 |
|         623 |   69 | Male   | Socks          | Clothing    |              63 | Georgia        | S    | Peach     | Spring |             4 | Yes      | Next Day Air   | Yes              |                 44 | Bank Transfer  | Fortnightly            | Senior      |                      14 |
|         624 |   19 | Male   | Shoes          | Footwear    |              70 | Nevada         | M    | White     | Fall   |           4.7 | Yes      | Standard       | Yes              |                 48 | PayPal         | Bi-Weekly              | Young Adult |                      14 |
|         625 |   55 | Male   | Pants          | Clothing    |              87 | South Carolina | XL   | Pink      | Fall   |           3.4 | Yes      | Express        | Yes              |                 21 | PayPal         | Annually               | Middle-Aged |                     365 |
|         626 |   49 | Male   | Jewelry        | Accessories |              79 | Delaware       | M    | Red       | Fall   |             4 | Yes      | Next Day Air   | Yes              |                  1 | Venmo          | Weekly                 | Middle-Aged |                       7 |
|         627 |   31 | Male   | Sunglasses     | Accessories |              79 | New Hampshire  | M    | Indigo    | Spring |           3.9 | Yes      | Standard       | Yes              |                 10 | Venmo          | Annually               | Young Adult |                     365 |
|         628 |   42 | Male   | Sandals        | Footwear    |              44 | Oregon         | L    | Black     | Winter |           4.1 | Yes      | Express        | Yes              |                 24 | PayPal         | Monthly                | Adult       |                      30 |
|         629 |   69 | Male   | Sweater        | Clothing    |              85 | Massachusetts  | M    | White     | Fall   |           3.7 | Yes      | 2-Day Shipping | Yes              |                 29 | Credit Card    | Monthly                | Senior      |                      30 |
|         630 |   26 | Male   | Shoes          | Footwear    |              90 | Vermont        | L    | Beige     | Spring |           4.7 | Yes      | Standard       | Yes              |                 11 | Debit Card     | Annually               | Young Adult |                     365 |
|         631 |   41 | Male   | Jewelry        | Accessories |              94 | Mississippi    | S    | Silver    | Fall   |           4.3 | Yes      | 2-Day Shipping | Yes              |                 33 | Debit Card     | Annually               | Adult       |                     365 |
|         632 |   55 | Male   | Boots          | Footwear    |              68 | Washington     | S    | Violet    | Summer |           4.1 | Yes      | Store Pickup   | Yes              |                 27 | Cash           | Fortnightly            | Middle-Aged |                      14 |
|         633 |   35 | Male   | Backpack       | Accessories |              51 | Wyoming        | M    | Red       | Winter |           3.9 | Yes      | Next Day Air   | Yes              |                 19 | Venmo          | Fortnightly            | Adult       |                      14 |
|         634 |   66 | Male   | Sandals        | Footwear    |              33 | Minnesota      | M    | Orange    | Spring |           2.9 | Yes      | Express        | Yes              |                 50 | Debit Card     | Quarterly              | Senior      |                      90 |
|         635 |   36 | Male   | Sneakers       | Footwear    |              60 | Ohio           | M    | Teal      | Summer |           3.9 | Yes      | Standard       | Yes              |                 46 | PayPal         | Weekly                 | Adult       |                       7 |
|         636 |   27 | Male   | Hoodie         | Clothing    |              59 | South Carolina | M    | Brown     | Fall   |           4.3 | Yes      | 2-Day Shipping | Yes              |                 28 | Cash           | Quarterly              | Young Adult |                      90 |
|         637 |   41 | Male   | Handbag        | Accessories |              30 | Wisconsin      | M    | Indigo    | Summer |           2.8 | Yes      | Store Pickup   | Yes              |                 14 | Bank Transfer  | Every 3 Months         | Adult       |                      90 |
|         638 |   21 | Male   | Sweater        | Clothing    |              20 | Tennessee      | M    | Cyan      | Winter |           3.4 | Yes      | 2-Day Shipping | Yes              |                 46 | Cash           | Fortnightly            | Young Adult |                      14 |
|         639 |   53 | Male   | Sandals        | Footwear    |              20 | Maryland       | S    | Blue      | Summer |           2.7 | Yes      | Express        | Yes              |                 41 | PayPal         | Monthly                | Middle-Aged |                      30 |
|         640 |   54 | Male   | Dress          | Clothing    |              24 | Mississippi    | L    | Olive     | Spring |             4 | Yes      | 2-Day Shipping | Yes              |                 50 | Credit Card    | Annually               | Middle-Aged |                     365 |
|         641 |   53 | Male   | Skirt          | Clothing    |              88 | Minnesota      | M    | Gray      | Summer |           4.4 | Yes      | Store Pickup   | Yes              |                 28 | Debit Card     | Fortnightly            | Middle-Aged |                      14 |
|         642 |   47 | Male   | Blouse         | Clothing    |              78 | Alaska         | M    | Red       | Winter |           3.9 | Yes      | 2-Day Shipping | Yes              |                 23 | Credit Card    | Every 3 Months         | Middle-Aged |                      90 |
|         643 |   64 | Male   | Skirt          | Clothing    |              25 | Arkansas       | L    | Red       | Spring |           2.8 | Yes      | 2-Day Shipping | Yes              |                 14 | Debit Card     | Bi-Weekly              | Senior      |                      14 |
|         644 |   18 | Male   | Sweater        | Clothing    |              57 | Oregon         | XL   | Green     | Winter |           3.2 | Yes      | Next Day Air   | Yes              |                 10 | Bank Transfer  | Every 3 Months         | Young Adult |                      90 |
|         645 |   68 | Male   | Backpack       | Accessories |              93 | Louisiana      | S    | Blue      | Summer |           4.3 | Yes      | Next Day Air   | Yes              |                 37 | Cash           | Weekly                 | Senior      |                       7 |
|         646 |   62 | Male   | Hoodie         | Clothing    |              42 | Oklahoma       | S    | Purple    | Summer |           4.2 | Yes      | Express        | Yes              |                 15 | Venmo          | Bi-Weekly              | Senior      |                      14 |
|         647 |   51 | Male   | Boots          | Footwear    |              54 | Indiana        | XL   | Pink      | Spring |           4.9 | Yes      | Standard       | Yes              |                 19 | Venmo          | Bi-Weekly              | Middle-Aged |                      14 |
|         648 |   54 | Male   | Blouse         | Clothing    |              70 | Mississippi    | XL   | Charcoal  | Summer |           3.7 | Yes      | Express        | Yes              |                 23 | Credit Card    | Fortnightly            | Middle-Aged |                      14 |
|         649 |   22 | Male   | Hoodie         | Clothing    |              31 | Michigan       | M    | Brown     | Winter |           4.1 | Yes      | Store Pickup   | Yes              |                 35 | Credit Card    | Weekly                 | Young Adult |                       7 |
|         650 |   53 | Male   | Pants          | Clothing    |              93 | Delaware       | L    | Orange    | Spring |           4.2 | Yes      | Store Pickup   | Yes              |                 33 | PayPal         | Every 3 Months         | Middle-Aged |                      90 |
|         651 |   34 | Male   | Gloves         | Accessories |              40 | Florida        | M    | Magenta   | Spring |           3.9 | Yes      | Next Day Air   | Yes              |                 12 | Bank Transfer  | Annually               | Adult       |                     365 |
|         652 |   32 | Male   | Hat            | Accessories |              32 | Arkansas       | L    | Yellow    | Summer |           2.9 | Yes      | Next Day Air   | Yes              |                 41 | Venmo          | Fortnightly            | Adult       |                      14 |
|         653 |   64 | Male   | Sunglasses     | Accessories |              27 | Minnesota      | M    | Beige     | Winter |           3.1 | Yes      | Free Shipping  | Yes              |                 27 | Venmo          | Weekly                 | Senior      |                       7 |
|         654 |   20 | Male   | Scarf          | Accessories |              68 | North Dakota   | M    | Olive     | Winter |           3.6 | Yes      | 2-Day Shipping | Yes              |                 45 | Cash           | Fortnightly            | Young Adult |                      14 |
|         655 |   24 | Male   | Handbag        | Accessories |              59 | California     | L    | Gray      | Summer |           4.4 | Yes      | 2-Day Shipping | Yes              |                 23 | Venmo          | Annually               | Young Adult |                     365 |
|         656 |   20 | Male   | Handbag        | Accessories |              36 | Mississippi    | S    | Purple    | Fall   |           3.1 | Yes      | Free Shipping  | Yes              |                 19 | Venmo          | Monthly                | Young Adult |                      30 |
|         657 |   42 | Male   | Jeans          | Clothing    |              23 | Pennsylvania   | M    | Beige     | Summer |           3.9 | Yes      | Standard       | Yes              |                  6 | PayPal         | Quarterly              | Adult       |                      90 |
|         658 |   48 | Male   | Jacket         | Outerwear   |              80 | Arizona        | M    | White     | Winter |           4.3 | Yes      | Free Shipping  | Yes              |                  6 | PayPal         | Quarterly              | Middle-Aged |                      90 |
|         659 |   62 | Male   | Backpack       | Accessories |              37 | Louisiana      | S    | White     | Fall   |           4.9 | Yes      | Store Pickup   | Yes              |                 20 | Venmo          | Weekly                 | Senior      |                       7 |
|         660 |   62 | Male   | Shorts         | Clothing    |              52 | Virginia       | S    | Gold      | Spring |           3.6 | Yes      | 2-Day Shipping | Yes              |                  8 | Cash           | Weekly                 | Senior      |                       7 |
|         661 |   50 | Male   | Coat           | Outerwear   |              79 | Montana        | M    | Olive     | Fall   |             5 | Yes      | 2-Day Shipping | Yes              |                 39 | Credit Card    | Quarterly              | Middle-Aged |                      90 |
|         662 |   57 | Male   | Shirt          | Clothing    |              68 | Iowa           | XL   | Green     | Fall   |           4.1 | Yes      | Store Pickup   | Yes              |                 39 | Credit Card    | Quarterly              | Middle-Aged |                      90 |
|         663 |   24 | Male   | Gloves         | Accessories |              98 | Illinois       | L    | Magenta   | Fall   |           2.8 | Yes      | Express        | Yes              |                 39 | Venmo          | Bi-Weekly              | Young Adult |                      14 |
|         664 |   59 | Male   | Dress          | Clothing    |              83 | Alaska         | M    | Charcoal  | Fall   |           4.7 | Yes      | Express        | Yes              |                 23 | Credit Card    | Monthly                | Senior      |                      30 |
|         665 |   63 | Male   | Pants          | Clothing    |              83 | Colorado       | M    | Indigo    | Winter |           4.4 | Yes      | Express        | Yes              |                 41 | PayPal         | Bi-Weekly              | Senior      |                      14 |
|         666 |   41 | Male   | Pants          | Clothing    |              55 | New Mexico     | M    | Peach     | Spring |           4.9 | Yes      | 2-Day Shipping | Yes              |                 50 | Credit Card    | Annually               | Adult       |                     365 |
|         667 |   35 | Male   | Hoodie         | Clothing    |              26 | Colorado       | L    | Turquoise | Winter |           3.1 | Yes      | Free Shipping  | Yes              |                 30 | Debit Card     | Quarterly              | Adult       |                      90 |
|         668 |   34 | Male   | Sunglasses     | Accessories |              76 | Arizona        | S    | Blue      | Winter |           2.6 | Yes      | Standard       | Yes              |                 32 | Bank Transfer  | Quarterly              | Adult       |                      90 |
|         669 |   49 | Male   | T-shirt        | Clothing    |              85 | Hawaii         | S    | Turquoise | Fall   |           2.9 | Yes      | Express        | Yes              |                 35 | Bank Transfer  | Monthly                | Middle-Aged |                      30 |
|         670 |   43 | Male   | Jacket         | Outerwear   |              89 | Illinois       | M    | Gray      | Spring |           3.3 | Yes      | Free Shipping  | Yes              |                 45 | Venmo          | Bi-Weekly              | Adult       |                      14 |
|         671 |   63 | Male   | Sweater        | Clothing    |              41 | Louisiana      | XL   | Purple    | Spring |           4.8 | Yes      | Next Day Air   | Yes              |                 37 | Cash           | Bi-Weekly              | Senior      |                      14 |
|         672 |   38 | Male   | Jacket         | Outerwear   |              30 | Iowa           | L    | Black     | Winter |           4.7 | Yes      | Express        | Yes              |                 45 | Cash           | Weekly                 | Adult       |                       7 |
|         673 |   59 | Male   | Socks          | Clothing    |              53 | Washington     | M    | Peach     | Winter |           3.3 | Yes      | 2-Day Shipping | Yes              |                 29 | Cash           | Quarterly              | Senior      |                      90 |
|         674 |   35 | Male   | Shirt          | Clothing    |              66 | Oklahoma       | M    | Indigo    | Spring |           4.2 | Yes      | Free Shipping  | Yes              |                 27 | Venmo          | Bi-Weekly              | Adult       |                      14 |
|         675 |   48 | Male   | Jewelry        | Accessories |              33 | Washington     | XL   | Beige     | Winter |           4.7 | Yes      | Store Pickup   | Yes              |                 36 | Bank Transfer  | Annually               | Middle-Aged |                     365 |
|         676 |   64 | Male   | Sunglasses     | Accessories |              86 | Arkansas       | M    | Yellow    | Spring |           2.6 | Yes      | 2-Day Shipping | Yes              |                  9 | Cash           | Annually               | Senior      |                     365 |
|         677 |   28 | Male   | Pants          | Clothing    |              60 | Connecticut    | M    | Peach     | Winter |           2.9 | Yes      | 2-Day Shipping | Yes              |                 38 | Venmo          | Bi-Weekly              | Young Adult |                      14 |
|         678 |   60 | Male   | Socks          | Clothing    |              62 | Washington     | S    | Turquoise | Summer |           2.7 | Yes      | Express        | Yes              |                 41 | PayPal         | Annually               | Senior      |                     365 |
|         679 |   27 | Male   | Blouse         | Clothing    |              74 | Maine          | M    | Teal      | Fall   |           3.3 | Yes      | Store Pickup   | Yes              |                 25 | Debit Card     | Every 3 Months         | Young Adult |                      90 |
|         680 |   56 | Male   | Sandals        | Footwear    |              95 | Michigan       | M    | Turquoise | Fall   |           3.4 | Yes      | Express        | Yes              |                 37 | Venmo          | Fortnightly            | Middle-Aged |                      14 |
|         681 |   58 | Male   | Sneakers       | Footwear    |              25 | Tennessee      | M    | Magenta   | Spring |           4.2 | Yes      | Express        | Yes              |                  3 | PayPal         | Annually               | Senior      |                     365 |
|         682 |   30 | Male   | Shirt          | Clothing    |              59 | Louisiana      | XL   | Purple    | Winter |           3.8 | Yes      | 2-Day Shipping | Yes              |                 24 | Credit Card    | Every 3 Months         | Young Adult |                      90 |
|         683 |   23 | Male   | Jacket         | Outerwear   |              29 | Missouri       | M    | Brown     | Summer |             4 | Yes      | Standard       | Yes              |                 49 | Credit Card    | Bi-Weekly              | Young Adult |                      14 |
|         684 |   33 | Male   | Sandals        | Footwear    |              36 | Michigan       | S    | Violet    | Winter |           2.7 | Yes      | Free Shipping  | Yes              |                  3 | Bank Transfer  | Monthly                | Adult       |                      30 |
|         685 |   63 | Male   | Hat            | Accessories |              82 | Alabama        | M    | Yellow    | Summer |           4.7 | Yes      | Express        | Yes              |                 42 | Debit Card     | Monthly                | Senior      |                      30 |
|         686 |   70 | Male   | Blouse         | Clothing    |              71 | Massachusetts  | XL   | Magenta   | Winter |           3.5 | Yes      | Standard       | Yes              |                 32 | Cash           | Fortnightly            | Senior      |                      14 |
|         687 |   70 | Male   | Sweater        | Clothing    |              35 | Indiana        | L    | Beige     | Fall   |             3 | Yes      | 2-Day Shipping | Yes              |                 33 | Venmo          | Fortnightly            | Senior      |                      14 |
|         688 |   19 | Male   | Gloves         | Accessories |              38 | West Virginia  | XL   | Turquoise | Winter |           3.3 | Yes      | Free Shipping  | Yes              |                 46 | Bank Transfer  | Quarterly              | Young Adult |                      90 |
|         689 |   25 | Male   | Scarf          | Accessories |              59 | Michigan       | S    | Peach     | Summer |           4.7 | Yes      | Store Pickup   | Yes              |                 44 | Venmo          | Monthly                | Young Adult |                      30 |
|         690 |   19 | Male   | Hoodie         | Clothing    |              91 | Pennsylvania   | M    | Orange    | Summer |           4.7 | Yes      | Express        | Yes              |                 35 | Credit Card    | Every 3 Months         | Young Adult |                      90 |
|         691 |   25 | Male   | Shorts         | Clothing    |              68 | Alaska         | XL   | Red       | Spring |           4.8 | Yes      | Standard       | Yes              |                 45 | Bank Transfer  | Weekly                 | Young Adult |                       7 |
|         692 |   60 | Male   | Backpack       | Accessories |              21 | Massachusetts  | L    | Silver    | Summer |           2.9 | Yes      | Standard       | Yes              |                 37 | PayPal         | Bi-Weekly              | Senior      |                      14 |
|         693 |   35 | Male   | Sunglasses     | Accessories |              95 | North Dakota   | M    | Cyan      | Spring |             4 | Yes      | 2-Day Shipping | Yes              |                 40 | Debit Card     | Every 3 Months         | Adult       |                      90 |
|         694 |   46 | Male   | Shorts         | Clothing    |              52 | Vermont        | L    | Turquoise | Spring |           3.1 | Yes      | Free Shipping  | Yes              |                 30 | Cash           | Every 3 Months         | Middle-Aged |                      90 |
|         695 |   41 | Male   | Dress          | Clothing    |              21 | Kentucky       | S    | Charcoal  | Fall   |           3.5 | Yes      | 2-Day Shipping | Yes              |                 38 | Venmo          | Every 3 Months         | Adult       |                      90 |
|         696 |   30 | Male   | Shorts         | Clothing    |              67 | Nevada         | XL   | Peach     | Summer |           3.7 | Yes      | Next Day Air   | Yes              |                 15 | Debit Card     | Every 3 Months         | Young Adult |                      90 |
|         697 |   44 | Male   | Belt           | Accessories |              42 | Utah           | L    | Green     | Fall   |           2.8 | Yes      | Standard       | Yes              |                 49 | Cash           | Monthly                | Adult       |                      30 |
|         698 |   61 | Male   | Scarf          | Accessories |              63 | North Dakota   | XL   | Brown     | Summer |           4.6 | Yes      | Free Shipping  | Yes              |                 40 | Debit Card     | Quarterly              | Senior      |                      90 |
|         699 |   55 | Male   | Boots          | Footwear    |              41 | Iowa           | M    | Yellow    | Winter |           3.8 | Yes      | Standard       | Yes              |                 40 | Debit Card     | Weekly                 | Middle-Aged |                       7 |
|         700 |   50 | Male   | Handbag        | Accessories |              46 | Connecticut    | M    | Charcoal  | Fall   |           2.6 | Yes      | 2-Day Shipping | Yes              |                  5 | PayPal         | Weekly                 | Middle-Aged |                       7 |
|         701 |   57 | Male   | Pants          | Clothing    |              79 | Wisconsin      | L    | Olive     | Winter |           4.1 | Yes      | Standard       | Yes              |                  5 | PayPal         | Monthly                | Middle-Aged |                      30 |
|         702 |   51 | Male   | Boots          | Footwear    |              90 | Idaho          | L    | Red       | Fall   |           3.3 | Yes      | Next Day Air   | Yes              |                  5 | Debit Card     | Every 3 Months         | Middle-Aged |                      90 |
|         703 |   18 | Male   | Shirt          | Clothing    |              71 | Montana        | M    | White     | Winter |           3.4 | Yes      | Store Pickup   | Yes              |                  1 | Cash           | Weekly                 | Young Adult |                       7 |
|         704 |   63 | Male   | Dress          | Clothing    |              87 | Connecticut    | L    | Pink      | Summer |             3 | Yes      | Standard       | Yes              |                 21 | Venmo          | Weekly                 | Senior      |                       7 |
|         705 |   34 | Male   | Hoodie         | Clothing    |              66 | Idaho          | S    | Black     | Spring |           3.2 | Yes      | Express        | Yes              |                 18 | PayPal         | Annually               | Adult       |                     365 |
|         706 |   25 | Male   | Pants          | Clothing    |              90 | Arkansas       | XL   | Indigo    | Summer |           4.5 | Yes      | Free Shipping  | Yes              |                 49 | Cash           | Quarterly              | Young Adult |                      90 |
|         707 |   46 | Male   | Jeans          | Clothing    |              47 | Iowa           | L    | Turquoise | Summer |           4.8 | Yes      | Express        | Yes              |                 27 | Debit Card     | Weekly                 | Middle-Aged |                       7 |
|         708 |   59 | Male   | Shirt          | Clothing    |              38 | Louisiana      | L    | Purple    | Spring |           3.7 | Yes      | Next Day Air   | Yes              |                 21 | Venmo          | Annually               | Senior      |                     365 |
|         709 |   37 | Male   | Backpack       | Accessories |              50 | Kentucky       | L    | Beige     | Summer |           3.4 | Yes      | Store Pickup   | Yes              |                 19 | Cash           | Fortnightly            | Adult       |                      14 |
|         710 |   49 | Male   | Jacket         | Outerwear   |              79 | Massachusetts  | L    | Charcoal  | Summer |           4.6 | Yes      | Standard       | Yes              |                 23 | Debit Card     | Monthly                | Middle-Aged |                      30 |
|         711 |   22 | Male   | Scarf          | Accessories |              91 | Virginia       | L    | Turquoise | Spring |           4.1 | Yes      | Standard       | Yes              |                 26 | PayPal         | Fortnightly            | Young Adult |                      14 |
|         712 |   64 | Male   | Boots          | Footwear    |              60 | New Hampshire  | M    | Maroon    | Spring |           3.5 | Yes      | 2-Day Shipping | Yes              |                 13 | Bank Transfer  | Bi-Weekly              | Senior      |                      14 |
|         713 |   42 | Male   | Blouse         | Clothing    |              81 | New Hampshire  | XL   | Black     | Summer |           3.8 | Yes      | Next Day Air   | Yes              |                 36 | Bank Transfer  | Quarterly              | Adult       |                      90 |
|         714 |   37 | Male   | Hoodie         | Clothing    |              90 | Oregon         | M    | Lavender  | Summer |           2.6 | Yes      | Express        | Yes              |                 39 | Bank Transfer  | Bi-Weekly              | Adult       |                      14 |
|         715 |   26 | Male   | Jacket         | Outerwear   |              70 | South Dakota   | M    | Magenta   | Fall   |           4.4 | Yes      | Store Pickup   | Yes              |                 40 | Debit Card     | Fortnightly            | Young Adult |                      14 |
|         716 |   33 | Male   | Jeans          | Clothing    |              63 | Delaware       | L    | Green     | Spring |           2.6 | Yes      | Express        | Yes              |                 37 | Debit Card     | Quarterly              | Adult       |                      90 |
|         717 |   30 | Male   | Jewelry        | Accessories |              29 | Missouri       | M    | Olive     | Spring |           3.6 | Yes      | Express        | Yes              |                  9 | Venmo          | Bi-Weekly              | Young Adult |                      14 |
|         718 |   21 | Male   | Socks          | Clothing    |              90 | Alaska         | L    | Green     | Spring |           4.2 | Yes      | Express        | Yes              |                  7 | Venmo          | Every 3 Months         | Young Adult |                      90 |
|         719 |   22 | Male   | Shirt          | Clothing    |              22 | Florida        | M    | Peach     | Summer |           4.6 | Yes      | Standard       | Yes              |                 25 | Bank Transfer  | Annually               | Young Adult |                     365 |
|         720 |   63 | Male   | Shorts         | Clothing    |              22 | Mississippi    | L    | Turquoise | Summer |           3.3 | Yes      | Next Day Air   | Yes              |                 42 | Venmo          | Bi-Weekly              | Senior      |                      14 |
|         721 |   33 | Male   | Jewelry        | Accessories |              62 | New Mexico     | L    | Orange    | Fall   |           3.4 | Yes      | Free Shipping  | Yes              |                 19 | Debit Card     | Weekly                 | Adult       |                       7 |
|         722 |   43 | Male   | Blouse         | Clothing    |              57 | California     | L    | Silver    | Summer |           4.4 | Yes      | Next Day Air   | Yes              |                 41 | Debit Card     | Every 3 Months         | Adult       |                      90 |
|         723 |   27 | Male   | Sweater        | Clothing    |              32 | Wyoming        | S    | Blue      | Summer |           4.3 | Yes      | Store Pickup   | Yes              |                 50 | Cash           | Bi-Weekly              | Young Adult |                      14 |
|         724 |   35 | Male   | Jewelry        | Accessories |              53 | Missouri       | L    | Cyan      | Fall   |           3.5 | Yes      | Express        | Yes              |                 43 | PayPal         | Monthly                | Adult       |                      30 |
|         725 |   37 | Male   | T-shirt        | Clothing    |              79 | New Hampshire  | XL   | Green     | Fall   |           4.7 | Yes      | Store Pickup   | Yes              |                 36 | Venmo          | Every 3 Months         | Adult       |                      90 |
|         726 |   61 | Male   | Hat            | Accessories |              61 | Texas          | L    | Silver    | Winter |           3.1 | Yes      | Standard       | Yes              |                 33 | Debit Card     | Fortnightly            | Senior      |                      14 |
|         727 |   32 | Male   | Shorts         | Clothing    |              78 | North Dakota   | L    | Yellow    | Summer |           3.6 | Yes      | Next Day Air   | Yes              |                 20 | Bank Transfer  | Every 3 Months         | Adult       |                      90 |
|         728 |   62 | Male   | Sweater        | Clothing    |              97 | Arkansas       | S    | Gray      | Winter |           4.8 | Yes      | Next Day Air   | Yes              |                 37 | Venmo          | Every 3 Months         | Senior      |                      90 |
|         729 |   29 | Male   | Jeans          | Clothing    |              78 | Nebraska       | M    | Pink      | Winter |           3.7 | Yes      | Next Day Air   | Yes              |                 12 | PayPal         | Every 3 Months         | Young Adult |                      90 |
|         730 |   41 | Male   | Sunglasses     | Accessories |              56 | Minnesota      | L    | Beige     | Summer |           3.2 | Yes      | Express        | Yes              |                 46 | PayPal         | Every 3 Months         | Adult       |                      90 |
|         731 |   48 | Male   | Boots          | Footwear    |              25 | Massachusetts  | M    | Indigo    | Summer |           3.9 | Yes      | Standard       | Yes              |                 28 | Venmo          | Fortnightly            | Middle-Aged |                      14 |
|         732 |   43 | Male   | Coat           | Outerwear   |              28 | Arkansas       | M    | Red       | Spring |           3.5 | Yes      | Free Shipping  | Yes              |                 30 | PayPal         | Fortnightly            | Adult       |                      14 |
|         733 |   34 | Male   | Shirt          | Clothing    |              57 | New Hampshire  | L    | Blue      | Spring |           2.8 | Yes      | Express        | Yes              |                 28 | Cash           | Bi-Weekly              | Adult       |                      14 |
|         734 |   45 | Male   | Dress          | Clothing    |              36 | Rhode Island   | L    | Cyan      | Fall   |           2.7 | Yes      | 2-Day Shipping | Yes              |                 20 | Debit Card     | Bi-Weekly              | Middle-Aged |                      14 |
|         735 |   65 | Male   | Shirt          | Clothing    |              69 | New Jersey     | S    | Violet    | Winter |           3.1 | Yes      | Express        | Yes              |                 39 | Bank Transfer  | Every 3 Months         | Senior      |                      90 |
|         736 |   61 | Male   | Sunglasses     | Accessories |              48 | Montana        | M    | Orange    | Fall   |           3.6 | Yes      | 2-Day Shipping | Yes              |                 48 | Cash           | Bi-Weekly              | Senior      |                      14 |
|         737 |   18 | Male   | Dress          | Clothing    |              58 | Colorado       | L    | Maroon    | Spring |           2.9 | Yes      | 2-Day Shipping | Yes              |                 32 | Credit Card    | Every 3 Months         | Young Adult |                      90 |
|         738 |   47 | Male   | Sunglasses     | Accessories |              24 | Nebraska       | M    | Teal      | Spring |           3.6 | Yes      | Store Pickup   | Yes              |                 28 | PayPal         | Annually               | Middle-Aged |                     365 |
|         739 |   56 | Male   | Sunglasses     | Accessories |              31 | Minnesota      | L    | Orange    | Winter |           3.5 | Yes      | 2-Day Shipping | Yes              |                 27 | Venmo          | Quarterly              | Middle-Aged |                      90 |
|         740 |   64 | Male   | Shorts         | Clothing    |              29 | Minnesota      | S    | Purple    | Summer |           3.5 | Yes      | Free Shipping  | Yes              |                 26 | Venmo          | Bi-Weekly              | Senior      |                      14 |
|         741 |   26 | Male   | Jeans          | Clothing    |              69 | South Dakota   | M    | Orange    | Summer |           2.8 | Yes      | Next Day Air   | Yes              |                 22 | Credit Card    | Fortnightly            | Young Adult |                      14 |
|         742 |   22 | Male   | T-shirt        | Clothing    |              79 | West Virginia  | XL   | Yellow    | Summer |           4.7 | Yes      | Free Shipping  | Yes              |                 23 | Bank Transfer  | Every 3 Months         | Young Adult |                      90 |
|         743 |   64 | Male   | Pants          | Clothing    |              39 | Nevada         | M    | Charcoal  | Summer |           3.1 | Yes      | Express        | Yes              |                 21 | Debit Card     | Quarterly              | Senior      |                      90 |
|         744 |   21 | Male   | Sunglasses     | Accessories |              84 | North Carolina | L    | Gray      | Fall   |           4.9 | Yes      | Free Shipping  | Yes              |                 36 | Cash           | Weekly                 | Young Adult |                       7 |
|         745 |   67 | Male   | Boots          | Footwear    |              66 | Illinois       | S    | Charcoal  | Spring |           4.1 | Yes      | Next Day Air   | Yes              |                 42 | Debit Card     | Bi-Weekly              | Senior      |                      14 |
|         746 |   46 | Male   | T-shirt        | Clothing    |              92 | Michigan       | L    | Orange    | Fall   |           4.7 | Yes      | Standard       | Yes              |                  4 | Venmo          | Monthly                | Middle-Aged |                      30 |
|         747 |   40 | Male   | Sandals        | Footwear    |              45 | Michigan       | M    | Red       | Winter |           2.5 | Yes      | Free Shipping  | Yes              |                 47 | Credit Card    | Annually               | Adult       |                     365 |
|         748 |   51 | Male   | Shorts         | Clothing    |              74 | Oklahoma       | L    | Gold      | Spring |           4.4 | Yes      | Next Day Air   | Yes              |                 13 | Bank Transfer  | Weekly                 | Middle-Aged |                       7 |
|         749 |   35 | Male   | Hat            | Accessories |              39 | South Dakota   | L    | Brown     | Fall   |           3.9 | Yes      | Free Shipping  | Yes              |                  8 | Bank Transfer  | Quarterly              | Adult       |                      90 |
|         750 |   56 | Male   | Scarf          | Accessories |              71 | Oklahoma       | M    | Olive     | Winter |           3.7 | Yes      | Standard       | Yes              |                 11 | Debit Card     | Quarterly              | Middle-Aged |                      90 |
|         751 |   25 | Male   | T-shirt        | Clothing    |              95 | Maryland       | L    | Violet    | Fall   |           3.4 | Yes      | Free Shipping  | Yes              |                  5 | Venmo          | Annually               | Young Adult |                     365 |
|         752 |   65 | Male   | Gloves         | Accessories |              72 | Ohio           | L    | Indigo    | Fall   |           4.8 | Yes      | Free Shipping  | Yes              |                  1 | Credit Card    | Monthly                | Senior      |                      30 |
|         753 |   39 | Male   | Scarf          | Accessories |              85 | Ohio           | L    | Yellow    | Fall   |           4.2 | Yes      | 2-Day Shipping | Yes              |                 17 | PayPal         | Every 3 Months         | Adult       |                      90 |
|         754 |   47 | Male   | Boots          | Footwear    |              54 | Massachusetts  | M    | Teal      | Fall   |           3.4 | Yes      | Store Pickup   | Yes              |                 27 | Venmo          | Quarterly              | Middle-Aged |                      90 |
|         755 |   36 | Male   | Gloves         | Accessories |              41 | North Carolina | L    | Pink      | Spring |           2.9 | Yes      | Store Pickup   | Yes              |                  3 | Debit Card     | Quarterly              | Adult       |                      90 |
|         756 |   66 | Male   | Coat           | Outerwear   |              24 | Florida        | M    | Violet    | Spring |           3.3 | Yes      | Free Shipping  | Yes              |                 22 | PayPal         | Weekly                 | Senior      |                       7 |
|         757 |   62 | Male   | Belt           | Accessories |              99 | Montana        | S    | Orange    | Summer |           4.8 | Yes      | Standard       | Yes              |                 24 | Cash           | Fortnightly            | Senior      |                      14 |
|         758 |   41 | Male   | Hoodie         | Clothing    |              32 | Minnesota      | M    | Red       | Fall   |           3.8 | Yes      | Store Pickup   | Yes              |                 18 | Debit Card     | Quarterly              | Adult       |                      90 |
|         759 |   66 | Male   | Shoes          | Footwear    |              71 | Massachusetts  | L    | Peach     | Summer |           4.6 | Yes      | 2-Day Shipping | Yes              |                 39 | Bank Transfer  | Every 3 Months         | Senior      |                      90 |
|         760 |   51 | Male   | Dress          | Clothing    |              49 | Rhode Island   | XL   | Green     | Winter |           2.6 | Yes      | Next Day Air   | Yes              |                 25 | Credit Card    | Fortnightly            | Middle-Aged |                      14 |
|         761 |   33 | Male   | Gloves         | Accessories |              50 | Minnesota      | XL   | Violet    | Fall   |           3.4 | Yes      | Free Shipping  | Yes              |                  6 | Cash           | Annually               | Adult       |                     365 |
|         762 |   57 | Male   | Jewelry        | Accessories |              91 | Nevada         | L    | Yellow    | Fall   |           4.2 | Yes      | Express        | Yes              |                 26 | Bank Transfer  | Weekly                 | Middle-Aged |                       7 |
|         763 |   45 | Male   | Belt           | Accessories |              46 | New Mexico     | M    | Pink      | Fall   |           3.9 | Yes      | Standard       | Yes              |                 43 | Debit Card     | Fortnightly            | Middle-Aged |                      14 |
|         764 |   61 | Male   | Sweater        | Clothing    |              50 | North Carolina | M    | Brown     | Spring |           2.9 | Yes      | 2-Day Shipping | Yes              |                  6 | Credit Card    | Monthly                | Senior      |                      30 |
|         765 |   55 | Male   | Skirt          | Clothing    |              39 | Virginia       | XL   | Silver    | Fall   |           4.2 | Yes      | Free Shipping  | Yes              |                  6 | Debit Card     | Quarterly              | Middle-Aged |                      90 |
|         766 |   54 | Male   | Sneakers       | Footwear    |              99 | Alaska         | M    | Pink      | Summer |             3 | Yes      | Store Pickup   | Yes              |                 13 | Cash           | Quarterly              | Middle-Aged |                      90 |
|         767 |   57 | Male   | Gloves         | Accessories |              48 | Nevada         | M    | Cyan      | Winter |           3.6 | Yes      | Next Day Air   | Yes              |                 13 | PayPal         | Monthly                | Middle-Aged |                      30 |
|         768 |   27 | Male   | Coat           | Outerwear   |              77 | Pennsylvania   | M    | Brown     | Fall   |           2.5 | Yes      | Next Day Air   | Yes              |                 11 | Cash           | Annually               | Young Adult |                     365 |
|         769 |   64 | Male   | Backpack       | Accessories |              95 | Illinois       | XL   | Red       | Spring |           2.6 | Yes      | Express        | Yes              |                 45 | Venmo          | Weekly                 | Senior      |                       7 |
|         770 |   52 | Male   | Socks          | Clothing    |             100 | Delaware       | M    | Silver    | Spring |           4.3 | Yes      | Store Pickup   | Yes              |                  8 | PayPal         | Monthly                | Middle-Aged |                      30 |
|         771 |   19 | Male   | Sneakers       | Footwear    |              54 | Vermont        | M    | Gray      | Spring |           3.3 | Yes      | Express        | Yes              |                  8 | Credit Card    | Annually               | Young Adult |                     365 |
|         772 |   22 | Male   | Sweater        | Clothing    |              68 | Hawaii         | L    | Cyan      | Fall   |           2.6 | Yes      | Next Day Air   | Yes              |                 34 | Bank Transfer  | Fortnightly            | Young Adult |                      14 |
|         773 |   18 | Male   | Jeans          | Clothing    |              22 | Illinois       | L    | Teal      | Fall   |           3.6 | Yes      | Free Shipping  | Yes              |                 40 | Debit Card     | Bi-Weekly              | Young Adult |                      14 |
|         774 |   29 | Male   | Hat            | Accessories |              84 | California     | L    | Indigo    | Winter |           2.6 | Yes      | Express        | Yes              |                 14 | Debit Card     | Bi-Weekly              | Young Adult |                      14 |
|         775 |   42 | Male   | Hat            | Accessories |              46 | Nevada         | M    | Yellow    | Summer |           3.5 | Yes      | Standard       | Yes              |                 11 | Credit Card    | Quarterly              | Adult       |                      90 |
|         776 |   49 | Male   | Handbag        | Accessories |              53 | Kentucky       | S    | Gold      | Winter |             3 | Yes      | Store Pickup   | Yes              |                  8 | PayPal         | Monthly                | Middle-Aged |                      30 |
|         777 |   49 | Male   | Shirt          | Clothing    |              60 | Alabama        | M    | Maroon    | Spring |             5 | Yes      | Standard       | Yes              |                  8 | Venmo          | Every 3 Months         | Middle-Aged |                      90 |
|         778 |   55 | Male   | Socks          | Clothing    |              32 | Wyoming        | XL   | Silver    | Spring |           2.5 | Yes      | Express        | Yes              |                 37 | Venmo          | Weekly                 | Middle-Aged |                       7 |
|         779 |   29 | Male   | Socks          | Clothing    |              50 | Massachusetts  | M    | Yellow    | Summer |           2.9 | Yes      | Store Pickup   | Yes              |                 23 | Debit Card     | Annually               | Young Adult |                     365 |
|         780 |   60 | Male   | Dress          | Clothing    |              94 | Utah           | M    | Blue      | Spring |           4.6 | Yes      | Express        | Yes              |                 38 | Cash           | Annually               | Senior      |                     365 |
|         781 |   34 | Male   | Shoes          | Footwear    |              26 | New York       | M    | Turquoise | Spring |           3.6 | Yes      | Free Shipping  | Yes              |                 38 | Cash           | Quarterly              | Adult       |                      90 |
|         782 |   30 | Male   | Scarf          | Accessories |              44 | Vermont        | L    | Indigo    | Winter |             3 | Yes      | Store Pickup   | Yes              |                 12 | Credit Card    | Fortnightly            | Young Adult |                      14 |
|         783 |   28 | Male   | Hoodie         | Clothing    |              57 | Hawaii         | M    | Green     | Summer |           4.5 | Yes      | Standard       | Yes              |                 15 | Cash           | Weekly                 | Young Adult |                       7 |
|         784 |   63 | Male   | T-shirt        | Clothing    |              65 | Louisiana      | L    | Purple    | Winter |           4.5 | Yes      | Next Day Air   | Yes              |                 38 | PayPal         | Fortnightly            | Senior      |                      14 |
|         785 |   31 | Male   | Jeans          | Clothing    |              72 | Alabama        | M    | Peach     | Winter |           3.2 | Yes      | Store Pickup   | Yes              |                 41 | Bank Transfer  | Every 3 Months         | Young Adult |                      90 |
|         786 |   46 | Male   | Shorts         | Clothing    |              62 | Louisiana      | S    | Purple    | Spring |             4 | Yes      | Next Day Air   | Yes              |                 37 | PayPal         | Fortnightly            | Middle-Aged |                      14 |
|         787 |   70 | Male   | Hat            | Accessories |              21 | Indiana        | S    | Teal      | Winter |           4.8 | Yes      | Express        | Yes              |                 16 | Bank Transfer  | Every 3 Months         | Senior      |                      90 |
|         788 |   53 | Male   | Handbag        | Accessories |              85 | Michigan       | S    | Green     | Spring |           3.7 | Yes      | Free Shipping  | Yes              |                 25 | Venmo          | Weekly                 | Middle-Aged |                       7 |
|         789 |   50 | Male   | Pants          | Clothing    |              51 | Rhode Island   | XL   | Yellow    | Summer |           3.8 | Yes      | Store Pickup   | Yes              |                 18 | Bank Transfer  | Quarterly              | Middle-Aged |                      90 |
|         790 |   33 | Male   | Handbag        | Accessories |              84 | Idaho          | S    | Purple    | Fall   |           2.7 | Yes      | Standard       | Yes              |                  4 | Credit Card    | Bi-Weekly              | Adult       |                      14 |
|         791 |   22 | Male   | Sweater        | Clothing    |              37 | Louisiana      | M    | Indigo    | Summer |           4.9 | Yes      | Store Pickup   | Yes              |                 12 | Bank Transfer  | Quarterly              | Young Adult |                      90 |
|         792 |   50 | Male   | Scarf          | Accessories |              44 | North Carolina | S    | Magenta   | Summer |           3.1 | Yes      | 2-Day Shipping | Yes              |                 35 | PayPal         | Fortnightly            | Middle-Aged |                      14 |
|         793 |   34 | Male   | Sneakers       | Footwear    |              45 | New Jersey     | M    | Violet    | Spring |           4.2 | Yes      | Next Day Air   | Yes              |                 45 | Venmo          | Weekly                 | Adult       |                       7 |
|         794 |   24 | Male   | Pants          | Clothing    |              35 | Alabama        | L    | Maroon    | Summer |           3.8 | Yes      | Free Shipping  | Yes              |                 16 | Credit Card    | Monthly                | Young Adult |                      30 |
|         795 |   69 | Male   | Backpack       | Accessories |              50 | Kentucky       | XL   | Yellow    | Winter |           4.2 | Yes      | Store Pickup   | Yes              |                 10 | Debit Card     | Fortnightly            | Senior      |                      14 |
|         796 |   39 | Male   | Sandals        | Footwear    |              26 | New York       | M    | Beige     | Summer |           4.6 | Yes      | Store Pickup   | Yes              |                 34 | Venmo          | Annually               | Adult       |                     365 |
|         797 |   42 | Male   | Socks          | Clothing    |              78 | Arizona        | XL   | Black     | Fall   |             4 | Yes      | 2-Day Shipping | Yes              |                 43 | Credit Card    | Annually               | Adult       |                     365 |
|         798 |   42 | Male   | Coat           | Outerwear   |              82 | Maryland       | M    | Violet    | Fall   |             4 | Yes      | 2-Day Shipping | Yes              |                 38 | Debit Card     | Weekly                 | Adult       |                       7 |
|         799 |   29 | Male   | Socks          | Clothing    |              39 | Alaska         | M    | Violet    | Spring |           3.8 | Yes      | 2-Day Shipping | Yes              |                 48 | PayPal         | Every 3 Months         | Young Adult |                      90 |
|         800 |   55 | Male   | Belt           | Accessories |              55 | Nevada         | L    | Brown     | Summer |           3.3 | Yes      | Free Shipping  | Yes              |                 31 | PayPal         | Annually               | Middle-Aged |                     365 |
|         801 |   32 | Male   | Socks          | Clothing    |              20 | Utah           | S    | Gold      | Summer |           2.6 | Yes      | Free Shipping  | Yes              |                 20 | Cash           | Every 3 Months         | Adult       |                      90 |
|         802 |   25 | Male   | Belt           | Accessories |              29 | New Mexico     | L    | Blue      | Fall   |           4.9 | Yes      | Express        | Yes              |                 12 | Credit Card    | Fortnightly            | Young Adult |                      14 |
|         803 |   38 | Male   | Pants          | Clothing    |              41 | Delaware       | M    | Teal      | Winter |           3.5 | Yes      | Next Day Air   | Yes              |                  2 | Bank Transfer  | Weekly                 | Adult       |                       7 |
|         804 |   32 | Male   | Shorts         | Clothing    |              38 | Connecticut    | L    | Silver    | Winter |           2.8 | Yes      | Express        | Yes              |                 30 | Venmo          | Every 3 Months         | Adult       |                      90 |
|         805 |   43 | Male   | Boots          | Footwear    |              47 | Mississippi    | M    | Maroon    | Summer |           2.6 | Yes      | Store Pickup   | Yes              |                 28 | Venmo          | Quarterly              | Adult       |                      90 |
|         806 |   41 | Male   | Dress          | Clothing    |              30 | Connecticut    | L    | White     | Summer |           3.7 | Yes      | Next Day Air   | Yes              |                 40 | Debit Card     | Monthly                | Adult       |                      30 |
|         807 |   56 | Male   | Jeans          | Clothing    |              56 | Florida        | L    | Charcoal  | Summer |           2.7 | Yes      | Standard       | Yes              |                 46 | PayPal         | Quarterly              | Middle-Aged |                      90 |
|         808 |   27 | Male   | T-shirt        | Clothing    |              89 | New York       | S    | Brown     | Winter |           3.3 | Yes      | Express        | Yes              |                 15 | Credit Card    | Weekly                 | Young Adult |                       7 |
|         809 |   46 | Male   | Shoes          | Footwear    |              96 | Wisconsin      | L    | Lavender  | Fall   |           4.6 | Yes      | Next Day Air   | Yes              |                 38 | Cash           | Every 3 Months         | Middle-Aged |                      90 |
|         810 |   48 | Male   | Boots          | Footwear    |              81 | South Carolina | M    | Violet    | Fall   |           4.9 | Yes      | Next Day Air   | Yes              |                 30 | PayPal         | Bi-Weekly              | Middle-Aged |                      14 |
|         811 |   52 | Male   | Scarf          | Accessories |              83 | South Dakota   | S    | Lavender  | Fall   |           4.9 | Yes      | Store Pickup   | Yes              |                 32 | Debit Card     | Bi-Weekly              | Middle-Aged |                      14 |
|         812 |   18 | Male   | Sneakers       | Footwear    |              35 | Illinois       | M    | Green     | Winter |           2.7 | Yes      | Free Shipping  | Yes              |                 36 | Venmo          | Quarterly              | Young Adult |                      90 |
|         813 |   64 | Male   | Boots          | Footwear    |              56 | Alaska         | M    | Olive     | Summer |           3.2 | Yes      | Standard       | Yes              |                 32 | Credit Card    | Weekly                 | Senior      |                       7 |
|         814 |   54 | Male   | Handbag        | Accessories |              45 | Montana        | S    | Olive     | Summer |           2.9 | Yes      | Store Pickup   | Yes              |                 14 | Debit Card     | Annually               | Middle-Aged |                     365 |
|         815 |   31 | Male   | Shirt          | Clothing    |              62 | Minnesota      | M    | Pink      | Winter |           3.8 | Yes      | Express        | Yes              |                  8 | PayPal         | Monthly                | Young Adult |                      30 |
|         816 |   30 | Male   | Hat            | Accessories |              84 | West Virginia  | L    | Teal      | Spring |             3 | Yes      | Next Day Air   | Yes              |                 27 | Venmo          | Bi-Weekly              | Young Adult |                      14 |
|         817 |   26 | Male   | Sweater        | Clothing    |              24 | Illinois       | L    | Cyan      | Summer |           3.9 | Yes      | Store Pickup   | Yes              |                 24 | Debit Card     | Monthly                | Young Adult |                      30 |
|         818 |   25 | Male   | Handbag        | Accessories |              21 | Nevada         | S    | Gray      | Spring |           4.7 | Yes      | Store Pickup   | Yes              |                 30 | PayPal         | Fortnightly            | Young Adult |                      14 |
|         819 |   59 | Male   | Shirt          | Clothing    |              91 | Idaho          | M    | Peach     | Winter |           4.9 | Yes      | Store Pickup   | Yes              |                 34 | Debit Card     | Monthly                | Senior      |                      30 |
|         820 |   55 | Male   | Sunglasses     | Accessories |              36 | Colorado       | S    | Teal      | Winter |           4.8 | Yes      | Next Day Air   | Yes              |                 28 | Debit Card     | Quarterly              | Middle-Aged |                      90 |
|         821 |   56 | Male   | Sneakers       | Footwear    |              39 | Louisiana      | M    | Turquoise | Spring |           2.5 | Yes      | 2-Day Shipping | Yes              |                 27 | Debit Card     | Monthly                | Middle-Aged |                      30 |
|         822 |   62 | Male   | Hoodie         | Clothing    |              39 | Vermont        | M    | Green     | Spring |           3.9 | Yes      | Standard       | Yes              |                 31 | Credit Card    | Bi-Weekly              | Senior      |                      14 |
|         823 |   35 | Male   | Shirt          | Clothing    |              59 | Mississippi    | L    | Magenta   | Winter |           3.4 | Yes      | Standard       | Yes              |                 23 | Bank Transfer  | Annually               | Adult       |                     365 |
|         824 |   51 | Male   | Sunglasses     | Accessories |              27 | Georgia        | M    | Green     | Winter |           2.5 | Yes      | Free Shipping  | Yes              |                 11 | Credit Card    | Quarterly              | Middle-Aged |                      90 |
|         825 |   61 | Male   | Blouse         | Clothing    |              94 | Georgia        | M    | White     | Spring |             3 | Yes      | Store Pickup   | Yes              |                 48 | Cash           | Quarterly              | Senior      |                      90 |
|         826 |   27 | Male   | Belt           | Accessories |              94 | Nebraska       | XL   | Brown     | Fall   |           3.6 | Yes      | Next Day Air   | Yes              |                 17 | Cash           | Monthly                | Young Adult |                      30 |
|         827 |   54 | Male   | Dress          | Clothing    |              94 | Massachusetts  | M    | Purple    | Winter |           3.6 | Yes      | Standard       | Yes              |                 36 | PayPal         | Weekly                 | Middle-Aged |                       7 |
|         828 |   31 | Male   | Shoes          | Footwear    |              51 | Colorado       | S    | Green     | Fall   |           4.1 | Yes      | Free Shipping  | Yes              |                 33 | Bank Transfer  | Fortnightly            | Young Adult |                      14 |
|         829 |   24 | Male   | Socks          | Clothing    |              62 | Nevada         | M    | Peach     | Fall   |           3.7 | Yes      | 2-Day Shipping | Yes              |                 27 | PayPal         | Bi-Weekly              | Young Adult |                      14 |
|         830 |   42 | Male   | Socks          | Clothing    |              57 | Idaho          | S    | Silver    | Spring |           3.1 | Yes      | 2-Day Shipping | Yes              |                 14 | Credit Card    | Fortnightly            | Adult       |                      14 |
|         831 |   41 | Male   | Shorts         | Clothing    |              76 | Wyoming        | M    | Maroon    | Fall   |           4.2 | Yes      | Express        | Yes              |                  5 | Credit Card    | Annually               | Adult       |                     365 |
|         832 |   66 | Male   | Gloves         | Accessories |              63 | Washington     | M    | Red       | Summer |           4.3 | Yes      | Express        | Yes              |                 47 | Cash           | Every 3 Months         | Senior      |                      90 |
|         833 |   58 | Male   | Jacket         | Outerwear   |              80 | California     | L    | Blue      | Fall   |           2.5 | Yes      | Express        | Yes              |                 28 | Cash           | Bi-Weekly              | Senior      |                      14 |
|         834 |   43 | Male   | Handbag        | Accessories |              68 | Oklahoma       | M    | Purple    | Fall   |           3.5 | Yes      | Standard       | Yes              |                 11 | Credit Card    | Annually               | Adult       |                     365 |
|         835 |   52 | Male   | Backpack       | Accessories |              89 | Nevada         | M    | Indigo    | Summer |           3.1 | Yes      | Free Shipping  | Yes              |                 18 | Credit Card    | Weekly                 | Middle-Aged |                       7 |
|         836 |   35 | Male   | Boots          | Footwear    |              26 | Maryland       | L    | Indigo    | Summer |           2.5 | Yes      | Next Day Air   | Yes              |                 21 | Debit Card     | Weekly                 | Adult       |                       7 |
|         837 |   23 | Male   | Gloves         | Accessories |              90 | West Virginia  | L    | Violet    | Winter |           3.9 | Yes      | Store Pickup   | Yes              |                 22 | Cash           | Bi-Weekly              | Young Adult |                      14 |
|         838 |   25 | Male   | Hoodie         | Clothing    |              28 | Illinois       | L    | Brown     | Spring |           4.9 | Yes      | Express        | Yes              |                 33 | Cash           | Every 3 Months         | Young Adult |                      90 |
|         839 |   33 | Male   | Coat           | Outerwear   |              29 | Kentucky       | M    | Gray      | Spring |           4.3 | Yes      | Express        | Yes              |                 49 | Credit Card    | Annually               | Adult       |                     365 |
|         840 |   48 | Male   | Shirt          | Clothing    |              31 | Illinois       | L    | Teal      | Spring |           2.6 | Yes      | Free Shipping  | Yes              |                 10 | Debit Card     | Every 3 Months         | Middle-Aged |                      90 |
|         841 |   42 | Male   | Shirt          | Clothing    |              24 | Alabama        | L    | Teal      | Summer |           4.2 | Yes      | 2-Day Shipping | Yes              |                 18 | PayPal         | Weekly                 | Adult       |                       7 |
|         842 |   55 | Male   | Sweater        | Clothing    |              88 | Texas          | M    | Beige     | Summer |           2.6 | Yes      | Store Pickup   | Yes              |                 28 | PayPal         | Fortnightly            | Middle-Aged |                      14 |
|         843 |   59 | Male   | Shirt          | Clothing    |              87 | Missouri       | M    | Violet    | Spring |           3.6 | Yes      | Express        | Yes              |                 25 | PayPal         | Weekly                 | Senior      |                       7 |
|         844 |   65 | Male   | Hoodie         | Clothing    |              80 | Pennsylvania   | S    | Beige     | Summer |           3.2 | Yes      | Express        | Yes              |                  6 | PayPal         | Weekly                 | Senior      |                       7 |
|         845 |   59 | Male   | Sandals        | Footwear    |              48 | Missouri       | L    | Purple    | Winter |           4.4 | Yes      | Express        | Yes              |                 44 | Venmo          | Bi-Weekly              | Senior      |                      14 |
|         846 |   31 | Male   | Belt           | Accessories |              21 | Michigan       | XL   | Charcoal  | Winter |           3.7 | Yes      | Standard       | Yes              |                 30 | Venmo          | Monthly                | Young Adult |                      30 |
|         847 |   49 | Male   | Boots          | Footwear    |              72 | Kentucky       | M    | Pink      | Spring |           3.7 | Yes      | Express        | Yes              |                 42 | Debit Card     | Quarterly              | Middle-Aged |                      90 |
|         848 |   53 | Male   | Hoodie         | Clothing    |              44 | New Jersey     | L    | Blue      | Fall   |           4.1 | Yes      | Standard       | Yes              |                 30 | PayPal         | Monthly                | Middle-Aged |                      30 |
|         849 |   48 | Male   | Sandals        | Footwear    |              73 | Delaware       | M    | Lavender  | Fall   |           3.6 | Yes      | Store Pickup   | Yes              |                 33 | Credit Card    | Bi-Weekly              | Middle-Aged |                      14 |
|         850 |   23 | Male   | Jeans          | Clothing    |              61 | Missouri       | S    | Charcoal  | Spring |           4.3 | Yes      | Express        | Yes              |                 24 | PayPal         | Quarterly              | Young Adult |                      90 |
|         851 |   68 | Male   | Shoes          | Footwear    |              20 | Connecticut    | L    | Turquoise | Winter |           2.6 | Yes      | Store Pickup   | Yes              |                 13 | Venmo          | Monthly                | Senior      |                      30 |
|         852 |   35 | Male   | Sandals        | Footwear    |              86 | Massachusetts  | M    | Red       | Summer |           2.9 | Yes      | Express        | Yes              |                 19 | Debit Card     | Monthly                | Adult       |                      30 |
|         853 |   34 | Male   | Dress          | Clothing    |              60 | Florida        | L    | Yellow    | Spring |           4.2 | Yes      | Next Day Air   | Yes              |                 23 | Debit Card     | Every 3 Months         | Adult       |                      90 |
|         854 |   62 | Male   | Hat            | Accessories |              43 | Delaware       | L    | Orange    | Winter |             4 | Yes      | Free Shipping  | Yes              |                 35 | Cash           | Monthly                | Senior      |                      30 |
|         855 |   21 | Male   | Pants          | Clothing    |              44 | California     | L    | Blue      | Spring |           4.3 | Yes      | Free Shipping  | Yes              |                 22 | Venmo          | Monthly                | Young Adult |                      30 |
|         856 |   70 | Male   | Socks          | Clothing    |              76 | Oregon         | L    | Gold      | Spring |             3 | Yes      | 2-Day Shipping | Yes              |                 14 | Credit Card    | Quarterly              | Senior      |                      90 |
|         857 |   55 | Male   | Shirt          | Clothing    |              33 | Alaska         | M    | Gold      | Summer |           3.5 | Yes      | Express        | Yes              |                 47 | Debit Card     | Fortnightly            | Middle-Aged |                      14 |
|         858 |   43 | Male   | Shorts         | Clothing    |              60 | Missouri       | L    | Cyan      | Fall   |             3 | Yes      | Standard       | Yes              |                 50 | Debit Card     | Every 3 Months         | Adult       |                      90 |
|         859 |   19 | Male   | Jacket         | Outerwear   |              26 | Oklahoma       | L    | Olive     | Fall   |           3.1 | Yes      | Free Shipping  | Yes              |                 33 | PayPal         | Weekly                 | Young Adult |                       7 |
|         860 |   47 | Male   | Hoodie         | Clothing    |              73 | Wisconsin      | M    | Teal      | Winter |             4 | Yes      | Next Day Air   | Yes              |                  7 | Debit Card     | Monthly                | Middle-Aged |                      30 |
|         861 |   26 | Male   | Shoes          | Footwear    |              87 | South Carolina | M    | Maroon    | Spring |           4.1 | Yes      | Standard       | Yes              |                  3 | Cash           | Monthly                | Young Adult |                      30 |
|         862 |   46 | Male   | Skirt          | Clothing    |             100 | Virginia       | XL   | Green     | Spring |           3.3 | Yes      | 2-Day Shipping | Yes              |                 35 | Credit Card    | Every 3 Months         | Middle-Aged |                      90 |
|         863 |   19 | Male   | Coat           | Outerwear   |              84 | Arkansas       | M    | Charcoal  | Winter |           4.9 | Yes      | Standard       | Yes              |                 13 | PayPal         | Fortnightly            | Young Adult |                      14 |
|         864 |   49 | Male   | Sneakers       | Footwear    |              41 | Vermont        | M    | Cyan      | Summer |           3.9 | Yes      | Standard       | Yes              |                 42 | PayPal         | Fortnightly            | Middle-Aged |                      14 |
|         865 |   51 | Male   | Jeans          | Clothing    |              59 | Kentucky       | S    | Charcoal  | Winter |           3.9 | Yes      | Next Day Air   | Yes              |                  5 | PayPal         | Annually               | Middle-Aged |                     365 |
|         866 |   64 | Male   | Blouse         | Clothing    |              26 | Colorado       | L    | Charcoal  | Winter |           4.8 | Yes      | Store Pickup   | Yes              |                 23 | Venmo          | Annually               | Senior      |                     365 |
|         867 |   67 | Male   | Sunglasses     | Accessories |              69 | New Mexico     | M    | Lavender  | Summer |           2.7 | Yes      | Free Shipping  | Yes              |                 11 | PayPal         | Bi-Weekly              | Senior      |                      14 |
|         868 |   37 | Male   | Jacket         | Outerwear   |              20 | Colorado       | M    | Turquoise | Spring |           3.1 | Yes      | Free Shipping  | Yes              |                 23 | Bank Transfer  | Fortnightly            | Adult       |                      14 |
|         869 |   40 | Male   | Dress          | Clothing    |              83 | North Carolina | M    | Green     | Summer |           3.2 | Yes      | Next Day Air   | Yes              |                  2 | Credit Card    | Every 3 Months         | Adult       |                      90 |
|         870 |   38 | Male   | Hat            | Accessories |              54 | New Hampshire  | M    | Silver    | Spring |           2.7 | Yes      | 2-Day Shipping | Yes              |                 33 | PayPal         | Weekly                 | Adult       |                       7 |
|         871 |   66 | Male   | Hoodie         | Clothing    |              66 | West Virginia  | M    | Blue      | Fall   |           2.5 | Yes      | Standard       | Yes              |                  6 | Bank Transfer  | Bi-Weekly              | Senior      |                      14 |
|         872 |   47 | Male   | Handbag        | Accessories |              42 | Hawaii         | M    | Charcoal  | Spring |           2.6 | Yes      | Next Day Air   | Yes              |                 45 | Debit Card     | Quarterly              | Middle-Aged |                      90 |
|         873 |   56 | Male   | Jeans          | Clothing    |              33 | North Dakota   | M    | Pink      | Spring |           2.9 | Yes      | Standard       | Yes              |                 25 | Cash           | Quarterly              | Middle-Aged |                      90 |
|         874 |   51 | Male   | Boots          | Footwear    |              77 | Mississippi    | M    | Pink      | Summer |           4.2 | Yes      | Free Shipping  | Yes              |                 24 | Venmo          | Quarterly              | Middle-Aged |                      90 |
|         875 |   25 | Male   | Jacket         | Outerwear   |              65 | Maine          | M    | Magenta   | Fall   |           4.4 | Yes      | Free Shipping  | Yes              |                 10 | Venmo          | Every 3 Months         | Young Adult |                      90 |
|         876 |   37 | Male   | Sandals        | Footwear    |              39 | North Dakota   | L    | Gray      | Summer |           4.1 | Yes      | Free Shipping  | Yes              |                  7 | Bank Transfer  | Every 3 Months         | Adult       |                      90 |
|         877 |   41 | Male   | Belt           | Accessories |              51 | Nebraska       | L    | Gray      | Summer |           3.8 | Yes      | 2-Day Shipping | Yes              |                  1 | Debit Card     | Weekly                 | Adult       |                       7 |
|         878 |   64 | Male   | Handbag        | Accessories |              65 | Nebraska       | M    | Orange    | Winter |           4.9 | Yes      | Next Day Air   | Yes              |                 45 | Venmo          | Every 3 Months         | Senior      |                      90 |
|         879 |   23 | Male   | Sunglasses     | Accessories |              89 | Tennessee      | S    | Black     | Summer |           4.9 | Yes      | Express        | Yes              |                 37 | Debit Card     | Weekly                 | Young Adult |                       7 |
|         880 |   62 | Male   | Skirt          | Clothing    |              76 | Wyoming        | S    | Lavender  | Spring |           4.1 | Yes      | Free Shipping  | Yes              |                 14 | PayPal         | Quarterly              | Senior      |                      90 |
|         881 |   39 | Male   | Backpack       | Accessories |              75 | Nevada         | L    | Red       | Spring |           3.1 | Yes      | Express        | Yes              |                 25 | Debit Card     | Monthly                | Adult       |                      30 |
|         882 |   52 | Male   | Sandals        | Footwear    |              61 | South Carolina | M    | Silver    | Summer |           2.7 | Yes      | Next Day Air   | Yes              |                 18 | Venmo          | Annually               | Middle-Aged |                     365 |
|         883 |   50 | Male   | Boots          | Footwear    |              35 | Virginia       | M    | Cyan      | Fall   |           3.8 | Yes      | Next Day Air   | Yes              |                 37 | Cash           | Every 3 Months         | Middle-Aged |                      90 |
|         884 |   28 | Male   | Sneakers       | Footwear    |              37 | Pennsylvania   | S    | Gold      | Fall   |           4.3 | Yes      | Free Shipping  | Yes              |                 30 | Bank Transfer  | Monthly                | Young Adult |                      30 |
|         885 |   67 | Male   | Skirt          | Clothing    |              91 | Hawaii         | L    | Yellow    | Winter |           4.1 | Yes      | Express        | Yes              |                 34 | Bank Transfer  | Weekly                 | Senior      |                       7 |
|         886 |   41 | Male   | Dress          | Clothing    |              99 | Ohio           | L    | Purple    | Fall   |           4.4 | Yes      | Free Shipping  | Yes              |                 49 | Debit Card     | Every 3 Months         | Adult       |                      90 |
|         887 |   19 | Male   | Shorts         | Clothing    |              54 | Utah           | S    | Brown     | Summer |           3.6 | Yes      | Express        | Yes              |                 48 | Bank Transfer  | Monthly                | Young Adult |                      30 |
|         888 |   70 | Male   | Handbag        | Accessories |              47 | Minnesota      | L    | Turquoise | Winter |           3.3 | Yes      | 2-Day Shipping | Yes              |                 33 | PayPal         | Fortnightly            | Senior      |                      14 |
|         889 |   49 | Male   | Scarf          | Accessories |              77 | New Hampshire  | S    | Gold      | Spring |           3.6 | Yes      | Express        | Yes              |                 44 | Cash           | Annually               | Middle-Aged |                     365 |
|         890 |   59 | Male   | Belt           | Accessories |              84 | Arizona        | S    | Olive     | Fall   |           2.8 | Yes      | Free Shipping  | Yes              |                 50 | Venmo          | Weekly                 | Senior      |                       7 |
|         891 |   52 | Male   | Gloves         | Accessories |              51 | New York       | S    | Purple    | Spring |           4.3 | Yes      | 2-Day Shipping | Yes              |                 47 | Credit Card    | Monthly                | Middle-Aged |                      30 |
|         892 |   20 | Male   | Skirt          | Clothing    |              26 | Pennsylvania   | S    | Lavender  | Summer |           3.9 | Yes      | Store Pickup   | Yes              |                 24 | PayPal         | Every 3 Months         | Young Adult |                      90 |
|         893 |   31 | Male   | Shorts         | Clothing    |              64 | New Mexico     | L    | Gray      | Summer |           2.7 | Yes      | Free Shipping  | Yes              |                 43 | Debit Card     | Monthly                | Young Adult |                      30 |
|         894 |   33 | Male   | Backpack       | Accessories |              51 | Nebraska       | M    | Red       | Spring |           4.7 | Yes      | Express        | Yes              |                 14 | Venmo          | Monthly                | Adult       |                      30 |
|         895 |   44 | Male   | Hoodie         | Clothing    |              60 | Wyoming        | L    | Purple    | Spring |           3.8 | Yes      | Free Shipping  | Yes              |                  3 | Debit Card     | Quarterly              | Adult       |                      90 |
|         896 |   40 | Male   | Hat            | Accessories |              69 | Mississippi    | XL   | Olive     | Spring |           4.7 | Yes      | Next Day Air   | Yes              |                 33 | Debit Card     | Quarterly              | Adult       |                      90 |
|         897 |   69 | Male   | Jewelry        | Accessories |              29 | Arkansas       | M    | Lavender  | Spring |           4.7 | Yes      | Express        | Yes              |                 38 | Cash           | Fortnightly            | Senior      |                      14 |
|         898 |   29 | Male   | Shirt          | Clothing    |              91 | Illinois       | M    | Gray      | Spring |           3.4 | Yes      | Express        | Yes              |                 46 | Venmo          | Weekly                 | Young Adult |                       7 |
|         899 |   54 | Male   | Belt           | Accessories |              70 | Nevada         | L    | Red       | Spring |           3.5 | Yes      | 2-Day Shipping | Yes              |                 19 | Bank Transfer  | Every 3 Months         | Middle-Aged |                      90 |
|         900 |   65 | Male   | Sweater        | Clothing    |              58 | Rhode Island   | M    | Peach     | Summer |             4 | Yes      | Standard       | Yes              |                 20 | PayPal         | Annually               | Senior      |                     365 |
|         901 |   54 | Male   | Hat            | Accessories |              98 | West Virginia  | L    | Gray      | Fall   |           3.3 | Yes      | Free Shipping  | Yes              |                 42 | Bank Transfer  | Quarterly              | Middle-Aged |                      90 |
|         902 |   60 | Male   | Scarf          | Accessories |              68 | Missouri       | L    | Violet    | Summer |           4.7 | Yes      | 2-Day Shipping | Yes              |                 34 | Cash           | Monthly                | Senior      |                      30 |
|         903 |   43 | Male   | Hat            | Accessories |              44 | Kentucky       | M    | Beige     | Summer |           2.8 | Yes      | Next Day Air   | Yes              |                  5 | Cash           | Monthly                | Adult       |                      30 |
|         904 |   44 | Male   | Jacket         | Outerwear   |              45 | Washington     | M    | Blue      | Winter |           3.3 | Yes      | Express        | Yes              |                  3 | PayPal         | Quarterly              | Adult       |                      90 |
|         905 |   69 | Male   | T-shirt        | Clothing    |              99 | Alaska         | L    | Magenta   | Spring |           2.9 | Yes      | Free Shipping  | Yes              |                 46 | PayPal         | Every 3 Months         | Senior      |                      90 |
|         906 |   46 | Male   | Dress          | Clothing    |              68 | Mississippi    | S    | Cyan      | Spring |           2.8 | Yes      | Standard       | Yes              |                 16 | Venmo          | Annually               | Middle-Aged |                     365 |
|         907 |   41 | Male   | Pants          | Clothing    |              56 | South Carolina | M    | Red       | Spring |           4.2 | Yes      | Standard       | Yes              |                 21 | Debit Card     | Bi-Weekly              | Adult       |                      14 |
|         908 |   32 | Male   | Sweater        | Clothing    |              43 | Missouri       | L    | Cyan      | Winter |           4.4 | Yes      | Express        | Yes              |                 34 | Credit Card    | Bi-Weekly              | Adult       |                      14 |
|         909 |   26 | Male   | Sunglasses     | Accessories |              99 | New Jersey     | M    | Turquoise | Winter |           3.6 | Yes      | Free Shipping  | Yes              |                  9 | PayPal         | Every 3 Months         | Young Adult |                      90 |
|         910 |   61 | Male   | Belt           | Accessories |              56 | Louisiana      | L    | Silver    | Fall   |           2.7 | Yes      | Express        | Yes              |                 36 | PayPal         | Weekly                 | Senior      |                       7 |
|         911 |   49 | Male   | Hoodie         | Clothing    |              25 | South Carolina | S    | Pink      | Spring |           3.4 | Yes      | Express        | Yes              |                 22 | Credit Card    | Monthly                | Middle-Aged |                      30 |
|         912 |   53 | Male   | Pants          | Clothing    |              74 | Vermont        | M    | Black     | Winter |           2.8 | Yes      | 2-Day Shipping | Yes              |                  2 | Bank Transfer  | Quarterly              | Middle-Aged |                      90 |
|         913 |   24 | Male   | Hoodie         | Clothing    |              56 | Arkansas       | M    | Green     | Winter |           3.4 | Yes      | Next Day Air   | Yes              |                 32 | Bank Transfer  | Monthly                | Young Adult |                      30 |
|         914 |   37 | Male   | Sneakers       | Footwear    |              47 | Utah           | M    | Yellow    | Fall   |           2.6 | Yes      | Next Day Air   | Yes              |                 29 | Cash           | Every 3 Months         | Adult       |                      90 |
|         915 |   43 | Male   | Dress          | Clothing    |              67 | Washington     | L    | Purple    | Summer |           4.1 | Yes      | Standard       | Yes              |                 27 | Venmo          | Every 3 Months         | Adult       |                      90 |
|         916 |   31 | Male   | Dress          | Clothing    |              22 | Rhode Island   | L    | Purple    | Winter |           2.9 | Yes      | Store Pickup   | Yes              |                 33 | Credit Card    | Fortnightly            | Young Adult |                      14 |
|         917 |   49 | Male   | Jeans          | Clothing    |              34 | Illinois       | S    | Blue      | Spring |           2.7 | Yes      | Standard       | Yes              |                 16 | Venmo          | Monthly                | Middle-Aged |                      30 |
|         918 |   69 | Male   | Sweater        | Clothing    |              64 | Missouri       | M    | Maroon    | Spring |           3.7 | Yes      | Standard       | Yes              |                 11 | Bank Transfer  | Quarterly              | Senior      |                      90 |
|         919 |   65 | Male   | Shorts         | Clothing    |              42 | North Carolina | M    | Orange    | Spring |           4.3 | Yes      | 2-Day Shipping | Yes              |                 11 | Cash           | Fortnightly            | Senior      |                      14 |
|         920 |   41 | Male   | Shirt          | Clothing    |              82 | Massachusetts  | L    | Green     | Winter |           2.6 | Yes      | 2-Day Shipping | Yes              |                 17 | Debit Card     | Bi-Weekly              | Adult       |                      14 |
|         921 |   37 | Male   | Belt           | Accessories |              81 | Arkansas       | XL   | Gold      | Summer |           4.3 | Yes      | Free Shipping  | Yes              |                 37 | Cash           | Weekly                 | Adult       |                       7 |
|         922 |   70 | Male   | Coat           | Outerwear   |              24 | South Dakota   | L    | Silver    | Summer |           4.1 | Yes      | Express        | Yes              |                 18 | PayPal         | Weekly                 | Senior      |                       7 |
|         923 |   63 | Male   | Sneakers       | Footwear    |              60 | Georgia        | M    | Cyan      | Fall   |           4.2 | Yes      | Standard       | Yes              |                 13 | Credit Card    | Monthly                | Senior      |                      30 |
|         924 |   55 | Male   | Shirt          | Clothing    |              24 | Arkansas       | M    | Silver    | Spring |           4.2 | Yes      | 2-Day Shipping | Yes              |                  7 | PayPal         | Weekly                 | Middle-Aged |                       7 |
|         925 |   52 | Male   | Socks          | Clothing    |              78 | Kansas         | XL   | Beige     | Winter |           3.1 | Yes      | Standard       | Yes              |                 37 | Cash           | Quarterly              | Middle-Aged |                      90 |
|         926 |   22 | Male   | Jeans          | Clothing    |              88 | Arizona        | L    | Teal      | Winter |           4.9 | Yes      | Express        | Yes              |                  8 | Cash           | Monthly                | Young Adult |                      30 |
|         927 |   54 | Male   | Jeans          | Clothing    |              63 | Massachusetts  | XL   | Green     | Spring |           4.4 | Yes      | Express        | Yes              |                 11 | Cash           | Bi-Weekly              | Middle-Aged |                      14 |
|         928 |   28 | Male   | Sneakers       | Footwear    |              78 | New Mexico     | L    | Black     | Summer |           4.4 | Yes      | Standard       | Yes              |                  8 | Venmo          | Bi-Weekly              | Young Adult |                      14 |
|         929 |   67 | Male   | Dress          | Clothing    |              37 | Arkansas       | XL   | Yellow    | Winter |           3.4 | Yes      | Store Pickup   | Yes              |                 31 | Cash           | Every 3 Months         | Senior      |                      90 |
|         930 |   59 | Male   | Boots          | Footwear    |              94 | Nebraska       | M    | White     | Fall   |           4.5 | Yes      | 2-Day Shipping | Yes              |                 26 | Debit Card     | Fortnightly            | Senior      |                      14 |
|         931 |   26 | Male   | T-shirt        | Clothing    |              78 | Hawaii         | L    | Green     | Fall   |           4.5 | Yes      | Store Pickup   | Yes              |                 20 | Credit Card    | Bi-Weekly              | Young Adult |                      14 |
|         932 |   24 | Male   | Coat           | Outerwear   |              36 | Nebraska       | M    | Silver    | Winter |           4.1 | Yes      | Standard       | Yes              |                 24 | Bank Transfer  | Fortnightly            | Young Adult |                      14 |
|         933 |   62 | Male   | Skirt          | Clothing    |              24 | Indiana        | L    | Blue      | Winter |           3.2 | Yes      | Standard       | Yes              |                 45 | Debit Card     | Bi-Weekly              | Senior      |                      14 |
|         934 |   70 | Male   | Sneakers       | Footwear    |              84 | Colorado       | M    | Magenta   | Spring |           2.7 | Yes      | Store Pickup   | Yes              |                 33 | Debit Card     | Monthly                | Senior      |                      30 |
|         935 |   45 | Male   | Jeans          | Clothing    |              47 | Oregon         | S    | Yellow    | Spring |           3.7 | Yes      | Express        | Yes              |                 21 | Bank Transfer  | Monthly                | Middle-Aged |                      30 |
|         936 |   58 | Male   | Hoodie         | Clothing    |              51 | Ohio           | L    | White     | Fall   |           2.6 | Yes      | Store Pickup   | Yes              |                  2 | Bank Transfer  | Fortnightly            | Senior      |                      14 |
|         937 |   31 | Male   | Shoes          | Footwear    |              84 | Maine          | M    | Pink      | Summer |           2.7 | Yes      | Free Shipping  | Yes              |                 28 | Cash           | Weekly                 | Young Adult |                       7 |
|         938 |   32 | Male   | Shorts         | Clothing    |              24 | Iowa           | M    | Magenta   | Summer |           2.7 | Yes      | Express        | Yes              |                 18 | Venmo          | Quarterly              | Adult       |                      90 |
|         939 |   36 | Male   | Blouse         | Clothing    |              97 | Wisconsin      | S    | Teal      | Fall   |           4.8 | Yes      | Free Shipping  | Yes              |                 21 | Debit Card     | Fortnightly            | Adult       |                      14 |
|         940 |   25 | Male   | T-shirt        | Clothing    |              89 | New York       | L    | Indigo    | Winter |           4.8 | Yes      | Next Day Air   | Yes              |                 24 | Credit Card    | Monthly                | Young Adult |                      30 |
|         941 |   48 | Male   | Belt           | Accessories |              44 | Colorado       | S    | Maroon    | Spring |           2.6 | Yes      | Store Pickup   | Yes              |                 15 | PayPal         | Every 3 Months         | Middle-Aged |                      90 |
|         942 |   39 | Male   | Handbag        | Accessories |              35 | Illinois       | L    | Black     | Winter |           4.5 | Yes      | 2-Day Shipping | Yes              |                 38 | PayPal         | Every 3 Months         | Adult       |                      90 |
|         943 |   26 | Male   | Dress          | Clothing    |              91 | Arizona        | M    | Cyan      | Winter |           3.2 | Yes      | Express        | Yes              |                 38 | PayPal         | Bi-Weekly              | Young Adult |                      14 |
|         944 |   32 | Male   | Hat            | Accessories |              63 | Oklahoma       | L    | Cyan      | Winter |           3.8 | Yes      | Next Day Air   | Yes              |                 13 | Venmo          | Fortnightly            | Adult       |                      14 |
|         945 |   54 | Male   | Belt           | Accessories |              97 | Indiana        | S    | Gray      | Spring |           4.8 | Yes      | Express        | Yes              |                 39 | Cash           | Bi-Weekly              | Middle-Aged |                      14 |
|         946 |   38 | Male   | Boots          | Footwear    |              38 | Minnesota      | M    | Violet    | Summer |           4.1 | Yes      | Store Pickup   | Yes              |                  8 | Venmo          | Every 3 Months         | Adult       |                      90 |
|         947 |   46 | Male   | Coat           | Outerwear   |              24 | Pennsylvania   | XL   | Blue      | Spring |           2.8 | Yes      | Next Day Air   | Yes              |                  4 | PayPal         | Quarterly              | Middle-Aged |                      90 |
|         948 |   57 | Male   | Blouse         | Clothing    |              32 | Indiana        | M    | Charcoal  | Winter |           3.9 | Yes      | Store Pickup   | Yes              |                  6 | Cash           | Every 3 Months         | Middle-Aged |                      90 |
|         949 |   49 | Male   | Hat            | Accessories |              90 | Alabama        | L    | Olive     | Summer |           4.9 | Yes      | Express        | Yes              |                 11 | Venmo          | Every 3 Months         | Middle-Aged |                      90 |
|         950 |   33 | Male   | Jeans          | Clothing    |              36 | Montana        | M    | Olive     | Summer |           3.4 | Yes      | Standard       | Yes              |                 49 | Venmo          | Monthly                | Adult       |                      30 |
|         951 |   54 | Male   | Backpack       | Accessories |              37 | New Mexico     | XL   | Turquoise | Winter |           4.1 | Yes      | Free Shipping  | Yes              |                 30 | PayPal         | Quarterly              | Middle-Aged |                      90 |
|         952 |   47 | Male   | Dress          | Clothing    |              51 | Alaska         | M    | Cyan      | Summer |           2.9 | Yes      | Express        | Yes              |                 34 | Bank Transfer  | Monthly                | Middle-Aged |                      30 |
|         953 |   36 | Male   | Hat            | Accessories |              71 | Idaho          | S    | Red       | Fall   |           3.1 | Yes      | 2-Day Shipping | Yes              |                 28 | PayPal         | Monthly                | Adult       |                      30 |
|         954 |   68 | Male   | Sunglasses     | Accessories |              50 | Utah           | S    | Cyan      | Spring |           3.6 | Yes      | 2-Day Shipping | Yes              |                 36 | Venmo          | Quarterly              | Senior      |                      90 |
|         955 |   60 | Male   | Hat            | Accessories |              74 | Louisiana      | S    | Turquoise | Fall   |           3.5 | Yes      | Standard       | Yes              |                 18 | Credit Card    | Every 3 Months         | Senior      |                      90 |
|         956 |   55 | Male   | Dress          | Clothing    |              75 | Mississippi    | L    | Lavender  | Summer |           3.4 | Yes      | Free Shipping  | Yes              |                  4 | PayPal         | Monthly                | Middle-Aged |                      30 |
|         957 |   29 | Male   | Shirt          | Clothing    |              99 | Mississippi    | XL   | Cyan      | Spring |           2.9 | Yes      | 2-Day Shipping | Yes              |                 42 | Debit Card     | Quarterly              | Young Adult |                      90 |
|         958 |   38 | Male   | Scarf          | Accessories |              23 | Indiana        | XL   | Violet    | Spring |           4.7 | Yes      | Store Pickup   | Yes              |                 11 | Cash           | Quarterly              | Adult       |                      90 |
|         959 |   70 | Male   | Sneakers       | Footwear    |              53 | Washington     | XL   | Beige     | Winter |           4.4 | Yes      | Free Shipping  | Yes              |                 31 | Credit Card    | Bi-Weekly              | Senior      |                      14 |
|         960 |   36 | Male   | Skirt          | Clothing    |              99 | Nevada         | M    | Cyan      | Spring |           2.6 | Yes      | Standard       | Yes              |                 12 | Cash           | Fortnightly            | Adult       |                      14 |
|         961 |   18 | Male   | Jewelry        | Accessories |              48 | Louisiana      | XL   | Indigo    | Spring |           4.4 | Yes      | Standard       | Yes              |                 20 | Venmo          | Quarterly              | Young Adult |                      90 |
|         962 |   62 | Male   | Boots          | Footwear    |              72 | Pennsylvania   | L    | Olive     | Fall   |           3.7 | Yes      | Next Day Air   | Yes              |                 37 | Debit Card     | Quarterly              | Senior      |                      90 |
|         963 |   29 | Male   | Sunglasses     | Accessories |              64 | Michigan       | L    | Green     | Spring |           4.4 | Yes      | Standard       | Yes              |                 26 | Debit Card     | Fortnightly            | Young Adult |                      14 |
|         964 |   21 | Male   | Boots          | Footwear    |              63 | South Carolina | L    | Green     | Spring |           2.5 | Yes      | 2-Day Shipping | Yes              |                 14 | Credit Card    | Weekly                 | Young Adult |                       7 |
|         965 |   42 | Male   | Sandals        | Footwear    |              51 | Arizona        | M    | Beige     | Spring |           2.6 | Yes      | Next Day Air   | Yes              |                 12 | Venmo          | Bi-Weekly              | Adult       |                      14 |
|         966 |   43 | Male   | Boots          | Footwear    |              55 | Delaware       | L    | Black     | Spring |             5 | Yes      | Store Pickup   | Yes              |                 10 | Credit Card    | Annually               | Adult       |                     365 |
|         967 |   58 | Male   | Dress          | Clothing    |              55 | Kentucky       | M    | Brown     | Spring |           4.9 | Yes      | Express        | Yes              |                 19 | Cash           | Annually               | Senior      |                     365 |
|         968 |   27 | Male   | Hoodie         | Clothing    |              26 | Georgia        | S    | Silver    | Summer |           3.7 | Yes      | Store Pickup   | Yes              |                  4 | Cash           | Weekly                 | Young Adult |                       7 |
|         969 |   57 | Male   | Shorts         | Clothing    |              67 | North Carolina | L    | Gray      | Summer |           3.1 | Yes      | Next Day Air   | Yes              |                 48 | Bank Transfer  | Quarterly              | Middle-Aged |                      90 |
|         970 |   40 | Male   | Coat           | Outerwear   |              31 | California     | S    | Pink      | Fall   |           3.2 | Yes      | Express        | Yes              |                 37 | PayPal         | Monthly                | Adult       |                      30 |
|         971 |   45 | Male   | Jeans          | Clothing    |              66 | California     | S    | Maroon    | Winter |           4.4 | Yes      | Free Shipping  | Yes              |                  4 | Cash           | Monthly                | Middle-Aged |                      30 |
|         972 |   47 | Male   | Sunglasses     | Accessories |              67 | Indiana        | M    | Cyan      | Summer |           4.3 | Yes      | Next Day Air   | Yes              |                 15 | Credit Card    | Weekly                 | Middle-Aged |                       7 |
|         973 |   61 | Male   | Sneakers       | Footwear    |              61 | Colorado       | L    | Gold      | Winter |             3 | Yes      | Standard       | Yes              |                 33 | Credit Card    | Weekly                 | Senior      |                       7 |
|         974 |   60 | Male   | Jacket         | Outerwear   |              75 | Colorado       | M    | Teal      | Fall   |           3.5 | Yes      | 2-Day Shipping | Yes              |                 30 | Bank Transfer  | Quarterly              | Senior      |                      90 |
|         975 |   69 | Male   | Skirt          | Clothing    |              90 | North Carolina | M    | Beige     | Spring |           3.6 | Yes      | 2-Day Shipping | Yes              |                 23 | Bank Transfer  | Monthly                | Senior      |                      30 |
|         976 |   58 | Male   | Sweater        | Clothing    |              40 | Washington     | M    | Olive     | Summer |           3.8 | Yes      | 2-Day Shipping | Yes              |                  2 | Bank Transfer  | Weekly                 | Senior      |                       7 |
|         977 |   34 | Male   | T-shirt        | Clothing    |              90 | Florida        | M    | Gray      | Fall   |           3.6 | Yes      | Express        | Yes              |                 50 | Credit Card    | Every 3 Months         | Adult       |                      90 |
|         978 |   20 | Male   | Belt           | Accessories |              20 | Washington     | M    | Black     | Spring |           4.6 | Yes      | Express        | Yes              |                 34 | Cash           | Bi-Weekly              | Young Adult |                      14 |
|         979 |   56 | Male   | Gloves         | Accessories |              40 | Colorado       | M    | Turquoise | Summer |           2.5 | Yes      | Standard       | Yes              |                 33 | Credit Card    | Weekly                 | Middle-Aged |                       7 |
|         980 |   64 | Male   | Hat            | Accessories |              33 | New Hampshire  | S    | Brown     | Fall   |           3.5 | Yes      | Store Pickup   | Yes              |                 34 | Debit Card     | Monthly                | Senior      |                      30 |
|         981 |   56 | Male   | Boots          | Footwear    |              98 | Maryland       | S    | Magenta   | Spring |             4 | Yes      | Free Shipping  | Yes              |                 39 | PayPal         | Every 3 Months         | Middle-Aged |                      90 |
|         982 |   27 | Male   | Belt           | Accessories |              42 | Maryland       | M    | Silver    | Spring |           3.5 | Yes      | Next Day Air   | Yes              |                 47 | Credit Card    | Quarterly              | Young Adult |                      90 |
|         983 |   35 | Male   | Coat           | Outerwear   |              62 | Texas          | S    | Red       | Summer |           3.2 | Yes      | Standard       | Yes              |                 37 | PayPal         | Monthly                | Adult       |                      30 |
|         984 |   24 | Male   | Hat            | Accessories |              45 | New Mexico     | L    | Indigo    | Winter |           3.5 | Yes      | Free Shipping  | Yes              |                 40 | Venmo          | Bi-Weekly              | Young Adult |                      14 |
|         985 |   26 | Male   | Shoes          | Footwear    |              78 | Utah           | M    | Green     | Summer |           3.4 | Yes      | Free Shipping  | Yes              |                  8 | Credit Card    | Bi-Weekly              | Young Adult |                      14 |
|         986 |   32 | Male   | Handbag        | Accessories |              80 | West Virginia  | M    | Gray      | Fall   |             5 | Yes      | Express        | Yes              |                 12 | Bank Transfer  | Annually               | Adult       |                     365 |
|         987 |   54 | Male   | Scarf          | Accessories |              96 | Connecticut    | S    | Peach     | Spring |           4.5 | Yes      | Store Pickup   | Yes              |                 36 | Bank Transfer  | Monthly                | Middle-Aged |                      30 |
|         988 |   62 | Male   | Handbag        | Accessories |              47 | West Virginia  | M    | Charcoal  | Summer |           2.8 | Yes      | Express        | Yes              |                 48 | PayPal         | Weekly                 | Senior      |                       7 |
|         989 |   50 | Male   | Pants          | Clothing    |              84 | Ohio           | M    | Orange    | Winter |           4.9 | Yes      | 2-Day Shipping | Yes              |                 47 | PayPal         | Fortnightly            | Middle-Aged |                      14 |
|         990 |   70 | Male   | Shoes          | Footwear    |              31 | Texas          | M    | Beige     | Spring |           3.1 | Yes      | Store Pickup   | Yes              |                  2 | Bank Transfer  | Monthly                | Senior      |                      30 |
|         991 |   48 | Male   | Sunglasses     | Accessories |              63 | Washington     | S    | Yellow    | Spring |           4.8 | Yes      | Store Pickup   | Yes              |                 24 | Cash           | Weekly                 | Middle-Aged |                       7 |
|         992 |   20 | Male   | Shorts         | Clothing    |              97 | Wisconsin      | XL   | White     | Spring |           2.7 | Yes      | Standard       | Yes              |                 40 | Bank Transfer  | Bi-Weekly              | Young Adult |                      14 |
|         993 |   46 | Male   | Jacket         | Outerwear   |              99 | Louisiana      | M    | Gray      | Winter |           4.6 | Yes      | Express        | Yes              |                 50 | Debit Card     | Weekly                 | Middle-Aged |                       7 |
|         994 |   51 | Male   | Sandals        | Footwear    |              90 | Iowa           | M    | Peach     | Winter |           4.4 | Yes      | Store Pickup   | Yes              |                 25 | Cash           | Weekly                 | Middle-Aged |                       7 |
|         995 |   53 | Male   | Shoes          | Footwear    |              68 | New York       | L    | Violet    | Fall   |           3.2 | Yes      | Express        | Yes              |                 20 | Debit Card     | Monthly                | Middle-Aged |                      30 |
|         996 |   44 | Male   | Jewelry        | Accessories |              80 | Idaho          | M    | Magenta   | Spring |             3 | Yes      | 2-Day Shipping | Yes              |                 10 | Venmo          | Weekly                 | Adult       |                       7 |
|         997 |   29 | Male   | Sandals        | Footwear    |              91 | Delaware       | L    | Maroon    | Summer |           4.9 | Yes      | Standard       | Yes              |                 32 | Bank Transfer  | Quarterly              | Young Adult |                      90 |
|         998 |   64 | Male   | Pants          | Clothing    |              30 | Kentucky       | M    | Cyan      | Spring |           3.6 | Yes      | Express        | Yes              |                 31 | Cash           | Fortnightly            | Senior      |                      14 |
|         999 |   51 | Male   | Shoes          | Footwear    |              90 | Connecticut    | M    | White     | Spring |           3.8 | Yes      | Next Day Air   | Yes              |                 48 | Bank Transfer  | Bi-Weekly              | Middle-Aged |                      14 |
|        1000 |   50 | Male   | Socks          | Clothing    |              28 | New Mexico     | L    | Brown     | Spring |           2.9 | Yes      | Standard       | Yes              |                 23 | Debit Card     | Monthly                | Middle-Aged |                      30 |
|        1001 |   43 | Male   | Socks          | Clothing    |              46 | Georgia        | M    | Red       | Winter |           3.9 | Yes      | Express        | Yes              |                  1 | Bank Transfer  | Bi-Weekly              | Adult       |                      14 |
|        1002 |   61 | Male   | Dress          | Clothing    |              60 | Washington     | M    | Orange    | Fall   |           3.6 | Yes      | Standard       | Yes              |                  4 | Debit Card     | Fortnightly            | Senior      |                      14 |
|        1003 |   55 | Male   | Shoes          | Footwear    |              59 | North Dakota   | M    | White     | Spring |           3.5 | Yes      | Store Pickup   | Yes              |                  3 | Bank Transfer  | Bi-Weekly              | Middle-Aged |                      14 |
|        1004 |   56 | Male   | Hat            | Accessories |              68 | Ohio           | M    | Green     | Fall   |             4 | Yes      | Store Pickup   | Yes              |                  3 | Cash           | Bi-Weekly              | Middle-Aged |                      14 |
|        1005 |   33 | Male   | Backpack       | Accessories |              79 | Tennessee      | M    | Black     | Summer |           4.8 | Yes      | 2-Day Shipping | Yes              |                 44 | Cash           | Annually               | Adult       |                     365 |
|        1006 |   43 | Male   | Backpack       | Accessories |              94 | New York       | M    | Gold      | Winter |           3.9 | Yes      | Store Pickup   | Yes              |                  5 | Debit Card     | Bi-Weekly              | Adult       |                      14 |
|        1007 |   21 | Male   | Pants          | Clothing    |              83 | Michigan       | S    | Lavender  | Summer |           4.5 | Yes      | Next Day Air   | Yes              |                 50 | Venmo          | Quarterly              | Young Adult |                      90 |
|        1008 |   58 | Male   | Gloves         | Accessories |              62 | Georgia        | XL   | Turquoise | Spring |           4.8 | Yes      | Standard       | Yes              |                  2 | Credit Card    | Annually               | Senior      |                     365 |
|        1009 |   41 | Male   | Scarf          | Accessories |              85 | New Mexico     | M    | Pink      | Spring |           2.6 | Yes      | Store Pickup   | Yes              |                 29 | PayPal         | Annually               | Adult       |                     365 |
|        1010 |   39 | Male   | Hoodie         | Clothing    |              30 | Louisiana      | M    | Silver    | Summer |           3.1 | Yes      | Express        | Yes              |                 11 | Venmo          | Annually               | Adult       |                     365 |
|        1011 |   54 | Male   | Jeans          | Clothing    |              24 | South Dakota   | XL   | Gray      | Spring |           4.7 | Yes      | 2-Day Shipping | Yes              |                 37 | Credit Card    | Fortnightly            | Middle-Aged |                      14 |
|        1012 |   43 | Male   | Backpack       | Accessories |              25 | Montana        | L    | Indigo    | Spring |           2.9 | Yes      | Next Day Air   | Yes              |                 32 | Debit Card     | Fortnightly            | Adult       |                      14 |
|        1013 |   28 | Male   | Sandals        | Footwear    |              37 | New Mexico     | L    | Teal      | Summer |           3.8 | Yes      | Express        | Yes              |                 27 | Credit Card    | Annually               | Young Adult |                     365 |
|        1014 |   59 | Male   | Belt           | Accessories |              69 | South Carolina | XL   | Green     | Summer |           3.8 | Yes      | 2-Day Shipping | Yes              |                 31 | Venmo          | Bi-Weekly              | Senior      |                      14 |
|        1015 |   28 | Male   | Shoes          | Footwear    |              97 | Ohio           | M    | Violet    | Summer |             3 | Yes      | Standard       | Yes              |                 36 | Debit Card     | Fortnightly            | Young Adult |                      14 |
|        1016 |   68 | Male   | Gloves         | Accessories |              24 | North Carolina | M    | Cyan      | Summer |           4.1 | Yes      | Standard       | Yes              |                 34 | Cash           | Weekly                 | Senior      |                       7 |
|        1017 |   20 | Male   | Belt           | Accessories |              30 | Idaho          | XL   | Blue      | Summer |           3.4 | Yes      | Express        | Yes              |                 15 | Bank Transfer  | Every 3 Months         | Young Adult |                      90 |
|        1018 |   21 | Male   | Jacket         | Outerwear   |              53 | Oklahoma       | L    | Orange    | Fall   |           2.5 | Yes      | Express        | Yes              |                 14 | Credit Card    | Annually               | Young Adult |                     365 |
|        1019 |   50 | Male   | Dress          | Clothing    |              70 | Georgia        | XL   | Charcoal  | Spring |           4.9 | Yes      | Next Day Air   | Yes              |                 46 | Cash           | Weekly                 | Middle-Aged |                       7 |
|        1020 |   32 | Male   | Shirt          | Clothing    |              76 | Kentucky       | S    | Beige     | Winter |           2.8 | Yes      | Standard       | Yes              |                 33 | Venmo          | Bi-Weekly              | Adult       |                      14 |
|        1021 |   24 | Male   | Scarf          | Accessories |              95 | Delaware       | M    | Black     | Fall   |           4.5 | Yes      | Express        | Yes              |                 41 | Debit Card     | Annually               | Young Adult |                     365 |
|        1022 |   55 | Male   | Coat           | Outerwear   |              51 | Massachusetts  | S    | Lavender  | Winter |           4.9 | Yes      | 2-Day Shipping | Yes              |                 39 | PayPal         | Weekly                 | Middle-Aged |                       7 |
|        1023 |   61 | Male   | Handbag        | Accessories |              41 | Nebraska       | M    | Lavender  | Winter |           4.9 | Yes      | Store Pickup   | Yes              |                  7 | Cash           | Annually               | Senior      |                     365 |
|        1024 |   61 | Male   | Sunglasses     | Accessories |              71 | Maine          | S    | Turquoise | Winter |           3.5 | Yes      | Free Shipping  | Yes              |                 29 | Bank Transfer  | Every 3 Months         | Senior      |                      90 |
|        1025 |   28 | Male   | T-shirt        | Clothing    |              66 | Pennsylvania   | M    | Purple    | Summer |           3.5 | Yes      | Free Shipping  | Yes              |                 18 | Venmo          | Quarterly              | Young Adult |                      90 |
|        1026 |   60 | Male   | Shirt          | Clothing    |              84 | Nebraska       | M    | Olive     | Winter |           4.9 | Yes      | Free Shipping  | Yes              |                 15 | Credit Card    | Annually               | Senior      |                     365 |
|        1027 |   49 | Male   | Handbag        | Accessories |              95 | Virginia       | L    | Turquoise | Winter |             3 | Yes      | Express        | Yes              |                 39 | PayPal         | Bi-Weekly              | Middle-Aged |                      14 |
|        1028 |   33 | Male   | Jewelry        | Accessories |              90 | Ohio           | L    | Teal      | Summer |           2.8 | Yes      | Next Day Air   | Yes              |                 11 | Cash           | Monthly                | Adult       |                      30 |
|        1029 |   45 | Male   | Hoodie         | Clothing    |              36 | Nebraska       | S    | Lavender  | Summer |           3.7 | Yes      | Standard       | Yes              |                  4 | Cash           | Fortnightly            | Middle-Aged |                      14 |
|        1030 |   29 | Male   | Gloves         | Accessories |              22 | Ohio           | M    | Purple    | Spring |           3.6 | Yes      | 2-Day Shipping | Yes              |                 33 | Venmo          | Bi-Weekly              | Young Adult |                      14 |
|        1031 |   58 | Male   | Coat           | Outerwear   |              89 | Kentucky       | L    | Blue      | Winter |           3.3 | Yes      | Next Day Air   | Yes              |                 37 | Debit Card     | Quarterly              | Senior      |                      90 |
|        1032 |   22 | Male   | Sandals        | Footwear    |              50 | Tennessee      | M    | Teal      | Spring |           3.4 | Yes      | Free Shipping  | Yes              |                 32 | Cash           | Quarterly              | Young Adult |                      90 |
|        1033 |   55 | Male   | Boots          | Footwear    |              36 | Maine          | M    | Lavender  | Fall   |             4 | Yes      | Free Shipping  | Yes              |                 44 | Credit Card    | Quarterly              | Middle-Aged |                      90 |
|        1034 |   19 | Male   | Pants          | Clothing    |              52 | Montana        | S    | Silver    | Spring |           4.6 | Yes      | Free Shipping  | Yes              |                 41 | Bank Transfer  | Quarterly              | Young Adult |                      90 |
|        1035 |   68 | Male   | Socks          | Clothing    |              29 | Maryland       | M    | Olive     | Fall   |           4.2 | Yes      | Next Day Air   | Yes              |                 44 | Bank Transfer  | Weekly                 | Senior      |                       7 |
|        1036 |   61 | Male   | Blouse         | Clothing    |              89 | Georgia        | M    | Brown     | Fall   |           2.8 | Yes      | Express        | Yes              |                 32 | Venmo          | Annually               | Senior      |                     365 |
|        1037 |   68 | Male   | Handbag        | Accessories |              47 | Hawaii         | M    | Yellow    | Fall   |           3.7 | Yes      | 2-Day Shipping | Yes              |                 13 | Bank Transfer  | Monthly                | Senior      |                      30 |
|        1038 |   52 | Male   | Jewelry        | Accessories |              25 | Rhode Island   | XL   | Brown     | Spring |           3.4 | Yes      | Standard       | Yes              |                 48 | Debit Card     | Quarterly              | Middle-Aged |                      90 |
|        1039 |   41 | Male   | Pants          | Clothing    |              74 | Nebraska       | XL   | Cyan      | Fall   |             3 | Yes      | Express        | Yes              |                  3 | Bank Transfer  | Weekly                 | Adult       |                       7 |
|        1040 |   29 | Male   | Belt           | Accessories |              46 | Michigan       | M    | Magenta   | Fall   |           4.8 | Yes      | Standard       | Yes              |                 39 | Venmo          | Monthly                | Young Adult |                      30 |
|        1041 |   68 | Male   | Jeans          | Clothing    |              22 | North Carolina | S    | Magenta   | Fall   |             4 | Yes      | Next Day Air   | Yes              |                  7 | Cash           | Fortnightly            | Senior      |                      14 |
|        1042 |   36 | Male   | Shirt          | Clothing    |              25 | Minnesota      | M    | Orange    | Summer |           4.9 | Yes      | Next Day Air   | Yes              |                 11 | Cash           | Fortnightly            | Adult       |                      14 |
|        1043 |   55 | Male   | Belt           | Accessories |              80 | Maryland       | M    | Maroon    | Spring |           4.9 | Yes      | Next Day Air   | Yes              |                 47 | Credit Card    | Weekly                 | Middle-Aged |                       7 |
|        1044 |   28 | Male   | Jeans          | Clothing    |              76 | Hawaii         | M    | Green     | Spring |           3.3 | Yes      | 2-Day Shipping | Yes              |                 28 | Debit Card     | Fortnightly            | Young Adult |                      14 |
|        1045 |   39 | Male   | Jeans          | Clothing    |              30 | Oregon         | L    | Teal      | Summer |           4.4 | Yes      | Next Day Air   | Yes              |                 17 | Bank Transfer  | Every 3 Months         | Adult       |                      90 |
|        1046 |   54 | Male   | Sweater        | Clothing    |              79 | New Mexico     | L    | Black     | Fall   |           3.5 | Yes      | 2-Day Shipping | Yes              |                 11 | PayPal         | Bi-Weekly              | Middle-Aged |                      14 |
|        1047 |   40 | Male   | Sneakers       | Footwear    |              22 | Illinois       | M    | Magenta   | Winter |           4.2 | Yes      | Standard       | Yes              |                 12 | Venmo          | Annually               | Adult       |                     365 |
|        1048 |   31 | Male   | Socks          | Clothing    |              36 | Utah           | S    | Olive     | Fall   |           4.2 | Yes      | Standard       | Yes              |                  7 | Credit Card    | Fortnightly            | Young Adult |                      14 |
|        1049 |   30 | Male   | Socks          | Clothing    |              77 | Maine          | L    | Yellow    | Fall   |           2.7 | Yes      | Standard       | Yes              |                 19 | Venmo          | Fortnightly            | Young Adult |                      14 |
|        1050 |   45 | Male   | Sunglasses     | Accessories |              33 | Virginia       | S    | Purple    | Fall   |           2.8 | Yes      | Store Pickup   | Yes              |                 24 | Cash           | Quarterly              | Middle-Aged |                      90 |
|        1051 |   48 | Male   | Sneakers       | Footwear    |              64 | Florida        | M    | Beige     | Winter |           3.8 | Yes      | Next Day Air   | Yes              |                 19 | Venmo          | Monthly                | Middle-Aged |                      30 |
|        1052 |   45 | Male   | Socks          | Clothing    |              53 | Ohio           | M    | Indigo    | Fall   |           2.6 | Yes      | Free Shipping  | Yes              |                 39 | PayPal         | Annually               | Middle-Aged |                     365 |
|        1053 |   60 | Male   | Shoes          | Footwear    |              36 | Virginia       | XL   | Pink      | Fall   |             3 | Yes      | 2-Day Shipping | Yes              |                  1 | Credit Card    | Fortnightly            | Senior      |                      14 |
|        1054 |   59 | Male   | Blouse         | Clothing    |              70 | Kansas         | M    | Blue      | Spring |           3.3 | No      | 2-Day Shipping | Yes              |                 10 | Debit Card     | Bi-Weekly              | Senior      |                      14 |
|        1055 |   18 | Male   | Shorts         | Clothing    |              96 | Arkansas       | L    | Cyan      | Winter |           4.9 | No      | Express        | Yes              |                 48 | PayPal         | Quarterly              | Young Adult |                      90 |
|        1056 |   70 | Male   | Jacket         | Outerwear   |              27 | Massachusetts  | M    | Orange    | Spring |           3.3 | No      | Next Day Air   | Yes              |                 24 | Debit Card     | Annually               | Senior      |                     365 |
|        1057 |   20 | Male   | Sweater        | Clothing    |              64 | Idaho          | L    | Black     | Winter |           2.9 | No      | 2-Day Shipping | Yes              |                 42 | Venmo          | Fortnightly            | Young Adult |                      14 |
|        1058 |   65 | Male   | Jacket         | Outerwear   |              23 | Wisconsin      | S    | Maroon    | Spring |           4.4 | No      | 2-Day Shipping | Yes              |                 20 | Credit Card    | Weekly                 | Senior      |                       7 |
|        1059 |   29 | Male   | Scarf          | Accessories |              33 | New Mexico     | L    | Violet    | Summer |           3.1 | No      | Next Day Air   | Yes              |                 49 | Bank Transfer  | Every 3 Months         | Young Adult |                      90 |
|        1060 |   22 | Male   | Jacket         | Outerwear   |              34 | North Carolina | M    | Beige     | Winter |           2.5 | No      | Standard       | Yes              |                 25 | Debit Card     | Monthly                | Young Adult |                      30 |
|        1061 |   27 | Male   | Sweater        | Clothing    |              35 | Iowa           | S    | Gray      | Summer |           2.6 | No      | Next Day Air   | Yes              |                 21 | Debit Card     | Every 3 Months         | Young Adult |                      90 |
|        1062 |   36 | Male   | Coat           | Outerwear   |              62 | Idaho          | M    | Gray      | Summer |           4.4 | No      | Free Shipping  | Yes              |                 12 | Venmo          | Every 3 Months         | Adult       |                      90 |
|        1063 |   59 | Male   | Boots          | Footwear    |              75 | Ohio           | M    | Brown     | Fall   |           2.6 | No      | Next Day Air   | Yes              |                 21 | Debit Card     | Every 3 Months         | Senior      |                      90 |
|        1064 |   62 | Male   | Hoodie         | Clothing    |              29 | Alabama        | S    | Indigo    | Summer |           3.3 | No      | Free Shipping  | Yes              |                 35 | Cash           | Monthly                | Senior      |                      30 |
|        1065 |   34 | Male   | Hat            | Accessories |              28 | Wyoming        | M    | Violet    | Spring |           3.5 | No      | Express        | Yes              |                 42 | Credit Card    | Every 3 Months         | Adult       |                      90 |
|        1066 |   59 | Male   | T-shirt        | Clothing    |              20 | Alabama        | XL   | Blue      | Spring |           4.1 | No      | Store Pickup   | Yes              |                  3 | PayPal         | Every 3 Months         | Senior      |                      90 |
|        1067 |   49 | Male   | Coat           | Outerwear   |              96 | Mississippi    | M    | Red       | Winter |             4 | No      | Store Pickup   | Yes              |                 11 | PayPal         | Bi-Weekly              | Middle-Aged |                      14 |
|        1068 |   18 | Male   | Dress          | Clothing    |              43 | Pennsylvania   | S    | Peach     | Summer |           2.7 | No      | 2-Day Shipping | Yes              |                 22 | PayPal         | Quarterly              | Young Adult |                      90 |
|        1069 |   55 | Male   | Shirt          | Clothing    |              94 | Wyoming        | M    | Olive     | Fall   |           2.5 | No      | Standard       | Yes              |                 47 | Credit Card    | Weekly                 | Middle-Aged |                       7 |
|        1070 |   38 | Male   | Skirt          | Clothing    |              81 | Maryland       | XL   | White     | Fall   |           4.3 | No      | Next Day Air   | Yes              |                 33 | Venmo          | Every 3 Months         | Adult       |                      90 |
|        1071 |   50 | Male   | Jewelry        | Accessories |              75 | North Carolina | M    | Magenta   | Summer |           3.3 | No      | Free Shipping  | Yes              |                 50 | Debit Card     | Weekly                 | Middle-Aged |                       7 |
|        1072 |   61 | Male   | Hat            | Accessories |              81 | Pennsylvania   | M    | Beige     | Summer |           2.6 | No      | Express        | Yes              |                 46 | Credit Card    | Monthly                | Senior      |                      30 |
|        1073 |   48 | Male   | Shorts         | Clothing    |              92 | Idaho          | L    | Gold      | Fall   |           3.5 | No      | Express        | Yes              |                 34 | Debit Card     | Fortnightly            | Middle-Aged |                      14 |
|        1074 |   22 | Male   | Scarf          | Accessories |              96 | California     | XL   | Purple    | Spring |             4 | No      | Store Pickup   | Yes              |                 33 | Credit Card    | Monthly                | Young Adult |                      30 |
|        1075 |   48 | Male   | Jewelry        | Accessories |              71 | Tennessee      | S    | White     | Fall   |           2.6 | No      | Standard       | Yes              |                 45 | Bank Transfer  | Fortnightly            | Middle-Aged |                      14 |
|        1076 |   57 | Male   | Sunglasses     | Accessories |              50 | Missouri       | L    | Indigo    | Summer |           4.9 | No      | Next Day Air   | Yes              |                 32 | Debit Card     | Bi-Weekly              | Middle-Aged |                      14 |
|        1077 |   33 | Male   | Coat           | Outerwear   |              72 | North Dakota   | L    | Charcoal  | Spring |           2.9 | No      | Standard       | Yes              |                 47 | Venmo          | Bi-Weekly              | Adult       |                      14 |
|        1078 |   58 | Male   | Jacket         | Outerwear   |              28 | West Virginia  | M    | Pink      | Winter |           3.7 | No      | Standard       | Yes              |                  5 | PayPal         | Quarterly              | Senior      |                      90 |
|        1079 |   37 | Male   | Sweater        | Clothing    |              59 | Arizona        | M    | Silver    | Fall   |           4.4 | No      | Express        | Yes              |                 49 | Credit Card    | Fortnightly            | Adult       |                      14 |
|        1080 |   18 | Male   | Coat           | Outerwear   |              33 | Oklahoma       | S    | Blue      | Summer |           4.4 | No      | Free Shipping  | Yes              |                 48 | Bank Transfer  | Monthly                | Young Adult |                      30 |
|        1081 |   65 | Male   | Scarf          | Accessories |              59 | Pennsylvania   | L    | Blue      | Fall   |           3.8 | No      | Express        | Yes              |                 22 | Cash           | Every 3 Months         | Senior      |                      90 |
|        1082 |   62 | Male   | Belt           | Accessories |              30 | Idaho          | XL   | Brown     | Spring |           4.5 | No      | Standard       | Yes              |                 45 | Credit Card    | Annually               | Senior      |                     365 |
|        1083 |   54 | Male   | Hat            | Accessories |              85 | South Carolina | XL   | Cyan      | Winter |           2.6 | No      | Next Day Air   | Yes              |                 30 | Venmo          | Quarterly              | Middle-Aged |                      90 |
|        1084 |   35 | Male   | Backpack       | Accessories |              97 | Washington     | L    | Teal      | Summer |           3.3 | No      | Store Pickup   | Yes              |                 43 | Cash           | Weekly                 | Adult       |                       7 |
|        1085 |   34 | Male   | T-shirt        | Clothing    |              36 | Arkansas       | S    | Purple    | Fall   |           4.1 | No      | Next Day Air   | Yes              |                 48 | Cash           | Quarterly              | Adult       |                      90 |
|        1086 |   25 | Male   | Jewelry        | Accessories |              85 | Utah           | M    | Turquoise | Winter |             3 | No      | Store Pickup   | Yes              |                 23 | Venmo          | Fortnightly            | Young Adult |                      14 |
|        1087 |   53 | Male   | Sunglasses     | Accessories |              62 | Alaska         | M    | Olive     | Winter |             3 | No      | Free Shipping  | Yes              |                 27 | PayPal         | Bi-Weekly              | Middle-Aged |                      14 |
|        1088 |   45 | Male   | Jeans          | Clothing    |              71 | West Virginia  | S    | White     | Winter |           3.4 | No      | Next Day Air   | Yes              |                  7 | Bank Transfer  | Monthly                | Middle-Aged |                      30 |
|        1089 |   49 | Male   | Pants          | Clothing    |              21 | Louisiana      | M    | Turquoise | Winter |           2.7 | No      | Free Shipping  | Yes              |                  2 | PayPal         | Weekly                 | Middle-Aged |                       7 |
|        1090 |   40 | Male   | Backpack       | Accessories |              61 | Arizona        | M    | Silver    | Spring |           3.8 | No      | Next Day Air   | Yes              |                 33 | PayPal         | Bi-Weekly              | Adult       |                      14 |
|        1091 |   38 | Male   | Scarf          | Accessories |              58 | Connecticut    | M    | Violet    | Spring |           4.2 | No      | Store Pickup   | Yes              |                 27 | Cash           | Fortnightly            | Adult       |                      14 |
|        1092 |   44 | Male   | Sweater        | Clothing    |              80 | North Carolina | L    | Lavender  | Spring |           4.7 | No      | Store Pickup   | Yes              |                  6 | Credit Card    | Fortnightly            | Adult       |                      14 |
|        1093 |   68 | Male   | Jewelry        | Accessories |              50 | South Dakota   | L    | Magenta   | Spring |           4.1 | No      | 2-Day Shipping | Yes              |                 20 | Venmo          | Quarterly              | Senior      |                      90 |
|        1094 |   60 | Male   | Sneakers       | Footwear    |              48 | Delaware       | S    | Indigo    | Winter |           4.2 | No      | 2-Day Shipping | Yes              |                 46 | Venmo          | Every 3 Months         | Senior      |                      90 |
|        1095 |   25 | Male   | Jewelry        | Accessories |              40 | Connecticut    | M    | Black     | Winter |           4.8 | No      | Next Day Air   | Yes              |                 25 | Cash           | Quarterly              | Young Adult |                      90 |
|        1096 |   19 | Male   | Coat           | Outerwear   |              34 | Tennessee      | S    | Peach     | Summer |             3 | No      | Free Shipping  | Yes              |                 30 | Bank Transfer  | Quarterly              | Young Adult |                      90 |
|        1097 |   57 | Male   | Coat           | Outerwear   |              46 | New Hampshire  | S    | Beige     | Fall   |           2.6 | No      | Standard       | Yes              |                 48 | Credit Card    | Annually               | Middle-Aged |                     365 |
|        1098 |   58 | Male   | Sunglasses     | Accessories |              27 | Vermont        | M    | Black     | Summer |           3.2 | No      | Store Pickup   | Yes              |                 47 | Bank Transfer  | Weekly                 | Senior      |                       7 |
|        1099 |   49 | Male   | Handbag        | Accessories |              98 | Idaho          | S    | Turquoise | Spring |           3.6 | No      | Next Day Air   | Yes              |                 27 | Credit Card    | Weekly                 | Middle-Aged |                       7 |
|        1100 |   19 | Male   | Sweater        | Clothing    |              73 | North Carolina | M    | Peach     | Fall   |           2.6 | No      | Next Day Air   | Yes              |                 45 | Bank Transfer  | Fortnightly            | Young Adult |                      14 |
|        1101 |   50 | Male   | Pants          | Clothing    |              28 | Nevada         | L    | Gold      | Spring |           4.4 | No      | Express        | Yes              |                  2 | Credit Card    | Weekly                 | Middle-Aged |                       7 |
|        1102 |   30 | Male   | Gloves         | Accessories |              76 | Delaware       | XL   | Silver    | Fall   |             3 | No      | Free Shipping  | Yes              |                 39 | Cash           | Fortnightly            | Young Adult |                      14 |
|        1103 |   52 | Male   | Sweater        | Clothing    |              83 | Texas          | M    | Peach     | Fall   |           2.9 | No      | Express        | Yes              |                 24 | Cash           | Fortnightly            | Middle-Aged |                      14 |
|        1104 |   35 | Male   | Hoodie         | Clothing    |              23 | Tennessee      | S    | Charcoal  | Spring |           4.3 | No      | Free Shipping  | Yes              |                  8 | Debit Card     | Bi-Weekly              | Adult       |                      14 |
|        1105 |   35 | Male   | Hat            | Accessories |              28 | Delaware       | M    | Beige     | Fall   |           3.1 | No      | Express        | Yes              |                  8 | Bank Transfer  | Quarterly              | Adult       |                      90 |
|        1106 |   33 | Male   | T-shirt        | Clothing    |              83 | Massachusetts  | S    | Olive     | Spring |             3 | No      | Next Day Air   | Yes              |                  6 | Venmo          | Every 3 Months         | Adult       |                      90 |
|        1107 |   52 | Male   | Skirt          | Clothing    |              96 | Minnesota      | L    | Violet    | Winter |           3.6 | No      | Store Pickup   | Yes              |                 12 | Venmo          | Fortnightly            | Middle-Aged |                      14 |
|        1108 |   69 | Male   | Sneakers       | Footwear    |              62 | Texas          | M    | Peach     | Fall   |           2.8 | No      | Store Pickup   | Yes              |                 26 | Bank Transfer  | Weekly                 | Senior      |                       7 |
|        1109 |   27 | Male   | Shorts         | Clothing    |              25 | Nebraska       | M    | Teal      | Fall   |           2.8 | No      | Standard       | Yes              |                 50 | Cash           | Fortnightly            | Young Adult |                      14 |
|        1110 |   66 | Male   | Hoodie         | Clothing    |              97 | Oklahoma       | L    | Violet    | Winter |           4.9 | No      | Next Day Air   | Yes              |                  2 | Venmo          | Weekly                 | Senior      |                       7 |
|        1111 |   28 | Male   | Hoodie         | Clothing    |              61 | Texas          | L    | Cyan      | Fall   |             3 | No      | Standard       | Yes              |                 31 | Cash           | Bi-Weekly              | Young Adult |                      14 |
|        1112 |   22 | Male   | Shoes          | Footwear    |              66 | New York       | S    | Olive     | Summer |           4.1 | No      | Next Day Air   | Yes              |                  4 | Credit Card    | Bi-Weekly              | Young Adult |                      14 |
|        1113 |   69 | Male   | Hoodie         | Clothing    |              67 | Washington     | XL   | Pink      | Spring |           4.6 | No      | Free Shipping  | Yes              |                 32 | PayPal         | Quarterly              | Senior      |                      90 |
|        1114 |   28 | Male   | Sunglasses     | Accessories |              80 | Maryland       | M    | Purple    | Summer |           4.8 | No      | Next Day Air   | Yes              |                 11 | PayPal         | Bi-Weekly              | Young Adult |                      14 |
|        1115 |   55 | Male   | Skirt          | Clothing    |              25 | New Hampshire  | L    | Violet    | Fall   |           2.6 | No      | Next Day Air   | Yes              |                 47 | Bank Transfer  | Every 3 Months         | Middle-Aged |                      90 |
|        1116 |   30 | Male   | Hat            | Accessories |              58 | New York       | S    | Peach     | Fall   |             4 | No      | 2-Day Shipping | Yes              |                 37 | Cash           | Weekly                 | Young Adult |                       7 |
|        1117 |   67 | Male   | Backpack       | Accessories |              96 | Hawaii         | M    | Charcoal  | Winter |           4.2 | No      | Express        | Yes              |                 39 | PayPal         | Fortnightly            | Senior      |                      14 |
|        1118 |   25 | Male   | Sunglasses     | Accessories |              77 | California     | L    | Lavender  | Spring |           4.5 | No      | Store Pickup   | Yes              |                 24 | Credit Card    | Monthly                | Young Adult |                      30 |
|        1119 |   49 | Male   | Belt           | Accessories |              65 | Indiana        | M    | Purple    | Summer |           4.9 | No      | Standard       | Yes              |                 11 | PayPal         | Every 3 Months         | Middle-Aged |                      90 |
|        1120 |   34 | Male   | Jewelry        | Accessories |              36 | Louisiana      | M    | Indigo    | Spring |           3.1 | No      | Standard       | Yes              |                 36 | Credit Card    | Weekly                 | Adult       |                       7 |
|        1121 |   22 | Male   | Sneakers       | Footwear    |              84 | Pennsylvania   | M    | Magenta   | Winter |             4 | No      | Next Day Air   | Yes              |                 40 | Debit Card     | Monthly                | Young Adult |                      30 |
|        1122 |   63 | Male   | T-shirt        | Clothing    |              58 | Florida        | XL   | Peach     | Fall   |           3.2 | No      | Express        | Yes              |                 25 | Cash           | Quarterly              | Senior      |                      90 |
|        1123 |   70 | Male   | Handbag        | Accessories |              62 | North Carolina | S    | Charcoal  | Spring |           4.3 | No      | 2-Day Shipping | Yes              |                 12 | Credit Card    | Annually               | Senior      |                     365 |
|        1124 |   36 | Male   | Hat            | Accessories |              67 | Massachusetts  | S    | Purple    | Fall   |           2.5 | No      | Store Pickup   | Yes              |                 38 | Cash           | Monthly                | Adult       |                      30 |
|        1125 |   42 | Male   | Sweater        | Clothing    |              20 | Iowa           | M    | Orange    | Spring |           4.9 | No      | Express        | Yes              |                 40 | Cash           | Quarterly              | Adult       |                      90 |
|        1126 |   27 | Male   | Sandals        | Footwear    |              90 | North Dakota   | M    | Lavender  | Summer |           2.7 | No      | 2-Day Shipping | Yes              |                 10 | Bank Transfer  | Weekly                 | Young Adult |                       7 |
|        1127 |   23 | Male   | Scarf          | Accessories |              58 | Iowa           | L    | Beige     | Winter |           3.4 | No      | Standard       | Yes              |                 47 | Venmo          | Fortnightly            | Young Adult |                      14 |
|        1128 |   50 | Male   | Shirt          | Clothing    |              53 | Delaware       | XL   | Maroon    | Spring |           4.8 | No      | Store Pickup   | Yes              |                 22 | Debit Card     | Monthly                | Middle-Aged |                      30 |
|        1129 |   56 | Male   | Gloves         | Accessories |              30 | New York       | L    | Charcoal  | Winter |           4.7 | No      | Next Day Air   | Yes              |                 35 | Debit Card     | Monthly                | Middle-Aged |                      30 |
|        1130 |   37 | Male   | Hoodie         | Clothing    |              65 | New Hampshire  | XL   | White     | Winter |           4.7 | No      | Express        | Yes              |                 46 | Venmo          | Fortnightly            | Adult       |                      14 |
|        1131 |   67 | Male   | Jewelry        | Accessories |              41 | Kentucky       | M    | Lavender  | Summer |           3.9 | No      | Standard       | Yes              |                 30 | PayPal         | Bi-Weekly              | Senior      |                      14 |
|        1132 |   67 | Male   | Shirt          | Clothing    |              73 | Illinois       | M    | Black     | Spring |           3.7 | No      | Express        | Yes              |                 20 | Bank Transfer  | Monthly                | Senior      |                      30 |
|        1133 |   50 | Male   | Hoodie         | Clothing    |              98 | North Carolina | S    | Teal      | Spring |           4.3 | No      | Store Pickup   | Yes              |                 25 | Cash           | Fortnightly            | Middle-Aged |                      14 |
|        1134 |   36 | Male   | Shoes          | Footwear    |              36 | Connecticut    | XL   | Magenta   | Winter |           4.1 | No      | 2-Day Shipping | Yes              |                 29 | Cash           | Weekly                 | Adult       |                       7 |
|        1135 |   62 | Male   | T-shirt        | Clothing    |              81 | Wisconsin      | M    | Brown     | Summer |           4.6 | No      | Express        | Yes              |                  2 | Venmo          | Every 3 Months         | Senior      |                      90 |
|        1136 |   65 | Male   | Skirt          | Clothing    |              90 | Massachusetts  | L    | Peach     | Winter |           3.6 | No      | 2-Day Shipping | Yes              |                 32 | Bank Transfer  | Quarterly              | Senior      |                      90 |
|        1137 |   23 | Male   | Handbag        | Accessories |              83 | Illinois       | S    | Cyan      | Summer |           4.8 | No      | Free Shipping  | Yes              |                 37 | Cash           | Monthly                | Young Adult |                      30 |
|        1138 |   46 | Male   | Shirt          | Clothing    |              91 | New Mexico     | XL   | Pink      | Winter |           2.8 | No      | 2-Day Shipping | Yes              |                 16 | Bank Transfer  | Every 3 Months         | Middle-Aged |                      90 |
|        1139 |   18 | Male   | Pants          | Clothing    |              36 | Iowa           | M    | Purple    | Summer |           4.7 | No      | Express        | Yes              |                 32 | Venmo          | Fortnightly            | Young Adult |                      14 |
|        1140 |   58 | Male   | Coat           | Outerwear   |              53 | Alabama        | L    | Purple    | Spring |           3.9 | No      | Standard       | Yes              |                 42 | Debit Card     | Bi-Weekly              | Senior      |                      14 |
|        1141 |   31 | Male   | Jeans          | Clothing    |              39 | Maryland       | M    | White     | Winter |           2.6 | No      | Store Pickup   | Yes              |                  6 | Credit Card    | Every 3 Months         | Young Adult |                      90 |
|        1142 |   39 | Male   | Gloves         | Accessories |              33 | Ohio           | S    | Silver    | Winter |           4.7 | No      | Next Day Air   | Yes              |                 23 | PayPal         | Fortnightly            | Adult       |                      14 |
|        1143 |   69 | Male   | T-shirt        | Clothing    |              76 | Ohio           | L    | Green     | Spring |           3.5 | No      | Store Pickup   | Yes              |                 27 | Venmo          | Bi-Weekly              | Senior      |                      14 |
|        1144 |   68 | Male   | Boots          | Footwear    |              23 | Nevada         | L    | Teal      | Winter |           4.4 | No      | Standard       | Yes              |                 43 | PayPal         | Quarterly              | Senior      |                      90 |
|        1145 |   41 | Male   | Jeans          | Clothing    |              54 | South Carolina | S    | Indigo    | Fall   |           4.4 | No      | 2-Day Shipping | Yes              |                 25 | Bank Transfer  | Fortnightly            | Adult       |                      14 |
|        1146 |   31 | Male   | Sneakers       | Footwear    |              89 | Nevada         | L    | Pink      | Summer |             3 | No      | Express        | Yes              |                 30 | Cash           | Every 3 Months         | Young Adult |                      90 |
|        1147 |   48 | Male   | Sneakers       | Footwear    |              38 | Wisconsin      | M    | Indigo    | Summer |           4.2 | No      | Standard       | Yes              |                  7 | Bank Transfer  | Every 3 Months         | Middle-Aged |                      90 |
|        1148 |   59 | Male   | Hat            | Accessories |              36 | Tennessee      | XL   | Red       | Winter |           4.3 | No      | Next Day Air   | Yes              |                 17 | Debit Card     | Annually               | Senior      |                     365 |
|        1149 |   34 | Male   | Pants          | Clothing    |              66 | Florida        | M    | Violet    | Spring |           2.6 | No      | Store Pickup   | Yes              |                 10 | PayPal         | Fortnightly            | Adult       |                      14 |
|        1150 |   21 | Male   | Jewelry        | Accessories |              42 | Georgia        | L    | Cyan      | Spring |           3.3 | No      | Store Pickup   | Yes              |                 40 | Venmo          | Annually               | Young Adult |                     365 |
|        1151 |   29 | Male   | Jewelry        | Accessories |              36 | Kentucky       | S    | Red       | Winter |           2.7 | No      | Next Day Air   | Yes              |                 50 | Venmo          | Bi-Weekly              | Young Adult |                      14 |
|        1152 |   41 | Male   | Blouse         | Clothing    |              86 | Ohio           | M    | Gray      | Spring |           4.2 | No      | Express        | Yes              |                 24 | Credit Card    | Weekly                 | Adult       |                       7 |
|        1153 |   62 | Male   | Handbag        | Accessories |              49 | Connecticut    | M    | Gold      | Fall   |             4 | No      | Standard       | Yes              |                  8 | PayPal         | Every 3 Months         | Senior      |                      90 |
|        1154 |   27 | Male   | Shirt          | Clothing    |              41 | Idaho          | M    | Pink      | Summer |             4 | No      | Free Shipping  | Yes              |                  6 | Bank Transfer  | Quarterly              | Young Adult |                      90 |
|        1155 |   49 | Male   | Dress          | Clothing    |              82 | Georgia        | L    | Cyan      | Spring |           2.9 | No      | 2-Day Shipping | Yes              |                 44 | Credit Card    | Bi-Weekly              | Middle-Aged |                      14 |
|        1156 |   67 | Male   | T-shirt        | Clothing    |              53 | Tennessee      | S    | Red       | Fall   |           2.6 | No      | Express        | Yes              |                 47 | PayPal         | Quarterly              | Senior      |                      90 |
|        1157 |   20 | Male   | Shoes          | Footwear    |              21 | Hawaii         | M    | Gold      | Summer |           4.8 | No      | Express        | Yes              |                  6 | Venmo          | Every 3 Months         | Young Adult |                      90 |
|        1158 |   37 | Male   | Belt           | Accessories |              66 | Maryland       | M    | Charcoal  | Fall   |           4.4 | No      | Standard       | Yes              |                 11 | Cash           | Quarterly              | Adult       |                      90 |
|        1159 |   69 | Male   | Belt           | Accessories |              89 | Nevada         | L    | Orange    | Summer |             4 | No      | 2-Day Shipping | Yes              |                 41 | Bank Transfer  | Annually               | Senior      |                     365 |
|        1160 |   66 | Male   | Handbag        | Accessories |              55 | New Hampshire  | L    | Blue      | Fall   |           3.6 | No      | 2-Day Shipping | Yes              |                 46 | Venmo          | Every 3 Months         | Senior      |                      90 |
|        1161 |   37 | Male   | Scarf          | Accessories |              42 | North Dakota   | S    | Blue      | Summer |           3.2 | No      | Next Day Air   | Yes              |                  9 | Venmo          | Bi-Weekly              | Adult       |                      14 |
|        1162 |   63 | Male   | Shorts         | Clothing    |              52 | Oklahoma       | S    | Orange    | Fall   |           3.1 | No      | 2-Day Shipping | Yes              |                 37 | PayPal         | Monthly                | Senior      |                      30 |
|        1163 |   47 | Male   | Sandals        | Footwear    |              92 | North Carolina | M    | Blue      | Winter |           4.2 | No      | Express        | Yes              |                 13 | PayPal         | Weekly                 | Middle-Aged |                       7 |
|        1164 |   26 | Male   | Pants          | Clothing    |              56 | Tennessee      | L    | White     | Summer |             3 | No      | 2-Day Shipping | Yes              |                 24 | Debit Card     | Monthly                | Young Adult |                      30 |
|        1165 |   68 | Male   | Dress          | Clothing    |              96 | Montana        | M    | Green     | Winter |           4.2 | No      | Standard       | Yes              |                 47 | PayPal         | Quarterly              | Senior      |                      90 |
|        1166 |   51 | Male   | T-shirt        | Clothing    |              64 | Wisconsin      | M    | Silver    | Winter |           2.9 | No      | Next Day Air   | Yes              |                 21 | Venmo          | Every 3 Months         | Middle-Aged |                      90 |
|        1167 |   48 | Male   | Dress          | Clothing    |              48 | Connecticut    | S    | Lavender  | Winter |           3.7 | No      | Store Pickup   | Yes              |                 22 | Venmo          | Fortnightly            | Middle-Aged |                      14 |
|        1168 |   60 | Male   | Socks          | Clothing    |              83 | New Jersey     | XL   | Beige     | Summer |           3.6 | No      | Free Shipping  | Yes              |                 16 | PayPal         | Quarterly              | Senior      |                      90 |
|        1169 |   68 | Male   | Scarf          | Accessories |              91 | Mississippi    | L    | Violet    | Summer |           3.6 | No      | Standard       | Yes              |                 37 | Debit Card     | Fortnightly            | Senior      |                      14 |
|        1170 |   25 | Male   | Backpack       | Accessories |              94 | Wyoming        | S    | Gray      | Fall   |           4.5 | No      | 2-Day Shipping | Yes              |                  3 | Cash           | Annually               | Young Adult |                     365 |
|        1171 |   57 | Male   | Skirt          | Clothing    |              62 | Illinois       | S    | Red       | Spring |           3.2 | No      | Express        | Yes              |                 33 | Cash           | Bi-Weekly              | Middle-Aged |                      14 |
|        1172 |   41 | Male   | Socks          | Clothing    |              55 | Louisiana      | M    | Lavender  | Spring |           3.9 | No      | Next Day Air   | Yes              |                 15 | Debit Card     | Annually               | Adult       |                     365 |
|        1173 |   59 | Male   | Coat           | Outerwear   |              68 | Oregon         | L    | Peach     | Spring |           4.6 | No      | Store Pickup   | Yes              |                 42 | Bank Transfer  | Bi-Weekly              | Senior      |                      14 |
|        1174 |   44 | Male   | Jewelry        | Accessories |              76 | South Dakota   | M    | Indigo    | Winter |           2.5 | No      | Express        | Yes              |                 42 | Cash           | Bi-Weekly              | Adult       |                      14 |
|        1175 |   42 | Male   | Backpack       | Accessories |              31 | Michigan       | M    | Black     | Winter |           4.3 | No      | Express        | Yes              |                 19 | Bank Transfer  | Bi-Weekly              | Adult       |                      14 |
|        1176 |   35 | Male   | Belt           | Accessories |              81 | New Jersey     | M    | Beige     | Spring |           4.1 | No      | Store Pickup   | Yes              |                 26 | PayPal         | Quarterly              | Adult       |                      90 |
|        1177 |   36 | Male   | Dress          | Clothing    |              83 | Oregon         | M    | Red       | Winter |           4.6 | No      | Free Shipping  | Yes              |                 39 | PayPal         | Quarterly              | Adult       |                      90 |
|        1178 |   54 | Male   | Skirt          | Clothing    |              21 | Iowa           | M    | Black     | Spring |           4.8 | No      | Standard       | Yes              |                 24 | Debit Card     | Monthly                | Middle-Aged |                      30 |
|        1179 |   37 | Male   | Dress          | Clothing    |              22 | South Carolina | M    | Teal      | Spring |           4.9 | No      | Express        | Yes              |                 23 | Debit Card     | Annually               | Adult       |                     365 |
|        1180 |   20 | Male   | T-shirt        | Clothing    |              33 | Indiana        | M    | Blue      | Summer |           2.8 | No      | Free Shipping  | Yes              |                 44 | Bank Transfer  | Annually               | Young Adult |                     365 |
|        1181 |   23 | Male   | Skirt          | Clothing    |              23 | Oregon         | S    | Beige     | Spring |           4.9 | No      | Standard       | Yes              |                 34 | Cash           | Monthly                | Young Adult |                      30 |
|        1182 |   61 | Male   | Shorts         | Clothing    |              96 | New York       | L    | Teal      | Summer |           3.5 | No      | Free Shipping  | Yes              |                 43 | Bank Transfer  | Quarterly              | Senior      |                      90 |
|        1183 |   37 | Male   | Jewelry        | Accessories |              21 | New Mexico     | M    | Maroon    | Spring |           3.8 | No      | Express        | Yes              |                 45 | PayPal         | Quarterly              | Adult       |                      90 |
|        1184 |   23 | Male   | Pants          | Clothing    |              39 | Louisiana      | M    | Yellow    | Spring |           4.5 | No      | 2-Day Shipping | Yes              |                  4 | Credit Card    | Weekly                 | Young Adult |                       7 |
|        1185 |   63 | Male   | Belt           | Accessories |              73 | South Carolina | S    | Indigo    | Fall   |           3.4 | No      | Express        | Yes              |                 19 | Credit Card    | Annually               | Senior      |                     365 |
|        1186 |   47 | Male   | Jeans          | Clothing    |              64 | Maine          | M    | Magenta   | Spring |           3.9 | No      | Standard       | Yes              |                 29 | Credit Card    | Monthly                | Middle-Aged |                      30 |
|        1187 |   63 | Male   | Jeans          | Clothing    |              68 | Indiana        | M    | Beige     | Summer |           4.1 | No      | 2-Day Shipping | Yes              |                 27 | Credit Card    | Annually               | Senior      |                     365 |
|        1188 |   56 | Male   | Hat            | Accessories |              89 | Iowa           | L    | Maroon    | Fall   |             3 | No      | Express        | Yes              |                 37 | Credit Card    | Every 3 Months         | Middle-Aged |                      90 |
|        1189 |   68 | Male   | Blouse         | Clothing    |              29 | Mississippi    | M    | Magenta   | Summer |           3.3 | No      | Next Day Air   | Yes              |                 11 | Credit Card    | Weekly                 | Senior      |                       7 |
|        1190 |   64 | Male   | Shirt          | Clothing    |              97 | Arkansas       | XL   | Teal      | Summer |           4.9 | No      | Free Shipping  | Yes              |                 28 | Debit Card     | Annually               | Senior      |                     365 |
|        1191 |   62 | Male   | Shirt          | Clothing    |              45 | South Carolina | M    | Orange    | Winter |           4.3 | No      | Next Day Air   | Yes              |                 31 | Credit Card    | Weekly                 | Senior      |                       7 |
|        1192 |   34 | Male   | T-shirt        | Clothing    |              70 | Indiana        | L    | Charcoal  | Winter |           4.1 | No      | Free Shipping  | Yes              |                 50 | Venmo          | Quarterly              | Adult       |                      90 |
|        1193 |   49 | Male   | Coat           | Outerwear   |              56 | Florida        | M    | Turquoise | Summer |             4 | No      | 2-Day Shipping | Yes              |                 42 | Venmo          | Quarterly              | Middle-Aged |                      90 |
|        1194 |   40 | Male   | Jacket         | Outerwear   |              55 | Alaska         | L    | Pink      | Fall   |             5 | No      | 2-Day Shipping | Yes              |                 18 | Credit Card    | Fortnightly            | Adult       |                      14 |
|        1195 |   50 | Male   | Hoodie         | Clothing    |              46 | New York       | S    | Teal      | Winter |           3.1 | No      | 2-Day Shipping | Yes              |                  6 | Credit Card    | Fortnightly            | Middle-Aged |                      14 |
|        1196 |   25 | Male   | Scarf          | Accessories |              95 | Texas          | M    | White     | Winter |             4 | No      | 2-Day Shipping | Yes              |                 33 | Venmo          | Monthly                | Young Adult |                      30 |
|        1197 |   30 | Male   | Belt           | Accessories |              88 | North Dakota   | M    | Maroon    | Winter |           3.2 | No      | 2-Day Shipping | Yes              |                 13 | Bank Transfer  | Bi-Weekly              | Young Adult |                      14 |
|        1198 |   54 | Male   | Sneakers       | Footwear    |              92 | Vermont        | L    | Violet    | Fall   |           3.9 | No      | Standard       | Yes              |                 26 | PayPal         | Annually               | Middle-Aged |                     365 |
|        1199 |   40 | Male   | Socks          | Clothing    |              49 | New Jersey     | M    | Brown     | Summer |           3.9 | No      | 2-Day Shipping | Yes              |                 17 | Cash           | Annually               | Adult       |                     365 |
|        1200 |   49 | Male   | Sandals        | Footwear    |              89 | Maryland       | M    | Indigo    | Fall   |           4.5 | No      | Free Shipping  | Yes              |                  3 | Debit Card     | Weekly                 | Middle-Aged |                       7 |
|        1201 |   27 | Male   | Coat           | Outerwear   |              22 | Connecticut    | XL   | Black     | Winter |           4.4 | No      | Store Pickup   | Yes              |                  7 | PayPal         | Weekly                 | Young Adult |                       7 |
|        1202 |   27 | Male   | Shoes          | Footwear    |              61 | Illinois       | XL   | Black     | Summer |           3.1 | No      | 2-Day Shipping | Yes              |                 46 | Venmo          | Fortnightly            | Young Adult |                      14 |
|        1203 |   48 | Male   | Scarf          | Accessories |              29 | Maryland       | S    | Olive     | Spring |           2.9 | No      | Standard       | Yes              |                 14 | Venmo          | Every 3 Months         | Middle-Aged |                      90 |
|        1204 |   40 | Male   | Sneakers       | Footwear    |              82 | Minnesota      | M    | Orange    | Winter |           3.7 | No      | Free Shipping  | Yes              |                 23 | Bank Transfer  | Annually               | Adult       |                     365 |
|        1205 |   67 | Male   | Belt           | Accessories |              94 | Florida        | M    | Pink      | Spring |           3.2 | No      | 2-Day Shipping | Yes              |                 20 | Credit Card    | Every 3 Months         | Senior      |                      90 |
|        1206 |   52 | Male   | Handbag        | Accessories |              99 | California     | M    | Olive     | Spring |           3.5 | No      | Standard       | Yes              |                 38 | Bank Transfer  | Fortnightly            | Middle-Aged |                      14 |
|        1207 |   22 | Male   | Handbag        | Accessories |              59 | Mississippi    | S    | Cyan      | Fall   |             3 | No      | Free Shipping  | Yes              |                 16 | Venmo          | Every 3 Months         | Young Adult |                      90 |
|        1208 |   62 | Male   | Boots          | Footwear    |              90 | Washington     | M    | White     | Summer |           4.1 | No      | Next Day Air   | Yes              |                 48 | Credit Card    | Every 3 Months         | Senior      |                      90 |
|        1209 |   20 | Male   | Boots          | Footwear    |             100 | Wisconsin      | S    | Red       | Winter |           2.9 | No      | 2-Day Shipping | Yes              |                  8 | Debit Card     | Annually               | Young Adult |                     365 |
|        1210 |   41 | Male   | Pants          | Clothing    |              62 | Pennsylvania   | M    | Blue      | Winter |           3.8 | No      | Next Day Air   | Yes              |                 16 | Bank Transfer  | Monthly                | Adult       |                      30 |
|        1211 |   34 | Male   | Sunglasses     | Accessories |              78 | Missouri       | M    | Olive     | Fall   |           4.1 | No      | Next Day Air   | Yes              |                  5 | Cash           | Quarterly              | Adult       |                      90 |
|        1212 |   23 | Male   | Hoodie         | Clothing    |              94 | Oklahoma       | M    | Green     | Spring |           4.6 | No      | Store Pickup   | Yes              |                 14 | Venmo          | Every 3 Months         | Young Adult |                      90 |
|        1213 |   32 | Male   | Shoes          | Footwear    |              74 | Pennsylvania   | M    | Yellow    | Summer |           2.5 | No      | Free Shipping  | Yes              |                 18 | Credit Card    | Weekly                 | Adult       |                       7 |
|        1214 |   68 | Male   | Handbag        | Accessories |              52 | Kentucky       | XL   | Black     | Spring |           3.7 | No      | Express        | Yes              |                 14 | Debit Card     | Every 3 Months         | Senior      |                      90 |
|        1215 |   30 | Male   | Jacket         | Outerwear   |              81 | Vermont        | M    | Blue      | Fall   |           3.8 | No      | Free Shipping  | Yes              |                  5 | Cash           | Every 3 Months         | Young Adult |                      90 |
|        1216 |   66 | Male   | Blouse         | Clothing    |              20 | Oregon         | L    | Pink      | Winter |           2.6 | No      | 2-Day Shipping | Yes              |                 15 | Credit Card    | Every 3 Months         | Senior      |                      90 |
|        1217 |   62 | Male   | Pants          | Clothing    |              32 | Utah           | XL   | Lavender  | Summer |           3.7 | No      | Free Shipping  | Yes              |                  3 | Venmo          | Every 3 Months         | Senior      |                      90 |
|        1218 |   50 | Male   | Boots          | Footwear    |              63 | Nebraska       | XL   | Cyan      | Fall   |           2.6 | No      | Free Shipping  | Yes              |                 12 | Cash           | Every 3 Months         | Middle-Aged |                      90 |
|        1219 |   55 | Male   | Boots          | Footwear    |              79 | Pennsylvania   | M    | Cyan      | Spring |           3.1 | No      | Store Pickup   | Yes              |                 43 | Cash           | Every 3 Months         | Middle-Aged |                      90 |
|        1220 |   19 | Male   | Sweater        | Clothing    |              23 | Vermont        | M    | Gold      | Winter |           2.5 | No      | Next Day Air   | Yes              |                 35 | Credit Card    | Bi-Weekly              | Young Adult |                      14 |
|        1221 |   67 | Male   | Gloves         | Accessories |              64 | Kentucky       | M    | Green     | Winter |           4.9 | No      | Express        | Yes              |                 36 | Bank Transfer  | Quarterly              | Senior      |                      90 |
|        1222 |   18 | Male   | Socks          | Clothing    |              69 | Iowa           | M    | Red       | Winter |           4.5 | No      | Standard       | Yes              |                  3 | Cash           | Quarterly              | Young Adult |                      90 |
|        1223 |   58 | Male   | Jeans          | Clothing    |              69 | Indiana        | L    | Magenta   | Fall   |           3.4 | No      | Store Pickup   | Yes              |                 27 | Bank Transfer  | Annually               | Senior      |                     365 |
|        1224 |   69 | Male   | Pants          | Clothing    |              24 | Kansas         | L    | Red       | Winter |           3.9 | No      | Free Shipping  | Yes              |                 21 | Bank Transfer  | Weekly                 | Senior      |                       7 |
|        1225 |   62 | Male   | Shorts         | Clothing    |              50 | Illinois       | M    | Yellow    | Summer |           3.7 | No      | Store Pickup   | Yes              |                 18 | Venmo          | Weekly                 | Senior      |                       7 |
|        1226 |   28 | Male   | Gloves         | Accessories |              97 | North Carolina | S    | Turquoise | Fall   |           2.6 | No      | Free Shipping  | Yes              |                 16 | Debit Card     | Weekly                 | Young Adult |                       7 |
|        1227 |   53 | Male   | Sandals        | Footwear    |              91 | Ohio           | S    | Cyan      | Fall   |           3.4 | No      | Store Pickup   | Yes              |                 18 | Venmo          | Bi-Weekly              | Middle-Aged |                      14 |
|        1228 |   27 | Male   | Blouse         | Clothing    |              37 | Illinois       | L    | Yellow    | Spring |           4.9 | No      | Store Pickup   | Yes              |                 19 | Bank Transfer  | Bi-Weekly              | Young Adult |                      14 |
|        1229 |   55 | Male   | Jacket         | Outerwear   |              55 | Indiana        | S    | Yellow    | Winter |           3.9 | No      | Express        | Yes              |                  1 | Cash           | Annually               | Middle-Aged |                     365 |
|        1230 |   34 | Male   | Jewelry        | Accessories |              52 | Kansas         | XL   | Maroon    | Winter |           3.6 | No      | Express        | Yes              |                 39 | Bank Transfer  | Annually               | Adult       |                     365 |
|        1231 |   25 | Male   | Hat            | Accessories |              80 | Illinois       | L    | Brown     | Spring |           4.6 | No      | Standard       | Yes              |                 49 | Venmo          | Monthly                | Young Adult |                      30 |
|        1232 |   66 | Male   | Socks          | Clothing    |              79 | Pennsylvania   | M    | Gold      | Spring |             4 | No      | 2-Day Shipping | Yes              |                 43 | Credit Card    | Fortnightly            | Senior      |                      14 |
|        1233 |   57 | Male   | Handbag        | Accessories |              23 | New York       | M    | Charcoal  | Summer |           3.6 | No      | Free Shipping  | Yes              |                 31 | Debit Card     | Every 3 Months         | Middle-Aged |                      90 |
|        1234 |   46 | Male   | Pants          | Clothing    |              73 | Utah           | L    | Beige     | Winter |           3.5 | No      | Next Day Air   | Yes              |                 40 | Venmo          | Every 3 Months         | Middle-Aged |                      90 |
|        1235 |   38 | Male   | Gloves         | Accessories |              99 | New Jersey     | M    | Indigo    | Fall   |           4.1 | No      | Store Pickup   | Yes              |                  2 | Bank Transfer  | Bi-Weekly              | Adult       |                      14 |
|        1236 |   23 | Male   | Sweater        | Clothing    |              22 | Idaho          | M    | Red       | Spring |             3 | No      | Store Pickup   | Yes              |                 46 | PayPal         | Every 3 Months         | Young Adult |                      90 |
|        1237 |   42 | Male   | Hat            | Accessories |              68 | New Mexico     | M    | White     | Summer |           4.4 | No      | Store Pickup   | Yes              |                 35 | Debit Card     | Every 3 Months         | Adult       |                      90 |
|        1238 |   25 | Male   | Dress          | Clothing    |              92 | Michigan       | S    | Charcoal  | Spring |           4.4 | No      | 2-Day Shipping | Yes              |                 42 | Credit Card    | Quarterly              | Young Adult |                      90 |
|        1239 |   55 | Male   | Pants          | Clothing    |              77 | Wyoming        | M    | Violet    | Winter |           3.7 | No      | Express        | Yes              |                  3 | Venmo          | Fortnightly            | Middle-Aged |                      14 |
|        1240 |   62 | Male   | Coat           | Outerwear   |              37 | New Jersey     | XL   | Magenta   | Spring |           4.8 | No      | Standard       | Yes              |                 32 | Debit Card     | Every 3 Months         | Senior      |                      90 |
|        1241 |   41 | Male   | Scarf          | Accessories |              79 | New Jersey     | L    | White     | Winter |           2.9 | No      | Store Pickup   | Yes              |                 48 | Debit Card     | Annually               | Adult       |                     365 |
|        1242 |   58 | Male   | Hoodie         | Clothing    |              51 | Hawaii         | XL   | Pink      | Winter |           3.1 | No      | Express        | Yes              |                 34 | Credit Card    | Weekly                 | Senior      |                       7 |
|        1243 |   56 | Male   | Socks          | Clothing    |              27 | Nevada         | M    | Lavender  | Summer |             4 | No      | Next Day Air   | Yes              |                 15 | Bank Transfer  | Quarterly              | Middle-Aged |                      90 |
|        1244 |   25 | Male   | Blouse         | Clothing    |              23 | New Hampshire  | S    | Pink      | Spring |             3 | No      | Store Pickup   | Yes              |                 22 | Debit Card     | Annually               | Young Adult |                     365 |
|        1245 |   70 | Male   | Socks          | Clothing    |              76 | Indiana        | S    | Silver    | Summer |           3.9 | No      | 2-Day Shipping | Yes              |                  2 | Cash           | Monthly                | Senior      |                      30 |
|        1246 |   42 | Male   | Dress          | Clothing    |              31 | New York       | M    | Violet    | Fall   |           3.4 | No      | Standard       | Yes              |                 30 | Bank Transfer  | Weekly                 | Adult       |                       7 |
|        1247 |   27 | Male   | Hoodie         | Clothing    |              60 | Louisiana      | M    | Charcoal  | Winter |           2.7 | No      | Standard       | Yes              |                 27 | Cash           | Monthly                | Young Adult |                      30 |
|        1248 |   65 | Male   | T-shirt        | Clothing    |              99 | Virginia       | M    | Charcoal  | Spring |           3.5 | No      | Express        | Yes              |                 18 | Venmo          | Bi-Weekly              | Senior      |                      14 |
|        1249 |   62 | Male   | Hat            | Accessories |              37 | Wisconsin      | XL   | Red       | Winter |             3 | No      | Free Shipping  | Yes              |                  8 | Credit Card    | Annually               | Senior      |                     365 |
|        1250 |   62 | Male   | Boots          | Footwear    |              50 | Oregon         | M    | Peach     | Winter |           4.5 | No      | Express        | Yes              |                 48 | Venmo          | Fortnightly            | Senior      |                      14 |
|        1251 |   52 | Male   | Jeans          | Clothing    |              26 | New Hampshire  | XL   | Purple    | Winter |           4.1 | No      | Free Shipping  | Yes              |                 24 | Cash           | Monthly                | Middle-Aged |                      30 |
|        1252 |   56 | Male   | Shorts         | Clothing    |              86 | Indiana        | XL   | Orange    | Spring |             5 | No      | Next Day Air   | Yes              |                 43 | Credit Card    | Monthly                | Middle-Aged |                      30 |
|        1253 |   28 | Male   | Sandals        | Footwear    |              41 | Massachusetts  | L    | Magenta   | Fall   |             4 | No      | Standard       | Yes              |                  8 | Cash           | Quarterly              | Young Adult |                      90 |
|        1254 |   39 | Male   | Sandals        | Footwear    |              23 | Montana        | XL   | Red       | Winter |           4.9 | No      | Express        | Yes              |                 49 | PayPal         | Annually               | Adult       |                     365 |
|        1255 |   54 | Male   | Sneakers       | Footwear    |              56 | California     | XL   | Black     | Spring |           3.3 | No      | 2-Day Shipping | Yes              |                  2 | Credit Card    | Bi-Weekly              | Middle-Aged |                      14 |
|        1256 |   30 | Male   | Hat            | Accessories |              68 | Indiana        | M    | Peach     | Fall   |           4.1 | No      | Standard       | Yes              |                 38 | Cash           | Fortnightly            | Young Adult |                      14 |
|        1257 |   45 | Male   | Coat           | Outerwear   |              48 | West Virginia  | S    | Olive     | Winter |           3.6 | No      | Express        | Yes              |                  4 | Cash           | Fortnightly            | Middle-Aged |                      14 |
|        1258 |   68 | Male   | Dress          | Clothing    |              67 | Minnesota      | L    | Gold      | Spring |             3 | No      | Free Shipping  | Yes              |                 31 | Cash           | Every 3 Months         | Senior      |                      90 |
|        1259 |   47 | Male   | Boots          | Footwear    |              87 | Ohio           | XL   | Gold      | Spring |           4.1 | No      | 2-Day Shipping | Yes              |                 34 | Debit Card     | Every 3 Months         | Middle-Aged |                      90 |
|        1260 |   68 | Male   | Skirt          | Clothing    |              64 | Minnesota      | M    | Turquoise | Fall   |           3.9 | No      | Standard       | Yes              |                 45 | Credit Card    | Monthly                | Senior      |                      30 |
|        1261 |   63 | Male   | Shirt          | Clothing    |              93 | Virginia       | XL   | Green     | Spring |           4.1 | No      | Store Pickup   | Yes              |                 30 | Debit Card     | Quarterly              | Senior      |                      90 |
|        1262 |   20 | Male   | Shirt          | Clothing    |              29 | Connecticut    | L    | Maroon    | Summer |           2.8 | No      | Next Day Air   | Yes              |                  2 | Credit Card    | Fortnightly            | Young Adult |                      14 |
|        1263 |   29 | Male   | Boots          | Footwear    |              62 | Tennessee      | L    | Brown     | Winter |           4.8 | No      | Store Pickup   | Yes              |                 44 | Venmo          | Monthly                | Young Adult |                      30 |
|        1264 |   41 | Male   | Hoodie         | Clothing    |              70 | Delaware       | L    | Brown     | Winter |           4.6 | No      | 2-Day Shipping | Yes              |                  1 | Credit Card    | Bi-Weekly              | Adult       |                      14 |
|        1265 |   52 | Male   | Sweater        | Clothing    |              92 | Vermont        | S    | Blue      | Winter |           2.5 | No      | Next Day Air   | Yes              |                  1 | Venmo          | Bi-Weekly              | Middle-Aged |                      14 |
|        1266 |   32 | Male   | Shirt          | Clothing    |              79 | Louisiana      | M    | Lavender  | Spring |           2.7 | No      | Next Day Air   | Yes              |                 27 | Bank Transfer  | Weekly                 | Adult       |                       7 |
|        1267 |   20 | Male   | Blouse         | Clothing    |              31 | North Dakota   | M    | Peach     | Fall   |             4 | No      | Standard       | Yes              |                 14 | Debit Card     | Every 3 Months         | Young Adult |                      90 |
|        1268 |   47 | Male   | T-shirt        | Clothing    |              83 | Oregon         | S    | Gray      | Spring |           2.7 | No      | Standard       | Yes              |                 41 | Cash           | Weekly                 | Middle-Aged |                       7 |
|        1269 |   23 | Male   | Jacket         | Outerwear   |              88 | Idaho          | XL   | Charcoal  | Winter |           2.9 | No      | Next Day Air   | Yes              |                 25 | Debit Card     | Bi-Weekly              | Young Adult |                      14 |
|        1270 |   43 | Male   | Jewelry        | Accessories |              53 | Vermont        | M    | Lavender  | Spring |             3 | No      | Standard       | Yes              |                 47 | PayPal         | Quarterly              | Adult       |                      90 |
|        1271 |   67 | Male   | Hoodie         | Clothing    |              98 | West Virginia  | M    | Green     | Fall   |           3.3 | No      | Standard       | Yes              |                 20 | Cash           | Annually               | Senior      |                     365 |
|        1272 |   70 | Male   | Jewelry        | Accessories |              57 | Kentucky       | S    | Gray      | Spring |           4.3 | No      | Store Pickup   | Yes              |                 42 | PayPal         | Annually               | Senior      |                     365 |
|        1273 |   35 | Male   | Sandals        | Footwear    |              80 | Wisconsin      | M    | Orange    | Winter |           4.4 | No      | Express        | Yes              |                 16 | Bank Transfer  | Monthly                | Adult       |                      30 |
|        1274 |   41 | Male   | Jeans          | Clothing    |              29 | Mississippi    | L    | Silver    | Spring |           4.1 | No      | Next Day Air   | Yes              |                 32 | Credit Card    | Every 3 Months         | Adult       |                      90 |
|        1275 |   54 | Male   | Hat            | Accessories |              73 | Missouri       | M    | Olive     | Spring |           3.1 | No      | 2-Day Shipping | Yes              |                 37 | PayPal         | Quarterly              | Middle-Aged |                      90 |
|        1276 |   55 | Male   | Sweater        | Clothing    |              32 | Arkansas       | S    | Turquoise | Fall   |           4.5 | No      | Standard       | Yes              |                  1 | PayPal         | Monthly                | Middle-Aged |                      30 |
|        1277 |   51 | Male   | Boots          | Footwear    |              68 | Wyoming        | L    | Turquoise | Spring |           4.8 | No      | Next Day Air   | Yes              |                 37 | Bank Transfer  | Weekly                 | Middle-Aged |                       7 |
|        1278 |   19 | Male   | Blouse         | Clothing    |              97 | Rhode Island   | L    | Green     | Spring |             5 | No      | Express        | Yes              |                  5 | Venmo          | Quarterly              | Young Adult |                      90 |
|        1279 |   28 | Male   | Shorts         | Clothing    |              98 | Utah           | M    | Violet    | Fall   |           2.8 | No      | Next Day Air   | Yes              |                 31 | Venmo          | Fortnightly            | Young Adult |                      14 |
|        1280 |   63 | Male   | Hoodie         | Clothing    |              56 | Maryland       | L    | Charcoal  | Fall   |           3.7 | No      | Express        | Yes              |                 18 | Debit Card     | Annually               | Senior      |                     365 |
|        1281 |   30 | Male   | Pants          | Clothing    |              78 | Georgia        | L    | White     | Winter |           4.4 | No      | 2-Day Shipping | Yes              |                 39 | Venmo          | Every 3 Months         | Young Adult |                      90 |
|        1282 |   29 | Male   | Belt           | Accessories |              81 | New Jersey     | M    | Olive     | Spring |           4.5 | No      | Store Pickup   | Yes              |                  8 | Venmo          | Bi-Weekly              | Young Adult |                      14 |
|        1283 |   24 | Male   | Shirt          | Clothing    |              68 | New Hampshire  | L    | Violet    | Winter |             3 | No      | Free Shipping  | Yes              |                 20 | Venmo          | Monthly                | Young Adult |                      30 |
|        1284 |   69 | Male   | Shirt          | Clothing    |              94 | Oregon         | M    | Violet    | Winter |           3.9 | No      | 2-Day Shipping | Yes              |                 23 | Debit Card     | Every 3 Months         | Senior      |                      90 |
|        1285 |   65 | Male   | Dress          | Clothing    |              93 | Arkansas       | M    | Black     | Spring |           3.9 | No      | Express        | Yes              |                 38 | PayPal         | Fortnightly            | Senior      |                      14 |
|        1286 |   64 | Male   | Gloves         | Accessories |              99 | North Carolina | M    | Charcoal  | Fall   |           3.5 | No      | Next Day Air   | Yes              |                 45 | Bank Transfer  | Fortnightly            | Senior      |                      14 |
|        1287 |   40 | Male   | Gloves         | Accessories |              49 | West Virginia  | L    | Yellow    | Winter |           4.9 | No      | Next Day Air   | Yes              |                 44 | Debit Card     | Fortnightly            | Adult       |                      14 |
|        1288 |   24 | Male   | Jeans          | Clothing    |              28 | Utah           | XL   | Blue      | Winter |           3.4 | No      | Standard       | Yes              |                 20 | PayPal         | Monthly                | Young Adult |                      30 |
|        1289 |   66 | Male   | Belt           | Accessories |              93 | South Dakota   | XL   | Charcoal  | Winter |           4.1 | No      | Standard       | Yes              |                 34 | PayPal         | Bi-Weekly              | Senior      |                      14 |
|        1290 |   35 | Male   | Jacket         | Outerwear   |              24 | New Hampshire  | M    | Red       | Fall   |           2.9 | No      | Next Day Air   | Yes              |                 10 | PayPal         | Weekly                 | Adult       |                       7 |
|        1291 |   67 | Male   | Skirt          | Clothing    |              35 | Maryland       | M    | Indigo    | Spring |           3.4 | No      | Free Shipping  | Yes              |                  3 | PayPal         | Annually               | Senior      |                     365 |
|        1292 |   69 | Male   | Sandals        | Footwear    |              68 | South Dakota   | S    | Beige     | Spring |           3.2 | No      | 2-Day Shipping | Yes              |                 23 | Debit Card     | Fortnightly            | Senior      |                      14 |
|        1293 |   26 | Male   | Belt           | Accessories |              61 | Kentucky       | M    | Maroon    | Summer |           3.9 | No      | Free Shipping  | Yes              |                 42 | Bank Transfer  | Annually               | Young Adult |                     365 |
|        1294 |   23 | Male   | Sweater        | Clothing    |              74 | Florida        | XL   | Yellow    | Fall   |           4.1 | No      | Standard       | Yes              |                 30 | Debit Card     | Annually               | Young Adult |                     365 |
|        1295 |   27 | Male   | Shirt          | Clothing    |              64 | Texas          | M    | Silver    | Summer |           4.5 | No      | Standard       | Yes              |                 21 | Cash           | Every 3 Months         | Young Adult |                      90 |
|        1296 |   30 | Male   | Sneakers       | Footwear    |              60 | New Mexico     | M    | Olive     | Fall   |           2.8 | No      | Standard       | Yes              |                 50 | PayPal         | Weekly                 | Young Adult |                       7 |
|        1297 |   48 | Male   | Jeans          | Clothing    |              29 | South Dakota   | S    | Teal      | Spring |           2.8 | No      | Express        | Yes              |                 16 | Cash           | Bi-Weekly              | Middle-Aged |                      14 |
|        1298 |   44 | Male   | Sandals        | Footwear    |              85 | New Jersey     | M    | Silver    | Summer |           4.6 | No      | Standard       | Yes              |                 32 | Venmo          | Annually               | Adult       |                     365 |
|        1299 |   29 | Male   | Pants          | Clothing    |              81 | Indiana        | S    | Indigo    | Summer |             3 | No      | Free Shipping  | Yes              |                 14 | Bank Transfer  | Fortnightly            | Young Adult |                      14 |
|        1300 |   29 | Male   | Belt           | Accessories |              23 | Louisiana      | L    | Teal      | Fall   |           3.6 | No      | 2-Day Shipping | Yes              |                 42 | Venmo          | Bi-Weekly              | Young Adult |                      14 |
|        1301 |   67 | Male   | T-shirt        | Clothing    |             100 | West Virginia  | M    | Charcoal  | Spring |           4.5 | No      | Next Day Air   | Yes              |                 47 | Credit Card    | Every 3 Months         | Senior      |                      90 |
|        1302 |   42 | Male   | Shirt          | Clothing    |              54 | Maine          | M    | Orange    | Fall   |             5 | No      | Express        | Yes              |                 21 | Debit Card     | Weekly                 | Adult       |                       7 |
|        1303 |   23 | Male   | Sneakers       | Footwear    |              25 | Idaho          | M    | Gold      | Fall   |           2.9 | No      | Next Day Air   | Yes              |                 37 | Credit Card    | Monthly                | Young Adult |                      30 |
|        1304 |   34 | Male   | Blouse         | Clothing    |              32 | New York       | L    | Silver    | Summer |           3.1 | No      | Next Day Air   | Yes              |                 10 | Credit Card    | Annually               | Adult       |                     365 |
|        1305 |   64 | Male   | Backpack       | Accessories |              63 | Montana        | S    | Orange    | Spring |             4 | No      | 2-Day Shipping | Yes              |                 18 | PayPal         | Every 3 Months         | Senior      |                      90 |
|        1306 |   31 | Male   | Pants          | Clothing    |              56 | Mississippi    | XL   | Peach     | Spring |           4.5 | No      | Express        | Yes              |                  2 | PayPal         | Every 3 Months         | Young Adult |                      90 |
|        1307 |   54 | Male   | Sweater        | Clothing    |              33 | Alaska         | L    | Brown     | Winter |           4.5 | No      | Next Day Air   | Yes              |                 40 | PayPal         | Annually               | Middle-Aged |                     365 |
|        1308 |   23 | Male   | Coat           | Outerwear   |              32 | Missouri       | L    | Black     | Summer |           3.1 | No      | Express        | Yes              |                 43 | PayPal         | Annually               | Young Adult |                     365 |
|        1309 |   59 | Male   | Dress          | Clothing    |              38 | Rhode Island   | L    | Red       | Summer |           4.4 | No      | Next Day Air   | Yes              |                 14 | Credit Card    | Every 3 Months         | Senior      |                      90 |
|        1310 |   32 | Male   | Blouse         | Clothing    |              21 | Hawaii         | L    | Lavender  | Summer |           4.7 | No      | Store Pickup   | Yes              |                 41 | Cash           | Quarterly              | Adult       |                      90 |
|        1311 |   43 | Male   | Hoodie         | Clothing    |              59 | South Carolina | L    | Brown     | Winter |           3.1 | No      | Store Pickup   | Yes              |                 38 | Credit Card    | Every 3 Months         | Adult       |                      90 |
|        1312 |   32 | Male   | Shoes          | Footwear    |              87 | Tennessee      | M    | Maroon    | Fall   |           4.2 | No      | Express        | Yes              |                 12 | Venmo          | Annually               | Adult       |                     365 |
|        1313 |   66 | Male   | T-shirt        | Clothing    |              79 | Missouri       | M    | Violet    | Winter |             3 | No      | Store Pickup   | Yes              |                 19 | Bank Transfer  | Monthly                | Senior      |                      30 |
|        1314 |   70 | Male   | Shoes          | Footwear    |              28 | Missouri       | M    | Lavender  | Summer |           2.6 | No      | Free Shipping  | Yes              |                 23 | Credit Card    | Bi-Weekly              | Senior      |                      14 |
|        1315 |   42 | Male   | Boots          | Footwear    |              67 | Missouri       | S    | Magenta   | Summer |           3.4 | No      | Free Shipping  | Yes              |                 49 | Debit Card     | Annually               | Adult       |                     365 |
|        1316 |   56 | Male   | Shorts         | Clothing    |              75 | Mississippi    | L    | Green     | Spring |           4.2 | No      | 2-Day Shipping | Yes              |                 29 | Debit Card     | Quarterly              | Middle-Aged |                      90 |
|        1317 |   28 | Male   | Belt           | Accessories |              32 | Arkansas       | S    | Lavender  | Spring |           4.6 | No      | Standard       | Yes              |                 14 | Debit Card     | Bi-Weekly              | Young Adult |                      14 |
|        1318 |   28 | Male   | Pants          | Clothing    |              43 | Kentucky       | M    | Green     | Spring |           2.8 | No      | Free Shipping  | Yes              |                 19 | Cash           | Monthly                | Young Adult |                      30 |
|        1319 |   52 | Male   | Shorts         | Clothing    |              93 | Connecticut    | M    | Maroon    | Spring |           2.7 | No      | Express        | Yes              |                 19 | Credit Card    | Bi-Weekly              | Middle-Aged |                      14 |
|        1320 |   65 | Male   | Sunglasses     | Accessories |              24 | Oklahoma       | M    | Magenta   | Spring |             4 | No      | Standard       | Yes              |                 48 | Bank Transfer  | Weekly                 | Senior      |                       7 |
|        1321 |   56 | Male   | Hat            | Accessories |              31 | California     | XL   | Teal      | Fall   |           3.1 | No      | Free Shipping  | Yes              |                 19 | Debit Card     | Annually               | Middle-Aged |                     365 |
|        1322 |   59 | Male   | T-shirt        | Clothing    |              84 | Missouri       | L    | Orange    | Winter |           3.7 | No      | Express        | Yes              |                 45 | Bank Transfer  | Every 3 Months         | Senior      |                      90 |
|        1323 |   23 | Male   | Pants          | Clothing    |              74 | Washington     | M    | Violet    | Winter |             4 | No      | Next Day Air   | Yes              |                 17 | Bank Transfer  | Quarterly              | Young Adult |                      90 |
|        1324 |   58 | Male   | Shorts         | Clothing    |              62 | New York       | M    | Yellow    | Spring |           4.6 | No      | Standard       | Yes              |                 15 | Debit Card     | Every 3 Months         | Senior      |                      90 |
|        1325 |   39 | Male   | Jewelry        | Accessories |              77 | Indiana        | S    | Orange    | Summer |           3.8 | No      | Free Shipping  | Yes              |                 11 | Credit Card    | Fortnightly            | Adult       |                      14 |
|        1326 |   28 | Male   | Backpack       | Accessories |              73 | Oregon         | L    | Gold      | Summer |           3.5 | No      | Express        | Yes              |                  1 | Cash           | Monthly                | Young Adult |                      30 |
|        1327 |   40 | Male   | Shoes          | Footwear    |              50 | Texas          | M    | Indigo    | Spring |           4.6 | No      | Free Shipping  | Yes              |                 17 | Cash           | Monthly                | Adult       |                      30 |
|        1328 |   52 | Male   | Coat           | Outerwear   |              40 | Florida        | M    | Turquoise | Winter |           2.8 | No      | Standard       | Yes              |                 37 | Cash           | Weekly                 | Middle-Aged |                       7 |
|        1329 |   37 | Male   | Sweater        | Clothing    |              97 | Rhode Island   | M    | Orange    | Winter |           3.7 | No      | Standard       | Yes              |                 40 | Bank Transfer  | Weekly                 | Adult       |                       7 |
|        1330 |   70 | Male   | Gloves         | Accessories |              63 | Texas          | M    | Indigo    | Fall   |           3.3 | No      | Express        | Yes              |                 50 | PayPal         | Every 3 Months         | Senior      |                      90 |
|        1331 |   30 | Male   | Handbag        | Accessories |              65 | Vermont        | M    | Charcoal  | Fall   |           2.9 | No      | Standard       | Yes              |                 20 | PayPal         | Bi-Weekly              | Young Adult |                      14 |
|        1332 |   38 | Male   | Socks          | Clothing    |              91 | Maryland       | M    | Lavender  | Spring |           3.2 | No      | Standard       | Yes              |                  8 | PayPal         | Bi-Weekly              | Adult       |                      14 |
|        1333 |   66 | Male   | Hoodie         | Clothing    |              60 | Alaska         | S    | Gold      | Spring |           4.3 | No      | Store Pickup   | Yes              |                 16 | Bank Transfer  | Quarterly              | Senior      |                      90 |
|        1334 |   29 | Male   | Pants          | Clothing    |              69 | Idaho          | M    | Lavender  | Winter |           2.7 | No      | Next Day Air   | Yes              |                  9 | Bank Transfer  | Quarterly              | Young Adult |                      90 |
|        1335 |   46 | Male   | Coat           | Outerwear   |              52 | West Virginia  | S    | White     | Spring |           4.2 | No      | Store Pickup   | Yes              |                 12 | Venmo          | Monthly                | Middle-Aged |                      30 |
|        1336 |   56 | Male   | Boots          | Footwear    |              49 | Nevada         | M    | Lavender  | Fall   |           4.8 | No      | 2-Day Shipping | Yes              |                 26 | Credit Card    | Weekly                 | Middle-Aged |                       7 |
|        1337 |   23 | Male   | Sneakers       | Footwear    |              85 | Oregon         | M    | Charcoal  | Spring |           4.8 | No      | Store Pickup   | Yes              |                 44 | Debit Card     | Fortnightly            | Young Adult |                      14 |
|        1338 |   37 | Male   | Sweater        | Clothing    |              86 | Tennessee      | L    | Silver    | Spring |           3.4 | No      | Express        | Yes              |                 19 | Credit Card    | Bi-Weekly              | Adult       |                      14 |
|        1339 |   56 | Male   | Handbag        | Accessories |              51 | Alabama        | S    | Yellow    | Winter |           2.6 | No      | Standard       | Yes              |                 43 | PayPal         | Fortnightly            | Middle-Aged |                      14 |
|        1340 |   36 | Male   | Belt           | Accessories |              56 | Indiana        | L    | Olive     | Winter |             5 | No      | Next Day Air   | Yes              |                  5 | Bank Transfer  | Every 3 Months         | Adult       |                      90 |
|        1341 |   40 | Male   | Belt           | Accessories |              72 | Idaho          | M    | Peach     | Fall   |           4.4 | No      | Next Day Air   | Yes              |                  5 | Debit Card     | Every 3 Months         | Adult       |                      90 |
|        1342 |   26 | Male   | Hoodie         | Clothing    |              27 | Rhode Island   | XL   | Yellow    | Fall   |           2.9 | No      | Standard       | Yes              |                 31 | Bank Transfer  | Quarterly              | Young Adult |                      90 |
|        1343 |   57 | Male   | Sunglasses     | Accessories |              43 | Arizona        | XL   | Yellow    | Summer |           3.4 | No      | 2-Day Shipping | Yes              |                 11 | Bank Transfer  | Monthly                | Middle-Aged |                      30 |
|        1344 |   68 | Male   | Sneakers       | Footwear    |              56 | Florida        | M    | Indigo    | Spring |           3.4 | No      | Standard       | Yes              |                 34 | Bank Transfer  | Monthly                | Senior      |                      30 |
|        1345 |   56 | Male   | T-shirt        | Clothing    |              37 | New York       | S    | Violet    | Fall   |           4.9 | No      | Next Day Air   | Yes              |                 14 | Cash           | Annually               | Middle-Aged |                     365 |
|        1346 |   40 | Male   | Dress          | Clothing    |              21 | Nebraska       | M    | White     | Fall   |           3.6 | No      | Standard       | Yes              |                 42 | Venmo          | Weekly                 | Adult       |                       7 |
|        1347 |   44 | Male   | Hoodie         | Clothing    |              91 | Mississippi    | L    | White     | Winter |             3 | No      | Free Shipping  | Yes              |                 15 | Venmo          | Bi-Weekly              | Adult       |                      14 |
|        1348 |   44 | Male   | Sweater        | Clothing    |              95 | Vermont        | M    | Cyan      | Summer |           3.9 | No      | 2-Day Shipping | Yes              |                 47 | Bank Transfer  | Monthly                | Adult       |                      30 |
|        1349 |   19 | Male   | Belt           | Accessories |              54 | Nebraska       | XL   | Purple    | Spring |           3.2 | No      | Standard       | Yes              |                 23 | Credit Card    | Fortnightly            | Young Adult |                      14 |
|        1350 |   21 | Male   | Socks          | Clothing    |              36 | South Carolina | XL   | Black     | Spring |           3.2 | No      | Next Day Air   | Yes              |                 23 | Cash           | Bi-Weekly              | Young Adult |                      14 |
|        1351 |   31 | Male   | Sunglasses     | Accessories |              71 | Delaware       | M    | Orange    | Fall   |           4.3 | No      | Next Day Air   | Yes              |                  1 | Cash           | Every 3 Months         | Young Adult |                      90 |
|        1352 |   30 | Male   | Coat           | Outerwear   |              31 | Vermont        | L    | Maroon    | Summer |           2.8 | No      | 2-Day Shipping | Yes              |                 28 | Bank Transfer  | Quarterly              | Young Adult |                      90 |
|        1353 |   65 | Male   | Hat            | Accessories |              89 | Indiana        | XL   | Orange    | Spring |           4.5 | No      | Next Day Air   | Yes              |                 37 | Credit Card    | Bi-Weekly              | Senior      |                      14 |
|        1354 |   39 | Male   | Pants          | Clothing    |              83 | Oregon         | M    | Teal      | Winter |           4.1 | No      | Next Day Air   | Yes              |                  4 | Cash           | Every 3 Months         | Adult       |                      90 |
|        1355 |   64 | Male   | Backpack       | Accessories |              42 | Maryland       | M    | Gray      | Spring |           3.6 | No      | 2-Day Shipping | Yes              |                 21 | Bank Transfer  | Quarterly              | Senior      |                      90 |
|        1356 |   59 | Male   | Shorts         | Clothing    |              91 | Florida        | M    | Blue      | Summer |             3 | No      | 2-Day Shipping | Yes              |                 50 | PayPal         | Bi-Weekly              | Senior      |                      14 |
|        1357 |   49 | Male   | Jacket         | Outerwear   |              61 | Indiana        | M    | Cyan      | Spring |             4 | No      | Free Shipping  | Yes              |                 34 | Bank Transfer  | Annually               | Middle-Aged |                     365 |
|        1358 |   24 | Male   | Backpack       | Accessories |              66 | Texas          | S    | Red       | Summer |           3.5 | No      | Next Day Air   | Yes              |                 20 | Cash           | Quarterly              | Young Adult |                      90 |
|        1359 |   19 | Male   | Scarf          | Accessories |              22 | Nebraska       | XL   | Pink      | Spring |           2.5 | No      | Store Pickup   | Yes              |                 25 | Venmo          | Every 3 Months         | Young Adult |                      90 |
|        1360 |   27 | Male   | Hoodie         | Clothing    |              68 | North Carolina | S    | Cyan      | Winter |           4.3 | No      | Store Pickup   | Yes              |                 26 | Bank Transfer  | Fortnightly            | Young Adult |                      14 |
|        1361 |   56 | Male   | Skirt          | Clothing    |              43 | Alabama        | L    | Black     | Fall   |           2.8 | No      | Express        | Yes              |                  4 | Bank Transfer  | Annually               | Middle-Aged |                     365 |
|        1362 |   49 | Male   | Dress          | Clothing    |              32 | Alabama        | M    | Beige     | Fall   |           3.7 | No      | Next Day Air   | Yes              |                 39 | Debit Card     | Monthly                | Middle-Aged |                      30 |
|        1363 |   41 | Male   | Coat           | Outerwear   |              46 | Colorado       | M    | Gray      | Fall   |           4.3 | No      | Express        | Yes              |                 29 | Cash           | Weekly                 | Adult       |                       7 |
|        1364 |   36 | Male   | Blouse         | Clothing    |              90 | Wisconsin      | L    | Red       | Summer |             4 | No      | Express        | Yes              |                 47 | PayPal         | Quarterly              | Adult       |                      90 |
|        1365 |   68 | Male   | Hat            | Accessories |              75 | Delaware       | L    | Yellow    | Fall   |           4.7 | No      | Express        | Yes              |                  5 | Cash           | Every 3 Months         | Senior      |                      90 |
|        1366 |   28 | Male   | Handbag        | Accessories |              69 | Indiana        | M    | Magenta   | Winter |           4.5 | No      | Store Pickup   | Yes              |                 18 | Bank Transfer  | Fortnightly            | Young Adult |                      14 |
|        1367 |   45 | Male   | Belt           | Accessories |              40 | Iowa           | M    | Magenta   | Fall   |           3.1 | No      | Free Shipping  | Yes              |                 10 | Credit Card    | Fortnightly            | Middle-Aged |                      14 |
|        1368 |   60 | Male   | Belt           | Accessories |              63 | Iowa           | S    | Black     | Fall   |           3.8 | No      | Express        | Yes              |                 25 | Cash           | Quarterly              | Senior      |                      90 |
|        1369 |   21 | Male   | Shirt          | Clothing    |              36 | Wisconsin      | L    | Orange    | Summer |           4.9 | No      | Express        | Yes              |                  2 | Cash           | Weekly                 | Young Adult |                       7 |
|        1370 |   32 | Male   | Shoes          | Footwear    |              75 | Iowa           | M    | Green     | Winter |           3.2 | No      | Standard       | Yes              |                 48 | Venmo          | Fortnightly            | Adult       |                      14 |
|        1371 |   27 | Male   | Scarf          | Accessories |              67 | Montana        | L    | Peach     | Summer |           2.9 | No      | 2-Day Shipping | Yes              |                 41 | Bank Transfer  | Every 3 Months         | Young Adult |                      90 |
|        1372 |   40 | Male   | Pants          | Clothing    |              64 | Mississippi    | M    | Charcoal  | Spring |           2.8 | No      | Store Pickup   | Yes              |                 42 | Credit Card    | Monthly                | Adult       |                      30 |
|        1373 |   64 | Male   | Blouse         | Clothing    |              61 | Michigan       | M    | Gray      | Fall   |             4 | No      | 2-Day Shipping | Yes              |                 44 | PayPal         | Bi-Weekly              | Senior      |                      14 |
|        1374 |   18 | Male   | Gloves         | Accessories |              40 | Virginia       | L    | Turquoise | Winter |           2.6 | No      | Store Pickup   | Yes              |                  6 | Cash           | Quarterly              | Young Adult |                      90 |
|        1375 |   22 | Male   | Handbag        | Accessories |              97 | New York       | M    | Red       | Fall   |           2.7 | No      | Free Shipping  | Yes              |                  5 | Bank Transfer  | Quarterly              | Young Adult |                      90 |
|        1376 |   42 | Male   | Sneakers       | Footwear    |              31 | Maine          | L    | Brown     | Spring |           4.1 | No      | 2-Day Shipping | Yes              |                  8 | Credit Card    | Annually               | Adult       |                     365 |
|        1377 |   57 | Male   | Sandals        | Footwear    |              65 | New Jersey     | L    | Pink      | Spring |             5 | No      | Free Shipping  | Yes              |                 24 | PayPal         | Annually               | Middle-Aged |                     365 |
|        1378 |   33 | Male   | Sunglasses     | Accessories |              54 | Maryland       | L    | Olive     | Spring |             3 | No      | Next Day Air   | Yes              |                 42 | Venmo          | Monthly                | Adult       |                      30 |
|        1379 |   37 | Male   | Jacket         | Outerwear   |              49 | Kentucky       | XL   | Lavender  | Fall   |           3.6 | No      | Free Shipping  | Yes              |                 24 | Venmo          | Weekly                 | Adult       |                       7 |
|        1380 |   21 | Male   | T-shirt        | Clothing    |              64 | Minnesota      | L    | Purple    | Fall   |           2.8 | No      | 2-Day Shipping | Yes              |                 38 | Venmo          | Bi-Weekly              | Young Adult |                      14 |
|        1381 |   51 | Male   | Sneakers       | Footwear    |              35 | Massachusetts  | S    | Beige     | Winter |           4.6 | No      | Standard       | Yes              |                 41 | Cash           | Fortnightly            | Middle-Aged |                      14 |
|        1382 |   30 | Male   | Shoes          | Footwear    |              86 | Illinois       | L    | Green     | Winter |           2.9 | No      | Standard       | Yes              |                 48 | Venmo          | Quarterly              | Young Adult |                      90 |
|        1383 |   68 | Male   | Jacket         | Outerwear   |              55 | Michigan       | L    | Brown     | Winter |           4.8 | No      | Express        | Yes              |                 16 | Bank Transfer  | Quarterly              | Senior      |                      90 |
|        1384 |   36 | Male   | Scarf          | Accessories |              58 | Wisconsin      | M    | Beige     | Spring |           3.3 | No      | Express        | Yes              |                  4 | Venmo          | Monthly                | Adult       |                      30 |
|        1385 |   46 | Male   | Sneakers       | Footwear    |              96 | Alaska         | M    | Beige     | Fall   |           4.6 | No      | Standard       | Yes              |                  8 | Bank Transfer  | Weekly                 | Middle-Aged |                       7 |
|        1386 |   41 | Male   | Jewelry        | Accessories |              64 | Mississippi    | M    | Indigo    | Fall   |           2.6 | No      | Store Pickup   | Yes              |                  1 | Bank Transfer  | Bi-Weekly              | Adult       |                      14 |
|        1387 |   68 | Male   | Jacket         | Outerwear   |              56 | Oregon         | M    | Silver    | Fall   |             4 | No      | Next Day Air   | Yes              |                  4 | Debit Card     | Quarterly              | Senior      |                      90 |
|        1388 |   21 | Male   | Blouse         | Clothing    |              85 | Maryland       | M    | Gold      | Winter |           3.8 | No      | Standard       | Yes              |                 20 | Credit Card    | Monthly                | Young Adult |                      30 |
|        1389 |   62 | Male   | Dress          | Clothing    |              23 | Arkansas       | M    | Lavender  | Spring |           3.9 | No      | Express        | Yes              |                 40 | Cash           | Quarterly              | Senior      |                      90 |
|        1390 |   59 | Male   | Scarf          | Accessories |              72 | Illinois       | L    | Orange    | Fall   |           2.6 | No      | Store Pickup   | Yes              |                  8 | Debit Card     | Fortnightly            | Senior      |                      14 |
|        1391 |   25 | Male   | Hat            | Accessories |              38 | Arkansas       | M    | Maroon    | Summer |           4.3 | No      | Standard       | Yes              |                 42 | Debit Card     | Weekly                 | Young Adult |                       7 |
|        1392 |   53 | Male   | Blouse         | Clothing    |              29 | Mississippi    | S    | White     | Winter |           3.6 | No      | Express        | Yes              |                 38 | Credit Card    | Annually               | Middle-Aged |                     365 |
|        1393 |   31 | Male   | Gloves         | Accessories |              46 | Arkansas       | M    | Yellow    | Spring |           4.2 | No      | Express        | Yes              |                 34 | Venmo          | Every 3 Months         | Young Adult |                      90 |
|        1394 |   46 | Male   | Gloves         | Accessories |              58 | Idaho          | L    | Yellow    | Spring |           3.9 | No      | Express        | Yes              |                 14 | PayPal         | Fortnightly            | Middle-Aged |                      14 |
|        1395 |   26 | Male   | Coat           | Outerwear   |              43 | Iowa           | L    | Magenta   | Fall   |           4.7 | No      | Next Day Air   | Yes              |                 39 | Cash           | Weekly                 | Young Adult |                       7 |
|        1396 |   47 | Male   | Scarf          | Accessories |              32 | West Virginia  | L    | Turquoise | Spring |           2.8 | No      | Next Day Air   | Yes              |                 40 | PayPal         | Bi-Weekly              | Middle-Aged |                      14 |
|        1397 |   37 | Male   | Pants          | Clothing    |              30 | Wisconsin      | XL   | Lavender  | Winter |             3 | No      | Next Day Air   | Yes              |                 49 | Debit Card     | Monthly                | Adult       |                      30 |
|        1398 |   55 | Male   | Sunglasses     | Accessories |              67 | Massachusetts  | S    | Magenta   | Summer |           4.7 | No      | Store Pickup   | Yes              |                 33 | PayPal         | Annually               | Middle-Aged |                     365 |
|        1399 |   30 | Male   | Dress          | Clothing    |              45 | Texas          | M    | Cyan      | Summer |           2.5 | No      | Free Shipping  | Yes              |                 25 | Credit Card    | Weekly                 | Young Adult |                       7 |
|        1400 |   19 | Male   | Hat            | Accessories |              81 | Nebraska       | M    | Olive     | Winter |           3.1 | No      | Store Pickup   | Yes              |                 48 | Venmo          | Annually               | Young Adult |                     365 |
|        1401 |   36 | Male   | Backpack       | Accessories |              23 | Nevada         | M    | Red       | Fall   |           3.6 | No      | Next Day Air   | Yes              |                 22 | Credit Card    | Every 3 Months         | Adult       |                      90 |
|        1402 |   23 | Male   | Sandals        | Footwear    |              59 | Indiana        | M    | Blue      | Fall   |           3.5 | No      | 2-Day Shipping | Yes              |                  1 | PayPal         | Weekly                 | Young Adult |                       7 |
|        1403 |   62 | Male   | Sunglasses     | Accessories |              21 | North Dakota   | L    | White     | Summer |           3.1 | No      | Express        | Yes              |                 47 | PayPal         | Monthly                | Senior      |                      30 |
|        1404 |   26 | Male   | Backpack       | Accessories |              20 | Georgia        | M    | Peach     | Spring |           3.6 | No      | Store Pickup   | Yes              |                 20 | Credit Card    | Bi-Weekly              | Young Adult |                      14 |
|        1405 |   36 | Male   | Jewelry        | Accessories |              28 | New Mexico     | M    | Charcoal  | Winter |           3.5 | No      | Next Day Air   | Yes              |                 10 | Debit Card     | Weekly                 | Adult       |                       7 |
|        1406 |   33 | Male   | Socks          | Clothing    |             100 | New Hampshire  | M    | Peach     | Winter |           2.7 | No      | Store Pickup   | Yes              |                 39 | Credit Card    | Monthly                | Adult       |                      30 |
|        1407 |   32 | Male   | Shirt          | Clothing    |              46 | Washington     | L    | Turquoise | Spring |           3.6 | No      | Express        | Yes              |                 15 | Debit Card     | Monthly                | Adult       |                      30 |
|        1408 |   56 | Male   | Handbag        | Accessories |              61 | Nevada         | XL   | Charcoal  | Spring |           4.5 | No      | Express        | Yes              |                 11 | Credit Card    | Annually               | Middle-Aged |                     365 |
|        1409 |   58 | Male   | Blouse         | Clothing    |              58 | Maine          | M    | Yellow    | Winter |           4.1 | No      | Free Shipping  | Yes              |                 38 | Venmo          | Weekly                 | Senior      |                       7 |
|        1410 |   34 | Male   | Backpack       | Accessories |              50 | Idaho          | M    | Blue      | Spring |           4.2 | No      | Standard       | Yes              |                 41 | Cash           | Fortnightly            | Adult       |                      14 |
|        1411 |   61 | Male   | Hat            | Accessories |              93 | Tennessee      | M    | Purple    | Summer |             4 | No      | Store Pickup   | Yes              |                 18 | Debit Card     | Annually               | Senior      |                     365 |
|        1412 |   48 | Male   | Skirt          | Clothing    |              24 | Louisiana      | L    | Green     | Summer |           2.8 | No      | Store Pickup   | Yes              |                 13 | Venmo          | Quarterly              | Middle-Aged |                      90 |
|        1413 |   25 | Male   | Shorts         | Clothing    |             100 | Michigan       | M    | Charcoal  | Summer |           2.6 | No      | 2-Day Shipping | Yes              |                 43 | Venmo          | Annually               | Young Adult |                     365 |
|        1414 |   51 | Male   | Blouse         | Clothing    |              79 | New Hampshire  | S    | Indigo    | Fall   |           2.7 | No      | Store Pickup   | Yes              |                 12 | Bank Transfer  | Quarterly              | Middle-Aged |                      90 |
|        1415 |   29 | Male   | Socks          | Clothing    |              51 | Minnesota      | M    | Black     | Summer |           4.5 | No      | Store Pickup   | Yes              |                  3 | Credit Card    | Bi-Weekly              | Young Adult |                      14 |
|        1416 |   54 | Male   | Belt           | Accessories |              90 | Illinois       | M    | Blue      | Winter |           3.7 | No      | Free Shipping  | Yes              |                 12 | Credit Card    | Every 3 Months         | Middle-Aged |                      90 |
|        1417 |   48 | Male   | Boots          | Footwear    |              56 | Idaho          | L    | Silver    | Summer |           3.4 | No      | Free Shipping  | Yes              |                 46 | Cash           | Quarterly              | Middle-Aged |                      90 |
|        1418 |   62 | Male   | Shorts         | Clothing    |              25 | Montana        | S    | Brown     | Spring |           4.6 | No      | Standard       | Yes              |                 21 | Debit Card     | Fortnightly            | Senior      |                      14 |
|        1419 |   18 | Male   | Shirt          | Clothing    |              75 | Alabama        | M    | Violet    | Summer |           4.1 | No      | 2-Day Shipping | Yes              |                 23 | Venmo          | Every 3 Months         | Young Adult |                      90 |
|        1420 |   43 | Male   | Handbag        | Accessories |              75 | Montana        | M    | Orange    | Summer |           2.6 | No      | Free Shipping  | Yes              |                  4 | Debit Card     | Quarterly              | Adult       |                      90 |
|        1421 |   22 | Male   | Jeans          | Clothing    |              53 | California     | XL   | Gray      | Summer |           4.6 | No      | Store Pickup   | Yes              |                 45 | PayPal         | Every 3 Months         | Young Adult |                      90 |
|        1422 |   68 | Male   | Dress          | Clothing    |             100 | Pennsylvania   | S    | Gold      | Spring |             3 | No      | Standard       | Yes              |                 24 | Bank Transfer  | Fortnightly            | Senior      |                      14 |
|        1423 |   44 | Male   | Dress          | Clothing    |              27 | Texas          | L    | Charcoal  | Fall   |           3.4 | No      | Free Shipping  | Yes              |                  3 | PayPal         | Bi-Weekly              | Adult       |                      14 |
|        1424 |   51 | Male   | Sandals        | Footwear    |              60 | Michigan       | S    | Black     | Fall   |           3.5 | No      | Free Shipping  | Yes              |                 12 | Venmo          | Every 3 Months         | Middle-Aged |                      90 |
|        1425 |   66 | Male   | Jacket         | Outerwear   |              23 | Connecticut    | S    | Indigo    | Fall   |           3.5 | No      | Standard       | Yes              |                 34 | Bank Transfer  | Every 3 Months         | Senior      |                      90 |
|        1426 |   59 | Male   | Coat           | Outerwear   |              40 | Wyoming        | S    | White     | Winter |           3.7 | No      | Next Day Air   | Yes              |                 39 | Credit Card    | Annually               | Senior      |                     365 |
|        1427 |   60 | Male   | Pants          | Clothing    |              38 | Michigan       | M    | Yellow    | Summer |           4.8 | No      | Free Shipping  | Yes              |                 35 | PayPal         | Every 3 Months         | Senior      |                      90 |
|        1428 |   31 | Male   | Backpack       | Accessories |              90 | South Dakota   | S    | Orange    | Summer |           4.9 | No      | Store Pickup   | Yes              |                  8 | Credit Card    | Annually               | Young Adult |                     365 |
|        1429 |   20 | Male   | Blouse         | Clothing    |              97 | North Dakota   | S    | Green     | Summer |           4.9 | No      | Express        | Yes              |                 42 | PayPal         | Quarterly              | Young Adult |                      90 |
|        1430 |   24 | Male   | Skirt          | Clothing    |              38 | Maryland       | L    | Gold      | Fall   |           4.7 | No      | Standard       | Yes              |                  6 | Credit Card    | Every 3 Months         | Young Adult |                      90 |
|        1431 |   48 | Male   | Sandals        | Footwear    |              30 | Michigan       | S    | Orange    | Summer |           4.9 | No      | Free Shipping  | Yes              |                  3 | Credit Card    | Fortnightly            | Middle-Aged |                      14 |
|        1432 |   39 | Male   | Pants          | Clothing    |              88 | South Dakota   | M    | Cyan      | Fall   |           2.9 | No      | Express        | Yes              |                 29 | Venmo          | Quarterly              | Adult       |                      90 |
|        1433 |   34 | Male   | Hat            | Accessories |              33 | Florida        | L    | Black     | Winter |           4.4 | No      | Express        | Yes              |                 32 | Debit Card     | Quarterly              | Adult       |                      90 |
|        1434 |   70 | Male   | Hoodie         | Clothing    |              60 | Minnesota      | L    | Yellow    | Winter |           3.2 | No      | Next Day Air   | Yes              |                 45 | Debit Card     | Weekly                 | Senior      |                       7 |
|        1435 |   59 | Male   | Sweater        | Clothing    |              64 | New York       | L    | Maroon    | Summer |           4.6 | No      | Free Shipping  | Yes              |                 21 | Debit Card     | Bi-Weekly              | Senior      |                      14 |
|        1436 |   45 | Male   | Scarf          | Accessories |              95 | Oregon         | XL   | Black     | Fall   |             4 | No      | Standard       | Yes              |                 41 | Cash           | Weekly                 | Middle-Aged |                       7 |
|        1437 |   35 | Male   | Sneakers       | Footwear    |              83 | Minnesota      | M    | Gray      | Winter |           3.7 | No      | Free Shipping  | Yes              |                 23 | PayPal         | Fortnightly            | Adult       |                      14 |
|        1438 |   69 | Male   | Boots          | Footwear    |              97 | Montana        | XL   | Orange    | Winter |           4.2 | No      | Free Shipping  | Yes              |                 14 | Cash           | Annually               | Senior      |                     365 |
|        1439 |   58 | Male   | Coat           | Outerwear   |              38 | Washington     | M    | Cyan      | Spring |           2.9 | No      | Standard       | Yes              |                 24 | Debit Card     | Monthly                | Senior      |                      30 |
|        1440 |   25 | Male   | Boots          | Footwear    |              48 | New Mexico     | M    | Magenta   | Summer |           4.8 | No      | Next Day Air   | Yes              |                 25 | Cash           | Fortnightly            | Young Adult |                      14 |
|        1441 |   27 | Male   | Sandals        | Footwear    |              76 | Arizona        | M    | Pink      | Spring |           4.4 | No      | Standard       | Yes              |                 13 | Venmo          | Monthly                | Young Adult |                      30 |
|        1442 |   34 | Male   | Pants          | Clothing    |              25 | Nebraska       | S    | Turquoise | Summer |           3.4 | No      | Free Shipping  | Yes              |                  3 | Venmo          | Every 3 Months         | Adult       |                      90 |
|        1443 |   53 | Male   | Hoodie         | Clothing    |              92 | Idaho          | S    | Violet    | Spring |           2.8 | No      | 2-Day Shipping | Yes              |                 42 | Credit Card    | Annually               | Middle-Aged |                     365 |
|        1444 |   58 | Male   | Sandals        | Footwear    |              47 | Idaho          | L    | Teal      | Fall   |           4.2 | No      | Next Day Air   | Yes              |                  2 | Cash           | Monthly                | Senior      |                      30 |
|        1445 |   32 | Male   | Sweater        | Clothing    |              36 | Vermont        | L    | Pink      | Fall   |           3.8 | No      | Express        | Yes              |                 26 | Cash           | Quarterly              | Adult       |                      90 |
|        1446 |   64 | Male   | Belt           | Accessories |              51 | Arkansas       | M    | Gold      | Fall   |           3.1 | No      | 2-Day Shipping | Yes              |                 24 | Credit Card    | Annually               | Senior      |                     365 |
|        1447 |   63 | Male   | Jeans          | Clothing    |              35 | Wyoming        | XL   | Red       | Summer |           3.2 | No      | Express        | Yes              |                  6 | Credit Card    | Quarterly              | Senior      |                      90 |
|        1448 |   23 | Male   | Hoodie         | Clothing    |              57 | New Mexico     | S    | Beige     | Summer |             3 | No      | Next Day Air   | Yes              |                 25 | PayPal         | Monthly                | Young Adult |                      30 |
|        1449 |   64 | Male   | Boots          | Footwear    |              95 | West Virginia  | M    | Black     | Summer |           3.6 | No      | Free Shipping  | Yes              |                 11 | Credit Card    | Every 3 Months         | Senior      |                      90 |
|        1450 |   18 | Male   | Socks          | Clothing    |              41 | New York       | L    | Lavender  | Winter |           2.5 | No      | Store Pickup   | Yes              |                 20 | Cash           | Every 3 Months         | Young Adult |                      90 |
|        1451 |   25 | Male   | Dress          | Clothing    |              44 | Illinois       | S    | Teal      | Winter |           3.4 | No      | Free Shipping  | Yes              |                 25 | Cash           | Quarterly              | Young Adult |                      90 |
|        1452 |   54 | Male   | Jacket         | Outerwear   |              34 | Utah           | M    | Maroon    | Fall   |           2.5 | No      | Next Day Air   | Yes              |                 35 | PayPal         | Quarterly              | Middle-Aged |                      90 |
|        1453 |   60 | Male   | Jacket         | Outerwear   |              25 | Colorado       | L    | Blue      | Spring |           4.7 | No      | 2-Day Shipping | Yes              |                 11 | Bank Transfer  | Quarterly              | Senior      |                      90 |
|        1454 |   36 | Male   | Boots          | Footwear    |              93 | Virginia       | S    | Teal      | Winter |           3.2 | No      | 2-Day Shipping | Yes              |                 41 | Bank Transfer  | Fortnightly            | Adult       |                      14 |
|        1455 |   66 | Male   | Sneakers       | Footwear    |              50 | Georgia        | L    | Maroon    | Winter |           2.9 | No      | Free Shipping  | Yes              |                 17 | Credit Card    | Annually               | Senior      |                     365 |
|        1456 |   60 | Male   | Pants          | Clothing    |              79 | Alabama        | L    | Silver    | Fall   |           4.9 | No      | Express        | Yes              |                  1 | PayPal         | Every 3 Months         | Senior      |                      90 |
|        1457 |   59 | Male   | Coat           | Outerwear   |             100 | Montana        | S    | Olive     | Spring |           2.7 | No      | Store Pickup   | Yes              |                 30 | PayPal         | Every 3 Months         | Senior      |                      90 |
|        1458 |   58 | Male   | Shirt          | Clothing    |              57 | Pennsylvania   | S    | Gray      | Spring |           4.7 | No      | Express        | Yes              |                 47 | Venmo          | Fortnightly            | Senior      |                      14 |
|        1459 |   35 | Male   | Sweater        | Clothing    |              28 | Missouri       | M    | Peach     | Spring |           2.9 | No      | 2-Day Shipping | Yes              |                 34 | Venmo          | Weekly                 | Adult       |                       7 |
|        1460 |   20 | Male   | Shoes          | Footwear    |              35 | Maine          | L    | Yellow    | Winter |           4.8 | No      | Express        | Yes              |                 18 | Venmo          | Fortnightly            | Young Adult |                      14 |
|        1461 |   70 | Male   | Boots          | Footwear    |              85 | Pennsylvania   | L    | Violet    | Fall   |           4.6 | No      | Standard       | Yes              |                 33 | Venmo          | Bi-Weekly              | Senior      |                      14 |
|        1462 |   54 | Male   | Sunglasses     | Accessories |              95 | Oregon         | S    | Red       | Summer |             5 | No      | 2-Day Shipping | Yes              |                 42 | Venmo          | Quarterly              | Middle-Aged |                      90 |
|        1463 |   38 | Male   | Sneakers       | Footwear    |              90 | Utah           | S    | Charcoal  | Summer |           4.8 | No      | 2-Day Shipping | Yes              |                  2 | Venmo          | Quarterly              | Adult       |                      90 |
|        1464 |   54 | Male   | Jewelry        | Accessories |              49 | Oklahoma       | M    | Beige     | Summer |           4.9 | No      | Store Pickup   | Yes              |                  1 | Bank Transfer  | Monthly                | Middle-Aged |                      30 |
|        1465 |   33 | Male   | Belt           | Accessories |              92 | Montana        | M    | Peach     | Winter |           4.6 | No      | 2-Day Shipping | Yes              |                 23 | Bank Transfer  | Quarterly              | Adult       |                      90 |
|        1466 |   46 | Male   | Gloves         | Accessories |              72 | Nebraska       | XL   | Violet    | Winter |           3.9 | No      | Store Pickup   | Yes              |                 42 | Cash           | Bi-Weekly              | Middle-Aged |                      14 |
|        1467 |   58 | Male   | Shorts         | Clothing    |              71 | Alabama        | M    | Green     | Summer |           4.5 | No      | Store Pickup   | Yes              |                  3 | PayPal         | Annually               | Senior      |                     365 |
|        1468 |   30 | Male   | Jewelry        | Accessories |              27 | Ohio           | XL   | Olive     | Winter |           4.7 | No      | Store Pickup   | Yes              |                 16 | Debit Card     | Fortnightly            | Young Adult |                      14 |
|        1469 |   42 | Male   | Gloves         | Accessories |              39 | Arkansas       | S    | Silver    | Fall   |      | -- query aborted
      3.9 | No                  | Express        | Yes              |                 46 | Cash           | Fortnightly            | Adult       |            14 |
+-------------+------+--------+----------------+-------------+-----------------+----------------+------+-----------+--------+---------------+---------------------+----------------+------------------+--------------------+----------------+------------------------+-------------+-------------------------+
3900 rows in set (0.03 sec)

mysql> select * from costumer_data limit 10;
ERROR 1146 (42S02): Table 'csa_project.costumer_data' doesn't exist
mysql> select * from customer_data limit 10;
+-------------+------+--------+----------------+-------------+-----------------+---------------+------+-----------+--------+---------------+---------------------+----------------+------------------+--------------------+----------------+------------------------+-------------+-------------------------+
| customer_id | age  | gender | item_purchased | category    | purchase_amount | location      | size | color     | season | review_rating | subscription_status | shipping_type  | discount_applied | previous_purchases | payment_method | frequency_of_purchases | age_group   | purchase_frequency_days |
+-------------+------+--------+----------------+-------------+-----------------+---------------+------+-----------+--------+---------------+---------------------+----------------+------------------+--------------------+----------------+------------------------+-------------+-------------------------+
|           1 |   55 | Male   | Blouse         | Clothing    |              53 | Kentucky      | L    | Gray      | Winter |           3.1 | Yes     | Express        | Yes              |                 14 | Venmo          | Fortnightly            | Middle-Aged |                      14 |
|           2 |   19 | Male   | Sweater        | Clothing    |              64 | Maine         | L    | Maroon    | Winter |           3.1 | Yes     | Express        | Yes              |                  2 | Cash           | Fortnightly            | Young Adult |                      14 |
|           3 |   50 | Male   | Jeans          | Clothing    |              73 | Massachusetts | S    | Maroon    | Spring |           3.1 | Yes     | Free Shipping  | Yes              |                 23 | Credit Card    | Weekly                 | Middle-Aged |                       7 |
|           4 |   21 | Male   | Sandals        | Footwear    |              90 | Rhode Island  | M    | Maroon    | Spring |           3.5 | Yes     | Next Day Air   | Yes              |                 49 | PayPal         | Weekly                 | Young Adult |                       7 |
|           5 |   45 | Male   | Blouse         | Clothing    |              49 | Oregon        | M    | Turquoise | Spring |           2.7 | Yes     | Free Shipping  | Yes              |                 31 | PayPal         | Annually               | Middle-Aged |                     365 |
|           6 |   46 | Male   | Sneakers       | Footwear    |              20 | Wyoming       | M    | White     | Summer |           2.9 | Yes     | Standard       | Yes              |                 14 | Venmo          | Weekly                 | Middle-Aged |                       7 |
|           7 |   63 | Male   | Shirt          | Clothing    |              85 | Montana       | M    | Gray      | Fall   |           3.2 | Yes     | Free Shipping  | Yes              |                 49 | Cash           | Quarterly              | Senior      |                      90 |
|           8 |   27 | Male   | Shorts         | Clothing    |              34 | Louisiana     | L    | Charcoal  | Winter |           3.2 | Yes     | Free Shipping  | Yes              |                 19 | Credit Card    | Weekly                 | Young Adult |                       7 |
|           9 |   26 | Male   | Coat           | Outerwear   |              97 | West Virginia | L    | Silver    | Summer |           2.6 | Yes     | Express        | Yes              |                  8 | Venmo          | Annually               | Young Adult |                     365 |
|          10 |   57 | Male   | Handbag        | Accessories |              31 | Missouri      | M    | Pink      | Spring |           4.8 | Yes     | 2-Day Shipping | Yes              |                  4 | Cash           | Quarterly              | Middle-Aged |                      90 |
+-------------+------+--------+----------------+-------------+-----------------+---------------+------+-----------+--------+---------------+---------------------+----------------+------------------+--------------------+----------------+------------------------+-------------+-------------------------+
10 rows in set (0.00 sec)

mysql> select customer_id, age, gender ,item_purchased from customer_data limit 10;
+-------------+------+--------+----------------+
| customer_id | age  | gender | item_purchased |
+-------------+------+--------+----------------+
|           1 |   55 | Male   | Blouse         |
|           2 |   19 | Male   | Sweater        |
|           3 |   50 | Male   | Jeans          |
|           4 |   21 | Male   | Sandals        |
|           5 |   45 | Male   | Blouse         |
|           6 |   46 | Male   | Sneakers       |
|           7 |   63 | Male   | Shirt          |
|           8 |   27 | Male   | Shorts         |
|           9 |   26 | Male   | Coat           |
|          10 |   57 | Male   | Handbag        |
+-------------+------+--------+----------------+
10 rows in set (0.00 sec)

mysql> select count(*) as total_customers from coustomer_data;
ERROR 1146 (42S02): Table 'csa_project.coustomer_data' doesn't exist
mysql> select count(*) as total_customers from customer_data;
+-----------------+
| total_customers |
+-----------------+
|            3900 |
+-----------------+
1 row in set (0.01 sec)

mysql> select gender, count(*) as total from customer_data group by gender;
+--------+-------+
| gender | total |
+--------+-------+
| Male   |  2652 |
| Female |  1248 |
+--------+-------+
2 rows in set (0.01 sec)

mysql> select subscription_status, count(*) as total from customer_data group by subscription_status;
+---------------------+-------+
| subscription_status | total |
+---------------------+-------+
| Yes                 |  1053 |
| No                  |  2847 |
+---------------------+-------+
2 rows in set (0.02 sec)

mysql> select avg(purchase_amount) as avg_purchase from customer_data;
+--------------+
| avg_purchase |
+--------------+
|      59.7644 |
+--------------+
1 row in set (0.01 sec)

mysql> alter table customer_data rename to cd;
Query OK, 0 rows affected (0.04 sec)

mysql> select * from cd order by purchase_amount desc limit 10;
+-------------+------+--------+----------------+-------------+-----------------+---------------+------+-----------+--------+---------------+---------------------+----------------+------------------+--------------------+----------------+------------------------+-------------+-------------------------+
| customer_id | age  | gender | item_purchased | category    | purchase_amount | location      | size | color     | season | review_rating | subscription_status | shipping_type  | discount_applied | previous_purchases | payment_method | frequency_of_purchases | age_group   | purchase_frequency_days |
+-------------+------+--------+----------------+-------------+-----------------+---------------+------+-----------+--------+---------------+---------------------+----------------+------------------+--------------------+----------------+------------------------+-------------+-------------------------+
|        3726 |   18 | Female | Dress          | Clothing    |             100 | Oklahoma      | S    | Turquoise | Winter |           4.4 | No     | Next Day Air   | No               |                  2 | PayPal         | Annually               | Young Adult |                     365 |
|        3838 |   45 | Female | Hoodie         | Clothing    |             100 | New Mexico    | M    | Green     | Spring |           4.8 | No     | Free Shipping  | No               |                 33 | Bank Transfer  | Fortnightly            | Middle-Aged |                      14 |
|          43 |   20 | Male   | Coat           | Outerwear   |             100 | Tennessee     | M    | Beige     | Spring |           4.1 | Yes     | Free Shipping  | Yes              |                 15 | PayPal         | Annually               | Young Adult |                     365 |
|        1413 |   25 | Male   | Shorts         | Clothing    |             100 | Michigan      | M    | Charcoal  | Summer |           2.6 | No     | 2-Day Shipping | Yes              |                 43 | Venmo          | Annually               | Young Adult |                     365 |
|         194 |   36 | Male   | Belt           | Accessories |             100 | North Dakota  | S    | Silver    | Fall   |             3 | Yes     | Standard       | Yes              |                 29 | Venmo          | Annually               | Adult       |                     365 |
|         456 |   54 | Male   | Blouse         | Clothing    |             100 | Utah          | XL   | Gold      | Fall   |           3.6 | Yes     | Store Pickup   | Yes              |                 50 | Debit Card     | Fortnightly            | Middle-Aged |                      14 |
|        1301 |   67 | Male   | T-shirt        | Clothing    |             100 | West Virginia | M    | Charcoal  | Spring |           4.5 | No     | Next Day Air   | Yes              |                 47 | Credit Card    | Every 3 Months         | Senior      |                      90 |
|         244 |   25 | Male   | Jewelry        | Accessories |             100 | Kentucky      | M    | Olive     | Winter |           2.8 | Yes     | 2-Day Shipping | Yes              |                  4 | Debit Card     | Monthly                | Young Adult |                      30 |
|        1480 |   48 | Male   | Coat           | Outerwear   |             100 | Washington    | L    | Black     | Spring |             4 | No     | Standard       | Yes              |                  2 | Bank Transfer  | Weekly                 | Middle-Aged |                       7 |
|         862 |   46 | Male   | Skirt          | Clothing    |             100 | Virginia      | XL   | Green     | Spring |           3.3 | Yes     | 2-Day Shipping | Yes              |                 35 | Credit Card    | Every 3 Months         | Middle-Aged |                      90 |
+-------------+------+--------+----------------+-------------+-----------------+---------------+------+-----------+--------+---------------+---------------------+----------------+------------------+--------------------+----------------+------------------------+-------------+-------------------------+
10 rows in set (0.04 sec)

mysql> select cusromer_id, gender, item_purchase, purchase_amount from cd order by purchase_amount desc limit 10;
ERROR 1054 (42S22): Unknown column 'cusromer_id' in 'field list'
mysql> select customer_id, gender, item_purchase, purchase_amount from cd order by purchase_amount desc limit 10;
ERROR 1054 (42S22): Unknown column 'item_purchase' in 'field list'
mysql> select customer_id, gender, item_purchased, purchase_amount from cd order by purchase_amount desc limit 10;
+-------------+--------+----------------+-----------------+
| customer_id | gender | item_purchased | purchase_amount |
+-------------+--------+----------------+-----------------+
|        3322 | Female | Coat           |             100 |
|         582 | Male   | Sweater        |             100 |
|         249 | Male   | Belt           |             100 |
|        2808 | Female | Hoodie         |             100 |
|        2843 | Female | Coat           |             100 |
|          43 | Male   | Coat           |             100 |
|        1480 | Male   | Coat           |             100 |
|        1301 | Male   | T-shirt        |             100 |
|         616 | Male   | Sandals        |             100 |
|          96 | Male   | Sneakers       |             100 |
+-------------+--------+----------------+-----------------+
10 rows in set (0.01 sec)

mysql> select distinct item_purchased, purchase_amount from cd;
+----------------+-----------------+
| item_purchased | purchase_amount |
+----------------+-----------------+
| Blouse         |              53 |
| Sweater        |              64 |
| Jeans          |              73 |
| Sandals        |              90 |
| Blouse         |              49 |
| Sneakers       |              20 |
| Shirt          |              85 |
| Shorts         |              34 |
| Coat           |              97 |
| Handbag        |              31 |
| Shoes          |              34 |
| Shorts         |              68 |
| Coat           |              72 |
| Dress          |              51 |
| Coat           |              53 |
| Skirt          |              81 |
| Sunglasses     |              36 |
| Dress          |              38 |
| Sweater        |              48 |
| Pants          |              90 |
| Pants          |              51 |
| Pants          |              62 |
| Pants          |              37 |
| Pants          |              88 |
| Jacket         |              22 |
| Hoodie         |              25 |
| Jewelry        |              20 |
| Shorts         |              56 |
| Handbag        |              94 |
| Dress          |              48 |
| Jewelry        |              31 |
| Dress          |              79 |
| Jacket         |              67 |
| Pants          |              38 |
| T-shirt        |              91 |
| Blouse         |              33 |
| T-shirt        |              69 |
| Jeans          |              45 |
| Dress          |              37 |
| Pants          |              60 |
| Handbag        |              76 |
| Scarf          |              39 |
| Coat           |             100 |
| Scarf          |              69 |
| Hat            |              53 |
| Socks          |              21 |
| Shirt          |              43 |
| Jewelry        |              54 |
| Shirt          |              55 |
| Hoodie         |              30 |
| Blouse         |              28 |
| Skirt          |              59 |
| T-shirt        |              20 |
| Skirt          |              24 |
| Coat           |              94 |
| Jacket         |              28 |
| Backpack       |              73 |
| Coat           |              64 |
| Hoodie         |              54 |
| Belt           |              79 |
| Sweater        |              37 |
| Scarf          |              68 |
| Sneakers       |              21 |
| Sunglasses     |              79 |
| Boots          |              83 |
| Backpack       |              36 |
| Blouse         |              94 |
| Coat           |              33 |
| Handbag        |              46 |
| Belt           |              70 |
| Belt           |              29 |
| Dress          |              26 |
| Pants          |              85 |
| Gloves         |              58 |
| Scarf          |              85 |
| Hat            |              43 |
| Dress          |              53 |
| Skirt          |              91 |
| Jacket         |              96 |
| Sandals        |              72 |
| Shoes          |              96 |
| Pants          |              28 |
| Dress          |              40 |
| Coat           |              32 |
| Sunglasses     |              95 |
| Hoodie         |              41 |
| Shoes          |              53 |
| T-shirt        |              47 |
| Jacket         |              83 |
| Hat            |              48 |
| Scarf          |              99 |
| Jacket         |              87 |
| Sweater        |              62 |
| Skirt          |              76 |
| Sneakers       |             100 |
| Gloves         |              73 |
| Shoes          |              92 |
| Jeans          |              67 |
| Hoodie         |              40 |
| Sunglasses     |              98 |
| Coat           |              85 |
| Socks          |              67 |
| Boots          |              89 |
| Sunglasses     |              24 |
| Backpack       |              96 |
| Jacket         |              35 |
| Sneakers       |              67 |
| Socks          |              79 |
| T-shirt        |              85 |
| Backpack       |              26 |
| Belt           |              75 |
| Gloves         |              65 |
| Hat            |              54 |
| Coat           |              95 |
| Skirt          |              94 |
| Shoes          |              86 |
| Sandals        |              32 |
| Sweater        |              45 |
| Coat           |              76 |
| Hat            |              84 |
| Shorts         |              72 |
| Backpack       |              40 |
| Sweater        |              89 |
| Sweater        |              86 |
| Shorts         |              54 |
| Shorts         |              36 |
| Scarf          |              32 |
| Dress          |              67 |
| Skirt          |              29 |
| Backpack       |              58 |
| Sweater        |              65 |
| Hat            |              94 |
| Sandals        |              81 |
| Blouse         |              86 |
| Sneakers       |              43 |
| Shirt          |              28 |
| Gloves         |              46 |
| Jacket         |              58 |
| Coat           |              48 |
| Shoes          |              43 |
| Jewelry        |              95 |
| Skirt          |              30 |
| Shoes          |              64 |
| Gloves         |              90 |
| Pants          |              76 |
| Boots          |              96 |
| Sunglasses     |              47 |
| Hoodie         |              55 |
| Dress          |              98 |
| Socks          |              77 |
| Shorts         |              26 |
| Hat            |              68 |
| Shirt          |              73 |
| Gloves         |              27 |
| Gloves         |              23 |
| Backpack       |              49 |
| Sunglasses     |              74 |
| Skirt          |              67 |
| Handbag        |              65 |
| Handbag        |              60 |
| Sneakers       |              31 |
| Shoes          |              80 |
| Jacket         |              30 |
| Shirt          |              25 |
| Shorts         |              35 |
| Jewelry        |              67 |
| Hat            |              46 |
| Shoes          |              35 |
| Coat           |              86 |
| Backpack       |              81 |
| Hoodie         |              42 |
| Skirt          |              43 |
| Boots          |              31 |
| Pants          |              61 |
| Gloves         |              96 |
| Sneakers       |              33 |
| T-shirt        |              32 |
| Backpack       |              56 |
| Shoes          |              94 |
| Hoodie         |              53 |
| Blouse         |              82 |
| Coat           |              70 |
| Hat            |              76 |
| Shoes          |              29 |
| Belt           |             100 |
| Backpack       |              94 |
| Jacket         |              25 |
| Boots          |              88 |
| Scarf          |              78 |
| Jewelry        |              45 |
| Hat            |              73 |
| Dress          |              61 |
| Blouse         |              22 |
| Hat            |              38 |
| Scarf          |              38 |
| Shirt          |              64 |
| T-shirt        |              55 |
| Gloves         |              91 |
| Skirt          |              38 |
| Sandals        |              97 |
| Skirt          |              92 |
| Handbag        |              84 |
| Handbag        |              93 |
| Jacket         |              50 |
| Scarf          |              64 |
| Shorts         |              61 |
| Sunglasses     |              48 |
| T-shirt        |              45 |
| Belt           |              88 |
| Sneakers       |              57 |
| Gloves         |              94 |
| Pants          |              41 |
| Socks          |              83 |
| Shoes          |              74 |
| Jeans          |              90 |
| Sandals        |              28 |
| Scarf          |              88 |
| Blouse         |              26 |
| Jewelry        |              27 |
| Sweater        |              83 |
| Gloves         |              39 |
| Sunglasses     |              89 |
| Coat           |              68 |
| Dress          |              90 |
| Skirt          |              34 |
| Hoodie         |              88 |
| Jewelry        |             100 |
| Belt           |              42 |
| Sandals        |              53 |
| Sunglasses     |              86 |
| Sweater        |              66 |
| Handbag        |              47 |
| Skirt          |              25 |
| Handbag        |              51 |
| Shorts         |              41 |
| Boots          |              73 |
| Sunglasses     |              42 |
| Scarf          |              20 |
| Jewelry        |              30 |
| Handbag        |              53 |
| Gloves         |              74 |
| Jeans          |              57 |
| Hat            |              57 |
| Jeans          |              77 |
| Pants          |              40 |
| Shorts         |              46 |
| Pants          |              78 |
| Backpack       |              59 |
| Jewelry        |              75 |
| Sweater        |              54 |
| Shoes          |              42 |
| Blouse         |              44 |
| Jeans          |              52 |
| Sunglasses     |              69 |
| Jewelry        |              26 |
| Jewelry        |              32 |
| Backpack       |              85 |
| Shirt          |              29 |
| Sweater        |              95 |
| Sneakers       |              69 |
| Sandals        |              69 |
| Belt           |              61 |
| Sweater        |              30 |
| Skirt          |              45 |
| Handbag        |              39 |
| Jewelry        |              51 |
| Scarf          |              37 |
| T-shirt        |              62 |
| T-shirt        |              33 |
| Shoes          |              99 |
| Skirt          |              20 |
| Sandals        |              74 |
| Shoes          |              26 |
| T-shirt        |              53 |
| Sneakers       |              80 |
| Hat            |              98 |
| Skirt          |              95 |
| Sweater        |              44 |
| Sandals        |              60 |
| Dress          |              84 |
| Sweater        |              59 |
| Jacket         |              49 |
| Gloves         |              32 |
| Handbag        |              29 |
| Dress          |              22 |
| Pants          |              89 |
| Dress          |              77 |
| Pants          |              24 |
| Jewelry        |              24 |
| Handbag        |              22 |
| Sweater        |              82 |
| Backpack       |              67 |
| Shorts         |              74 |
| Jewelry        |              72 |
| Sneakers       |              36 |
| Belt           |              95 |
| Hoodie         |              78 |
| Shirt          |              82 |
| Pants          |              70 |
| Scarf          |              41 |
| Coat           |              42 |
| Coat           |              50 |
| Socks          |              31 |
| Sweater        |              51 |
| Shirt          |              98 |
| Shirt          |              86 |
| Blouse         |              46 |
| Sweater        |              85 |
| Hat            |              81 |
| Hoodie         |              79 |
| Shorts         |              33 |
| Shorts         |              47 |
| Hat            |              20 |
| Coat           |              36 |
| Sandals        |              39 |
| Skirt          |              71 |
| Shoes          |              59 |
| Jeans          |              50 |
| Sandals        |              41 |
| Blouse         |              59 |
| Hat            |              87 |
| Sweater        |              68 |
| Skirt          |              90 |
| Jeans          |              71 |
| Sneakers       |              64 |
| Jewelry        |              76 |
| Jewelry        |              42 |
| Pants          |              80 |
| Belt           |              56 |
| Hat            |              25 |
| Sneakers       |              74 |
| Pants          |              30 |
| T-shirt        |              96 |
| Shorts         |              88 |
| Shoes          |              88 |
| Gloves         |              88 |
| Socks          |              36 |
| Belt           |              40 |
| Scarf          |              34 |
| Sneakers       |              83 |
| Coat           |              27 |
| Jewelry        |              78 |
| Sunglasses     |              32 |
| Shoes          |              51 |
| Dress          |              62 |
| T-shirt        |              29 |
| Backpack       |              69 |
| Jewelry        |              25 |
| Jeans          |              76 |
| Sunglasses     |              77 |
| Sweater        |              33 |
| Shorts         |              93 |
| Jewelry        |              39 |
| Coat           |              93 |
| Handbag        |              82 |
| Boots          |              42 |
| Gloves         |              71 |
| T-shirt        |              82 |
| Shoes          |              65 |
| Scarf          |              29 |
| Sneakers       |              65 |
| Dress          |              88 |
| Belt           |              46 |
| Boots          |              67 |
| Scarf          |              35 |
| Boots          |              66 |
| Backpack       |              78 |
| Sneakers       |              45 |
| T-shirt        |              93 |
| Jeans          |              74 |
| Gloves         |              55 |
| Hoodie         |              76 |
| Sneakers       |              66 |
| Shorts         |              51 |
| Sweater        |              26 |
| Jeans          |              29 |
| Jacket         |              74 |
| Jewelry        |              99 |
| Backpack       |              88 |
| Coat           |              31 |
| Belt           |              55 |
| Sweater        |              73 |
| Shorts         |              91 |
| Socks          |              54 |
| Shirt          |              40 |
| Pants          |              59 |
| Scarf          |              26 |
| Sweater        |              23 |
| Jeans          |              87 |
| Pants          |              71 |
| Backpack       |              91 |
| Sandals        |              94 |
| Shoes          |              52 |
| Coat           |              28 |
| Pants          |              46 |
| Jewelry        |              50 |
| Belt           |              23 |
| Shirt          |              89 |
| Hoodie         |              81 |
| Sunglasses     |              67 |
| Dress          |              20 |
| Boots          |              29 |
| Shirt          |              74 |
| Shorts         |              82 |
| Boots          |              21 |
| Pants          |              45 |
| Jewelry        |              56 |
| Jacket         |              97 |
| Blouse         |             100 |
| Blouse         |              96 |
| Gloves         |              99 |
| Hat            |              30 |
| Boots          |              93 |
| Jacket         |              81 |
| Jewelry        |              81 |
| Sunglasses     |              52 |
| Skirt          |              88 |
| Jeans          |              24 |
| Backpack       |              51 |
| Backpack       |              38 |
| Dress          |              63 |
| Scarf          |              72 |
| Jeans          |              39 |
| Sweater        |              76 |
| Scarf          |              90 |
| Sweater        |              56 |
| Jewelry        |              43 |
| Hat            |              88 |
| Hoodie         |              73 |
| Shoes          |              44 |
| Sandals        |              63 |
| Jacket         |              68 |
| Sweater        |              29 |
| Socks          |              85 |
| Sneakers       |              42 |
| Coat           |              69 |
| Shirt          |              62 |
| Backpack       |              48 |
| Boots          |              68 |
| Handbag        |              36 |
| Sneakers       |              39 |
| Boots          |              78 |
| T-shirt        |              31 |
| Boots          |              45 |
| Shoes          |              24 |
| Shoes          |              22 |
| T-shirt        |              63 |
| Scarf          |              40 |
| Shorts         |              20 |
| T-shirt        |              80 |
| Shirt          |              87 |
| Shirt          |              46 |
| Gloves         |              49 |
| Scarf          |              65 |
| Skirt          |              62 |
| Hat            |              67 |
| Boots          |              49 |
| Belt           |              54 |
| Sunglasses     |              84 |
| Sandals        |              40 |
| Shirt          |              39 |
| Coat           |              37 |
| Pants          |              52 |
| T-shirt        |              23 |
| Sneakers       |              88 |
| Shorts         |              84 |
| Sandals        |              51 |
| Gloves         |              72 |
| Jacket         |              84 |
| Socks          |              22 |
| Jacket         |              27 |
| Boots          |              79 |
| Skirt          |              98 |
| Sandals        |              64 |
| Hoodie         |              74 |
| Backpack       |              64 |
| Backpack       |              29 |
| Belt           |              62 |
| Coat           |              78 |
| T-shirt        |              94 |
| Sunglasses     |              59 |
| Sneakers       |              47 |
| Gloves         |              57 |
| Coat           |              90 |
| Shirt          |              60 |
| Sneakers       |              77 |
| Jewelry        |              48 |
| Jacket         |              65 |
| Jeans          |              62 |
| Hoodie         |              58 |
| Backpack       |              43 |
| Sneakers       |              93 |
| Blouse         |              50 |
| Skirt          |              33 |
| T-shirt        |              99 |
| Jacket         |              76 |
| Scarf          |              97 |
| Pants          |              68 |
| Sneakers       |              79 |
| Jeans          |              86 |
| Skirt          |              52 |
| Sweater        |              80 |
| Sweater        |             100 |
| Jacket         |              77 |
| Shorts         |              78 |
| Socks          |              94 |
| Socks          |              23 |
| Hoodie         |              20 |
| Socks          |              86 |
| Boots          |              60 |
| Shirt          |              70 |
| Belt           |              39 |
| Backpack       |              37 |
| Coat           |              35 |
| Hoodie         |              83 |
| Shoes          |              77 |
| Shoes          |              37 |
| Jewelry        |              69 |
| Dress          |              66 |
| Boots          |              26 |
| Hat            |              63 |
| Shoes          |              58 |
| Sunglasses     |              92 |
| Hat            |              32 |
| Hoodie         |              23 |
| Backpack       |              25 |
| Scarf          |              33 |
| Coat           |              51 |
| Jewelry        |              85 |
| Sandals        |             100 |
| Backpack       |              57 |
| Jacket         |              94 |
| Backpack       |              34 |
| Backpack       |              89 |
| Sunglasses     |              27 |
| Socks          |              63 |
| Shoes          |              70 |
| Pants          |              87 |
| Jewelry        |              79 |
| Sandals        |              44 |
| Shoes          |              90 |
| Jewelry        |              94 |
| Sandals        |              33 |
| Sneakers       |              60 |
| Hoodie         |              59 |
| Handbag        |              30 |
| Sweater        |              20 |
| Sandals        |              20 |
| Dress          |              24 |
| Blouse         |              78 |
| Sweater        |              57 |
| Backpack       |              93 |
| Boots          |              54 |
| Blouse         |              70 |
| Hoodie         |              31 |
| Pants          |              93 |
| Gloves         |              40 |
| Handbag        |              59 |
| Jeans          |              23 |
| Jacket         |              80 |
| Shorts         |              52 |
| Coat           |              79 |
| Shirt          |              68 |
| Gloves         |              98 |
| Dress          |              83 |
| Pants          |              83 |
| Pants          |              55 |
| Hoodie         |              26 |
| Sunglasses     |              76 |
| Jacket         |              89 |
| Sweater        |              41 |
| Socks          |              53 |
| Shirt          |              66 |
| Jewelry        |              33 |
| Socks          |              62 |
| Blouse         |              74 |
| Sandals        |              95 |
| Sneakers       |              25 |
| Shirt          |              59 |
| Jacket         |              29 |
| Sandals        |              36 |
| Hat            |              82 |
| Blouse         |              71 |
| Sweater        |              35 |
| Gloves         |              38 |
| Scarf          |              59 |
| Hoodie         |              91 |
| Backpack       |              21 |
| Dress          |              21 |
| Shorts         |              67 |
| Scarf          |              63 |
| Boots          |              41 |
| Pants          |              79 |
| Boots          |              90 |
| Shirt          |              71 |
| Dress          |              87 |
| Hoodie         |              66 |
| Jeans          |              47 |
| Shirt          |              38 |
| Backpack       |              50 |
| Jacket         |              79 |
| Scarf          |              91 |
| Blouse         |              81 |
| Hoodie         |              90 |
| Jacket         |              70 |
| Jeans          |              63 |
| Jewelry        |              29 |
| Socks          |              90 |
| Shirt          |              22 |
| Shorts         |              22 |
| Jewelry        |              62 |
| Blouse         |              57 |
| Sweater        |              32 |
| Jewelry        |              53 |
| T-shirt        |              79 |
| Hat            |              61 |
| Sweater        |              97 |
| Jeans          |              78 |
| Sunglasses     |              56 |
| Boots          |              25 |
| Shirt          |              57 |
| Dress          |              36 |
| Shirt          |              69 |
| Dress          |              58 |
| Sunglasses     |              31 |
| Shorts         |              29 |
| Jeans          |              69 |
| Pants          |              39 |
| T-shirt        |              92 |
| Sandals        |              45 |
| Hat            |              39 |
| Scarf          |              71 |
| T-shirt        |              95 |
| Gloves         |              41 |
| Coat           |              24 |
| Belt           |              99 |
| Hoodie         |              32 |
| Shoes          |              71 |
| Dress          |              49 |
| Gloves         |              50 |
| Jewelry        |              91 |
| Sweater        |              50 |
| Skirt          |              39 |
| Sneakers       |              99 |
| Gloves         |              48 |
| Coat           |              77 |
| Backpack       |              95 |
| Socks          |             100 |
| Sneakers       |              54 |
| Jeans          |              22 |
| Socks          |              32 |
| Socks          |              50 |
| Dress          |              94 |
| Scarf          |              44 |
| Hoodie         |              57 |
| T-shirt        |              65 |
| Jeans          |              72 |
| Shorts         |              62 |
| Hat            |              21 |
| Handbag        |              85 |
| Pants          |              35 |
| Sandals        |              26 |
| Socks          |              78 |
| Coat           |              82 |
| Socks          |              39 |
| Socks          |              20 |
| Shorts         |              38 |
| Boots          |              47 |
| Dress          |              30 |
| Jeans          |              56 |
| T-shirt        |              89 |
| Boots          |              81 |
| Scarf          |              83 |
| Sneakers       |              35 |
| Boots          |              56 |
| Handbag        |              45 |
| Sweater        |              24 |
| Handbag        |              21 |
| Shirt          |              91 |
| Hoodie         |              39 |
| Belt           |              94 |
| Socks          |              57 |
| Shorts         |              76 |
| Gloves         |              63 |
| Handbag        |              68 |
| Hoodie         |              28 |
| Coat           |              29 |
| Shirt          |              31 |
| Shirt          |              24 |
| Sweater        |              88 |
| Hoodie         |              80 |
| Sandals        |              48 |
| Belt           |              21 |
| Boots          |              72 |
| Hoodie         |              44 |
| Sandals        |              73 |
| Jeans          |              61 |
| Shoes          |              20 |
| Sandals        |              86 |
| Dress          |              60 |
| Pants          |              44 |
| Socks          |              76 |
| Shirt          |              33 |
| Shorts         |              60 |
| Jacket         |              26 |
| Shoes          |              87 |
| Skirt          |             100 |
| Coat           |              84 |
| Sneakers       |              41 |
| Jeans          |              59 |
| Jacket         |              20 |
| Handbag        |              42 |
| Jeans          |              33 |
| Boots          |              77 |
| Belt           |              51 |
| Backpack       |              75 |
| Sandals        |              61 |
| Boots          |              35 |
| Sneakers       |              37 |
| Dress          |              99 |
| Scarf          |              77 |
| Belt           |              84 |
| Gloves         |              51 |
| Skirt          |              26 |
| Shorts         |              64 |
| Hoodie         |              60 |
| Hat            |              69 |
| Sweater        |              58 |
| Hat            |              44 |
| Jacket         |              45 |
| Dress          |              68 |
| Pants          |              56 |
| Sweater        |              43 |
| Sunglasses     |              99 |
| Pants          |              74 |
| Hoodie         |              56 |
| Jeans          |              34 |
| Shorts         |              42 |
| Belt           |              81 |
| Jeans          |              88 |
| Sneakers       |              78 |
| Boots          |              94 |
| T-shirt        |              78 |
| Sneakers       |              84 |
| Hoodie         |              51 |
| Shoes          |              84 |
| Shorts         |              24 |
| Blouse         |              97 |
| Belt           |              44 |
| Handbag        |              35 |
| Dress          |              91 |
| Belt           |              97 |
| Boots          |              38 |
| Blouse         |              32 |
| Hat            |              90 |
| Jeans          |              36 |
| Hat            |              71 |
| Sunglasses     |              50 |
| Hat            |              74 |
| Dress          |              75 |
| Shirt          |              99 |
| Scarf          |              23 |
| Sneakers       |              53 |
| Skirt          |              99 |
| Sunglasses     |              64 |
| Boots          |              63 |
| Boots          |              55 |
| Dress          |              55 |
| Jeans          |              66 |
| Sneakers       |              61 |
| Jacket         |              75 |
| Sweater        |              40 |
| T-shirt        |              90 |
| Belt           |              20 |
| Hat            |              33 |
| Boots          |              98 |
| Coat           |              62 |
| Hat            |              45 |
| Shoes          |              78 |
| Handbag        |              80 |
| Scarf          |              96 |
| Pants          |              84 |
| Shoes          |              31 |
| Sunglasses     |              63 |
| Shorts         |              97 |
| Jacket         |              99 |
| Shoes          |              68 |
| Jewelry        |              80 |
| Sandals        |              91 |
| Socks          |              28 |
| Socks          |              46 |
| Backpack       |              79 |
| Gloves         |              62 |
| Sandals        |              37 |
| Belt           |              69 |
| Shoes          |              97 |
| Gloves         |              24 |
| Belt           |              30 |
| Jacket         |              53 |
| Dress          |              70 |
| Shirt          |              76 |
| Scarf          |              95 |
| Handbag        |              41 |
| Sunglasses     |              71 |
| T-shirt        |              66 |
| Shirt          |              84 |
| Handbag        |              95 |
| Jewelry        |              90 |
| Hoodie         |              36 |
| Gloves         |              22 |
| Coat           |              89 |
| Sandals        |              50 |
| Boots          |              36 |
| Socks          |              29 |
| Blouse         |              89 |
| Belt           |              80 |
| Jeans          |              30 |
| Sweater        |              79 |
| Sneakers       |              22 |
| Sunglasses     |              33 |
| Shoes          |              36 |
| Shorts         |              96 |
| Jacket         |              23 |
| Jacket         |              34 |
| Boots          |              75 |
| Hoodie         |              29 |
| Hat            |              28 |
| Coat           |              96 |
| Dress          |              43 |
| Shirt          |              94 |
| Shorts         |              92 |
| Jewelry        |              71 |
| Hat            |              85 |
| Backpack       |              97 |
| T-shirt        |              36 |
| Sunglasses     |              62 |
| Pants          |              21 |
| Backpack       |              61 |
| Scarf          |              58 |
| Sneakers       |              48 |
| Jewelry        |              40 |
| Coat           |              34 |
| Coat           |              46 |
| Handbag        |              98 |
| Gloves         |              76 |
| T-shirt        |              83 |
| Skirt          |              96 |
| Sneakers       |              62 |
| Shorts         |              25 |
| Hoodie         |              97 |
| Hoodie         |              61 |
| Shoes          |              66 |
| Hoodie         |              67 |
| Sunglasses     |              80 |
| Hat            |              58 |
| Belt           |              65 |
| Jewelry        |              36 |
| T-shirt        |              58 |
| Handbag        |              62 |
| Shirt          |              53 |
| Gloves         |              30 |
| Hoodie         |              65 |
| Jewelry        |              41 |
| Hoodie         |              98 |
| T-shirt        |              81 |
| Handbag        |              83 |
| Pants          |              36 |
| Gloves         |              33 |
| T-shirt        |              76 |
| Boots          |              23 |
| Jeans          |              54 |
| Sneakers       |              89 |
| Sneakers       |              38 |
| Hat            |              36 |
| Pants          |              66 |
| Handbag        |              49 |
| Shirt          |              41 |
| Dress          |              82 |
| Shoes          |              21 |
| Belt           |              66 |
| Belt           |              89 |
| Handbag        |              55 |
| Scarf          |              42 |
| Sandals        |              92 |
| Dress          |              96 |
| T-shirt        |              64 |
| Socks          |              55 |
| Backpack       |              31 |
| Skirt          |              21 |
| Skirt          |              23 |
| Jewelry        |              21 |
| Belt           |              73 |
| Jeans          |              64 |
| Jeans          |              68 |
| Hat            |              89 |
| Blouse         |              29 |
| Shirt          |              97 |
| Shirt          |              45 |
| T-shirt        |              70 |
| Coat           |              56 |
| Jacket         |              55 |
| Hoodie         |              46 |
| Sneakers       |              92 |
| Socks          |              49 |
| Sandals        |              89 |
| Coat           |              22 |
| Shoes          |              61 |
| Sneakers       |              82 |
| Handbag        |              99 |
| Boots          |             100 |
| Sunglasses     |              78 |
| Hoodie         |              94 |
| Handbag        |              52 |
| Blouse         |              20 |
| Pants          |              32 |
| Gloves         |              64 |
| Socks          |              69 |
| Shorts         |              50 |
| Gloves         |              97 |
| Blouse         |              37 |
| Jewelry        |              52 |
| Hat            |              80 |
| Handbag        |              23 |
| Pants          |              73 |
| Sweater        |              22 |
| Dress          |              92 |
| Pants          |              77 |
| Scarf          |              79 |
| Socks          |              27 |
| Blouse         |              23 |
| Dress          |              31 |
| Hat            |              37 |
| Boots          |              50 |
| Jeans          |              26 |
| Shorts         |              86 |
| Sandals        |              23 |
| Sneakers       |              56 |
| Boots          |              87 |
| Skirt          |              64 |
| Shirt          |              93 |
| Boots          |              62 |
| Hoodie         |              70 |
| Sweater        |              92 |
| Shirt          |              79 |
| Blouse         |              31 |
| Jacket         |              88 |
| Jewelry        |              57 |
| Sandals        |              80 |
| Shorts         |              98 |
| Dress          |              93 |
| Jeans          |              28 |
| Belt           |              93 |
| Jacket         |              24 |
| Skirt          |              35 |
| Sandals        |              68 |
| Sweater        |              74 |
| Sandals        |              85 |
| Pants          |              81 |
| T-shirt        |             100 |
| Shirt          |              54 |
| Backpack       |              63 |
| Blouse         |              21 |
| Shoes          |              28 |
| Shorts         |              75 |
| Belt           |              32 |
| Pants          |              43 |
| Hat            |              31 |
| T-shirt        |              84 |
| Jewelry        |              77 |
| Shoes          |              50 |
| Coat           |              40 |
| Socks          |              91 |
| Pants          |              69 |
| Coat           |              52 |
| Sneakers       |              85 |
| Belt           |              72 |
| Hoodie         |              27 |
| Sunglasses     |              43 |
| T-shirt        |              37 |
| Backpack       |              42 |
| Jacket         |              61 |
| Backpack       |              66 |
| Scarf          |              22 |
| Hoodie         |              68 |
| Dress          |              32 |
| Blouse         |              90 |
| Hat            |              75 |
| Handbag        |              69 |
| Belt           |              63 |
| Shirt          |              36 |
| Shoes          |              75 |
| Scarf          |              67 |
| Pants          |              64 |
| Blouse         |              61 |
| Handbag        |              97 |
| Sandals        |              65 |
| Sunglasses     |              54 |
| Sneakers       |              96 |
| Jewelry        |              64 |
| Jacket         |              56 |
| Blouse         |              85 |
| Dress          |              23 |
| Coat           |              43 |
| Dress          |              45 |
| Backpack       |              23 |
| Sandals        |              59 |
| Sunglasses     |              21 |
| Backpack       |              20 |
| Jewelry        |              28 |
| Handbag        |              61 |
| Blouse         |              58 |
| Hat            |              93 |
| Shorts         |             100 |
| Blouse         |              79 |
| Socks          |              51 |
| Belt           |              90 |
| Shirt          |              75 |
| Handbag        |              75 |
| Jeans          |              53 |
| Dress          |             100 |
| Dress          |              27 |
| Backpack       |              90 |
| Sandals        |              30 |
| Boots          |              97 |
| Coat           |              38 |
| Boots          |              48 |
| Sandals        |              76 |
| Pants          |              25 |
| Hoodie         |              92 |
| Sandals        |              47 |
| Sweater        |              36 |
| Jeans          |              35 |
| Boots          |              95 |
| Socks          |              41 |
| Dress          |              44 |
| Sneakers       |              50 |
| Sweater        |              28 |
| Boots          |              85 |
| Sneakers       |              90 |
| Jewelry        |              49 |
| Belt           |              92 |
| Shorts         |              71 |
| Jewelry        |              98 |
| Sandals        |              27 |
| Hat            |              24 |
| Shorts         |              63 |
| Sweater        |              72 |
| Hat            |              56 |
| Jewelry        |              74 |
| Gloves         |              67 |
| Jewelry        |              61 |
| Gloves         |              56 |
| Sneakers       |              73 |
| Skirt          |              44 |
| Sneakers       |              52 |
| Jacket         |              38 |
| Jewelry        |              23 |
| T-shirt        |              98 |
| Jacket         |              33 |
| Jeans          |              55 |
| Shirt          |              30 |
| Dress          |              86 |
| Blouse         |              84 |
| Dress          |              54 |
| Blouse         |              30 |
| Sneakers       |              23 |
| Socks          |              35 |
| Jeans          |              93 |
| Sunglasses     |              73 |
| Hat            |              66 |
| Socks          |              88 |
| Belt           |              31 |
| T-shirt        |              75 |
| Coat           |              21 |
| Backpack       |              83 |
| Jacket         |              46 |
| Blouse         |              66 |
| Sunglasses     |              82 |
| Shoes          |              89 |
| Dress          |              65 |
| Shorts         |              95 |
| Handbag        |              77 |
| Jeans          |              89 |
| Belt           |              43 |
| Sneakers       |              51 |
| Sneakers       |              55 |
| Sunglasses     |              26 |
| Blouse         |              45 |
| Shorts         |              48 |
| Sunglasses     |              75 |
| Scarf          |              94 |
| Scarf          |              75 |
| Backpack       |              33 |
| Sunglasses     |              93 |
| Sneakers       |              76 |
| Skirt          |              63 |
| Jewelry        |              88 |
| Boots          |              34 |
| Pants          |              97 |
| Sneakers       |              71 |
| Belt           |              41 |
| Scarf          |              92 |
| Blouse         |              95 |
| Sweater        |              25 |
| Socks          |              99 |
| Belt           |              24 |
| Sneakers       |              72 |
| Jeans          |              80 |
| Shoes          |              83 |
| Dress          |              95 |
| Backpack       |              35 |
| T-shirt        |              21 |
| Sandals        |              58 |
| Pants          |              26 |
| Skirt          |              68 |
| T-shirt        |              41 |
| Hat            |              41 |
| Blouse         |              64 |
| Handbag        |              78 |
| Hat            |              47 |
| Scarf          |              46 |
| Shorts         |              43 |
| Dress          |              64 |
| Blouse         |              88 |
| Shoes          |              48 |
| Gloves         |              28 |
| Socks          |              80 |
| Coat           |              23 |
| Boots          |              22 |
| Jacket         |              51 |
| Scarf          |              51 |
| Scarf          |              36 |
| Coat           |              80 |
| Belt           |              25 |
| Sweater        |              81 |
| Blouse         |              42 |
| Skirt          |              36 |
| Jewelry        |              66 |
| Gloves         |              37 |
| Gloves         |              86 |
| Jacket         |              41 |
| Handbag        |              40 |
| T-shirt        |              59 |
| Hoodie         |              22 |
| Blouse         |              62 |
| Sunglasses     |              44 |
| Dress          |              52 |
| Sneakers       |              95 |
| Socks          |              97 |
| Coat           |              57 |
| Blouse         |              48 |
| Gloves         |              75 |
| Skirt          |              70 |
| Handbag        |              26 |
| Coat           |              30 |
| Shirt          |              67 |
| Hat            |              95 |
| Sweater        |              67 |
| Jeans          |              83 |
| Backpack       |              22 |
| Sunglasses     |              87 |
| Shorts         |              81 |
| Boots          |              58 |
| Skirt          |              83 |
| T-shirt        |              87 |
| Dress          |              69 |
| Blouse         |              47 |
| Hoodie         |              50 |
| Sweater        |              39 |
| T-shirt        |              51 |
| Shoes          |              72 |
| Jeans          |              48 |
| Shorts         |              21 |
| Backpack       |              87 |
| Belt           |              50 |
| Jeans          |              98 |
| Dress          |              34 |
| Skirt          |              72 |
| Skirt          |              27 |
| Handbag        |              44 |
| Skirt          |              93 |
| Sunglasses     |              85 |
| Jewelry        |              55 |
| Hoodie         |              95 |
| Sandals        |              42 |
| Jewelry        |              93 |
| Dress          |              56 |
| Jewelry        |              89 |
| Socks          |              75 |
| Coat           |              92 |
| Sweater        |              78 |
| Jacket         |              47 |
| Jacket         |              64 |
| Sneakers       |              44 |
| Scarf          |              62 |
| Gloves         |              29 |
| Sweater        |              38 |
| Blouse         |              41 |
| Blouse         |              34 |
| Gloves         |              26 |
| Sneakers       |              59 |
| Hat            |              92 |
| Jeans          |              20 |
| Belt           |              35 |
| Hoodie         |              48 |
| Coat           |              58 |
| Sneakers       |              97 |
| Sweater        |              42 |
| Handbag        |              67 |
| Sneakers       |              46 |
| Jacket         |              71 |
| Backpack       |              99 |
| Belt           |              77 |
| Jeans          |              92 |
| Hat            |              79 |
| T-shirt        |              27 |
| Sunglasses     |              39 |
| Shorts         |              53 |
| Pants          |              47 |
| T-shirt        |              60 |
| Hat            |              96 |
| Hat            |              77 |
| Shirt          |              78 |
| Sandals        |              98 |
| Sandals        |              78 |
| Scarf          |              53 |
| Skirt          |              40 |
| Skirt          |              80 |
| Blouse         |              67 |
| Sweater        |              61 |
| Belt           |              26 |
| Gloves         |              36 |
| Sandals        |              21 |
| Backpack       |              72 |
| T-shirt        |              44 |
| Blouse         |              77 |
| Blouse         |              99 |
| Jeans          |              96 |
| Pants          |              33 |
| Boots          |              71 |
| Scarf          |              54 |
| Shorts         |              30 |
| Hoodie         |              89 |
| Skirt          |              57 |
| Sunglasses     |              57 |
| Sunglasses     |              97 |
| Shorts         |              40 |
| Sandals        |              22 |
| Pants          |              63 |
| T-shirt        |              71 |
| Backpack       |              30 |
| Skirt          |              74 |
| Sweater        |              84 |
| Sandals        |              38 |
| Skirt          |              48 |
| Backpack       |              74 |
| Jacket         |              63 |
| Sneakers       |              32 |
| Pants          |              29 |
| Sandals        |              67 |
| Jacket         |              43 |
| Blouse         |              68 |
| Jewelry        |              60 |
| Hoodie         |              45 |
| Hoodie         |              38 |
| Pants          |              49 |
| Shirt          |              32 |
| Dress          |              80 |
| Gloves         |              53 |
| Shoes          |              82 |
| Gloves         |              77 |
| Socks          |              37 |
| Gloves         |              54 |
| Boots          |              59 |
| Sweater        |              90 |
| Jacket         |              95 |
| Dress          |              81 |
| Hat            |              29 |
| Gloves         |              44 |
| Sandals        |              49 |
| Shoes          |              91 |
| Skirt          |              58 |
| Sneakers       |              29 |
| Sunglasses     |              66 |
| Boots          |              80 |
| Sneakers       |              27 |
| Socks          |              89 |
| Belt           |              27 |
| Sunglasses     |              90 |
| Shirt          |              65 |
| Sandals        |              82 |
| Boots          |              99 |
| Sweater        |              21 |
| Backpack       |              70 |
| Belt           |              82 |
| Shoes          |              47 |
| Handbag        |              33 |
| Jewelry        |              38 |
| Socks          |              68 |
| Shoes          |              73 |
| Blouse         |              36 |
| Blouse         |              63 |
| Belt           |              87 |
| Jacket         |              32 |
| Jewelry        |              82 |
| Boots          |              24 |
| Sunglasses     |              60 |
| Backpack       |              46 |
| Sweater        |              70 |
| Coat           |              63 |
| Sneakers       |              40 |
| Jacket         |             100 |
| Dress          |              42 |
| Jeans          |              49 |
| Dress          |              89 |
| Hat            |              91 |
| Jacket         |              57 |
| Socks          |              71 |
| Jeans          |              97 |
| Socks          |              25 |
| Hoodie         |              63 |
| T-shirt        |              28 |
| Sweater        |              31 |
| Shirt          |              23 |
| Pants          |              86 |
| Gloves         |              35 |
| Jewelry        |              34 |
| Pants          |              75 |
| Socks          |              93 |
| Belt           |              68 |
| Shirt          |              51 |
| Dress          |              28 |
| Socks          |              44 |
| Scarf          |              98 |
| Backpack       |              68 |
| Jacket         |              36 |
| Coat           |              71 |
| Skirt          |              60 |
| Coat           |              87 |
| Shoes          |              38 |
| Coat           |              47 |
| Skirt          |              87 |
| Hat            |              34 |
| Sunglasses     |              94 |
| Handbag        |              90 |
| Sandals        |              66 |
| Shoes          |              23 |
| Skirt          |              73 |
| Sunglasses     |              23 |
| Jeans          |              58 |
| Scarf          |              74 |
| Gloves         |              84 |
| Shirt          |              58 |
| Blouse         |              92 |
| Shoes          |              60 |
| Handbag        |              74 |
| Skirt          |              89 |
| Dress          |              50 |
| Belt           |              91 |
| Gloves         |              93 |
| Socks          |              82 |
| Handbag        |              63 |
| Shorts         |              37 |
| Shorts         |              32 |
| Coat           |              54 |
| Blouse         |              69 |
| Scarf          |              80 |
| Scarf          |              47 |
| Jeans          |              41 |
| Handbag        |              38 |
| Sunglasses     |              25 |
| Sandals        |              96 |
| Blouse         |              91 |
| Gloves         |              25 |
| Belt           |              64 |
| Shirt          |              72 |
| T-shirt        |              88 |
| Sandals        |              34 |
| Jewelry        |              96 |
| Sandals        |              71 |
| Skirt          |              66 |
| Shirt          |              21 |
| Jewelry        |              37 |
| Gloves         |              45 |
| Coat           |              39 |
| Skirt          |              32 |
| Scarf          |              82 |
| Backpack       |              76 |
| Blouse         |              72 |
| Jeans          |              82 |
| Socks          |              38 |
| T-shirt        |              34 |
| Hat            |              22 |
| Handbag        |              87 |
| Coat           |              88 |
| Pants          |              20 |
| Gloves         |              78 |
| Sunglasses     |              81 |
| Gloves         |              68 |
| Sneakers       |              28 |
| T-shirt        |              30 |
| Shoes          |              55 |
| Sandals        |              31 |
| Hat            |              97 |
| Shirt          |              77 |
| Boots          |              76 |
| Sneakers       |              68 |
| Blouse         |              24 |
| Jacket         |              31 |
| Boots          |              46 |
| Handbag        |              71 |
| Sweater        |              93 |
| Scarf          |              81 |
| Sneakers       |              91 |
| Sunglasses     |              38 |
| Boots          |              39 |
| Scarf          |              66 |
| Sweater        |              60 |
| Blouse         |              35 |
| Scarf          |              31 |
| Socks          |              33 |
| Blouse         |              83 |
| Sunglasses     |              88 |
| Scarf          |              89 |
| Scarf          |              57 |
| Hoodie         |              96 |
| Socks          |              26 |
| Sandals        |              83 |
| Backpack       |              24 |
| Shoes          |              49 |
| Jacket         |              42 |
| T-shirt        |              38 |
| Jacket         |              66 |
| T-shirt        |              73 |
| T-shirt        |              24 |
| Socks          |              60 |
| Belt           |              98 |
| Handbag        |              37 |
| Scarf          |              86 |
| Pants          |              99 |
| Socks          |              98 |
| Hat            |              60 |
| Blouse         |              55 |
| Sunglasses     |              96 |
| Shoes          |              27 |
| Shorts         |              94 |
| Skirt          |              47 |
| Socks          |              48 |
| Shorts         |              73 |
| Boots          |              51 |
| Jacket         |              90 |
| Belt           |              53 |
| Handbag        |              24 |
| Coat           |              59 |
| Shorts         |              28 |
| Jewelry        |              47 |
| Jewelry        |              46 |
| Coat           |              49 |
| Jewelry        |              22 |
| Scarf          |              56 |
| Jacket         |              60 |
| Boots          |              52 |
| Shoes          |              32 |
| Belt           |              48 |
| Jewelry        |              68 |
| Shorts         |              23 |
| Belt           |              71 |
| Socks          |              43 |
| Socks          |              30 |
| Sunglasses     |              37 |
| Pants          |              53 |
| Gloves         |              66 |
| Blouse         |              56 |
| Backpack       |              86 |
| Belt           |              83 |
| Dress          |              33 |
| Coat           |              44 |
| Hoodie         |              93 |
| Shoes          |              98 |
| Sunglasses     |              22 |
| Sandals        |              55 |
| Shoes          |              46 |
| Shoes          |              76 |
| Dress          |              59 |
| Skirt          |              51 |
| Shirt          |              26 |
| Skirt          |              82 |
| Scarf          |              27 |
| Jacket         |              40 |
| Pants          |              23 |
| Shirt          |              34 |
| Skirt          |              75 |
| T-shirt        |              56 |
| Gloves         |              21 |
| Sunglasses     |              83 |
| Jewelry        |              84 |
| Coat           |              75 |
| Belt           |              28 |
| Boots          |              28 |
| Hoodie         |              21 |
| Backpack       |              77 |
| Socks          |              72 |
| Boots          |              70 |
| Coat           |              20 |
| Jacket         |              52 |
| T-shirt        |              68 |
| Shoes          |              40 |
| Shorts         |              90 |
| Hoodie         |              82 |
| Scarf          |              52 |
| Sandals        |              70 |
| Hat            |              83 |
| Skirt          |              28 |
| Sneakers       |              81 |
| Shirt          |              80 |
| Sunglasses     |              70 |
| Jacket         |              98 |
| Gloves         |              59 |
| Sunglasses     |              61 |
| Hat            |              23 |
| Blouse         |              98 |
| Gloves         |              70 |
| Blouse         |              25 |
| Boots          |              44 |
| Pants          |              98 |
| Boots          |              40 |
| Belt           |              57 |
| Gloves         |              34 |
| Blouse         |              80 |
| Boots          |              92 |
| Gloves         |              60 |
| Shorts         |              44 |
| Boots          |              57 |
| Jacket         |              73 |
| Shirt          |              56 |
| Blouse         |              39 |
| Hoodie         |             100 |
| Jeans          |              31 |
| Shirt          |              50 |
| Backpack       |              65 |
| Shirt          |              27 |
| Skirt          |              37 |
| Handbag        |              43 |
| Pants          |              50 |
| Coat           |              25 |
| Blouse         |              73 |
| Jacket         |              48 |
| Skirt          |              97 |
| Blouse         |              75 |
| Socks          |              58 |
| Hoodie         |              84 |
| Skirt          |              61 |
| Blouse         |              51 |
| Backpack       |              82 |
| Dress          |              39 |
| Hoodie         |              86 |
| Jacket         |              59 |
| Boots          |              64 |
| Blouse         |              43 |
| Boots          |              32 |
| Sunglasses     |              53 |
| Blouse         |              87 |
| Coat           |              83 |
| Shorts         |              66 |
| Shoes          |              67 |
| Sunglasses     |              72 |
| Sunglasses     |              68 |
| Sweater        |              91 |
| T-shirt        |              50 |
| Hat            |              52 |
| Sweater        |              46 |
| Skirt          |              86 |
| Shirt          |              44 |
| Belt           |              49 |
| Jewelry        |              63 |
| Jeans          |              91 |
| Jewelry        |              70 |
| Handbag        |              28 |
| Hoodie         |              43 |
| Scarf          |              45 |
| Handbag        |             100 |
| Jacket         |              39 |
| Boots          |              65 |
| Belt           |              36 |
| Belt           |              85 |
| Dress          |              71 |
| Socks          |              64 |
| Jacket         |              21 |
| Skirt          |              79 |
| Shorts         |              65 |
| Belt           |              45 |
| Skirt          |              55 |
| Scarf          |              21 |
| Jacket         |              44 |
| Jeans          |              81 |
| Sneakers       |              24 |
| Boots          |              37 |
| Handbag        |              64 |
| Handbag        |              32 |
| Handbag        |              79 |
| Sweater        |              71 |
| Belt           |              76 |
| Belt           |              22 |
| Shirt          |              63 |
| Handbag        |              73 |
| Shoes          |              33 |
| Jacket         |              85 |
| Shirt          |              37 |
| Sandals        |              57 |
| Jacket         |              92 |
| Handbag        |              56 |
| Coat           |              66 |
| Sandals        |              79 |
| Socks          |              45 |
| Coat           |              26 |
| Shoes          |              85 |
| Sunglasses     |              30 |
| Shirt          |              83 |
| Sweater        |              99 |
| Belt           |              34 |
| Dress          |              78 |
| Sunglasses     |              41 |
| Socks          |              52 |
| Skirt          |              46 |
| Socks          |              42 |
| Belt           |              52 |
| Handbag        |              88 |
| Sweater        |              53 |
| Sunglasses     |              58 |
| Belt           |              59 |
| Socks          |              24 |
| Hoodie         |              24 |
| Pants          |              65 |
| Skirt          |              78 |
| Hoodie         |              85 |
| Pants          |              67 |
| Sneakers       |              49 |
| Belt           |              74 |
| T-shirt        |              57 |
| Handbag        |              58 |
| Socks          |              74 |
| Hoodie         |              99 |
| Sneakers       |              98 |
| Backpack       |              60 |
| T-shirt        |              35 |
| Sunglasses     |             100 |
| Coat           |              74 |
| Dress          |              97 |
| Blouse         |              60 |
| Hat            |              50 |
| Handbag        |              57 |
| Coat           |              91 |
| Pants          |              58 |
| Belt           |              60 |
| Jeans          |              70 |
| Sneakers       |              75 |
| Shorts         |              31 |
| Gloves         |              95 |
| Sandals        |              35 |
| Backpack       |              54 |
| Handbag        |              91 |
| Jeans          |              99 |
| T-shirt        |              74 |
| Shirt          |              49 |
| Belt           |              96 |
| T-shirt        |              48 |
| Sandals        |              25 |
| Sandals        |              52 |
| Jewelry        |              83 |
| Pants          |              57 |
| Socks          |              70 |
| Blouse         |              38 |
| Jeans          |              60 |
| Sunglasses     |              51 |
| Backpack       |              71 |
| Dress          |              46 |
| Shoes          |              56 |
| Shoes          |              30 |
| Socks          |              73 |
| Pants          |              72 |
| Jacket         |              62 |
| Sweater        |              96 |
| Jewelry        |              87 |
| Hoodie         |              37 |
| Backpack       |              53 |
| Pants          |              82 |
| Gloves         |              61 |
| Shorts         |              89 |
| Sandals        |              24 |
| Sweater        |              27 |
| Boots          |              82 |
| Handbag        |              48 |
| Shirt          |              48 |
| Backpack       |              62 |
| Shirt          |              96 |
| Pants          |              54 |
| T-shirt        |              22 |
| Skirt          |              69 |
| Hat            |              70 |
| Sunglasses     |              45 |
| Handbag        |              92 |
| Shoes          |              63 |
| Gloves         |              31 |
| Socks          |              96 |
| Sunglasses     |              55 |
| Scarf          |              87 |
| Jeans          |              51 |
| Jacket         |              86 |
| Sandals        |              29 |
| Hat            |              27 |
| Belt           |              47 |
| Dress          |              41 |
| T-shirt        |              43 |
| Shorts         |              45 |
| T-shirt        |              72 |
| Sandals        |              77 |
| Shorts         |              80 |
| Handbag        |              66 |
| Sunglasses     |              91 |
| Skirt          |              54 |
| Backpack       |              55 |
| Skirt          |              65 |
| Gloves         |              79 |
| Hat            |              62 |
| Sunglasses     |              34 |
| Pants          |              91 |
| Coat           |              60 |
| Pants          |              96 |
| Coat           |              99 |
| Jewelry        |              97 |
| Coat           |              81 |
| Shoes          |              41 |
| Sandals        |              54 |
| Gloves         |              87 |
| Pants          |              42 |
| T-shirt        |              86 |
| Gloves         |              83 |
| Jeans          |              75 |
| Jeans          |              94 |
| Hat            |              65 |
| Sunglasses     |              20 |
| Gloves         |              92 |
| Shirt          |              42 |
| Jewelry        |              73 |
| Jacket         |              93 |
| Skirt          |              84 |
| Dress          |              25 |
| Jeans          |              42 |
| Shorts         |              87 |
| Sweater        |              52 |
| Sweater        |              34 |
| Shirt          |              61 |
| T-shirt        |              77 |
| Dress          |              29 |
| Sandals        |              46 |
| T-shirt        |              97 |
| Sandals        |              43 |
| Hat            |              51 |
| Hat            |              42 |
| Shirt          |              20 |
| Scarf          |              25 |
| Pants          |              95 |
| Jewelry        |              92 |
| Shirt          |              81 |
| Jewelry        |              86 |
| Hat            |              64 |
| Belt           |              33 |
| Handbag        |              81 |
+----------------+-----------------+
1768 rows in set (0.02 sec)

mysql> select distinct item_purchased, avg(purchase_amount) as avg_price from cd group by item_purchased;
+----------------+-----------+
| item_purchased | avg_price |
+----------------+-----------+
| Blouse         |   60.8772 |
| Sweater        |   57.6951 |
| Jeans          |   60.8710 |
| Sandals        |   57.5000 |
| Sneakers       |   59.5517 |
| Shirt          |   61.1361 |
| Shorts         |   60.0828 |
| Coat           |   57.6087 |
| Handbag        |   57.8889 |
| Shoes          |   61.6000 |
| Dress          |   62.1687 |
| Skirt          |   59.5063 |
| Sunglasses     |   59.9317 |
| Pants          |   59.0058 |
| Jacket         |   56.7423 |
| Hoodie         |   58.0596 |
| Jewelry        |   58.5380 |
| T-shirt        |   62.9116 |
| Scarf          |   60.8981 |
| Hat            |   60.8766 |
| Socks          |   58.1887 |
| Backpack       |   60.3916 |
| Belt           |   59.8447 |
| Boots          |   62.6250 |
| Gloves         |   60.5500 |
+----------------+-----------+
25 rows in set (0.01 sec)

mysql> select distinct count(item_purchased) as total_items from cd;
+-------------+
| total_items |
+-------------+
|        3900 |
+-------------+
1 row in set (0.01 sec)

mysql> select distinct count(item_purchased) as total_items from cd group by item_purchased ;
+-------------+
| total_items |
+-------------+
|         124 |
|         140 |
|         143 |
|         144 |
|         145 |
|         147 |
|         150 |
|         151 |
|         153 |
|         154 |
|         157 |
|         158 |
|         159 |
|         160 |
|         161 |
|         163 |
|         164 |
|         166 |
|         169 |
|         171 |
+-------------+
20 rows in set (0.02 sec)

mysql> select distinct item_purchased,count(item_purchased) as total_items from cd group by item_purchased ;
+----------------+-------------+
| item_purchased | total_items |
+----------------+-------------+
| Blouse         |         171 |
| Sweater        |         164 |
| Jeans          |         124 |
| Sandals        |         160 |
| Sneakers       |         145 |
| Shirt          |         169 |
| Shorts         |         157 |
| Coat           |         161 |
| Handbag        |         153 |
| Shoes          |         150 |
| Dress          |         166 |
| Skirt          |         158 |
| Sunglasses     |         161 |
| Pants          |         171 |
| Jacket         |         163 |
| Hoodie         |         151 |
| Jewelry        |         171 |
| T-shirt        |         147 |
| Scarf          |         157 |
| Hat            |         154 |
| Socks          |         159 |
| Backpack       |         143 |
| Belt           |         161 |
| Boots          |         144 |
| Gloves         |         140 |
+----------------+-------------+
25 rows in set (0.02 sec)

mysql> select count(item_purchased) as total_items from cd where ( select distinct item_purchased,count(item_purchased) as total_items from cd group by item_purchased ;);
ERROR 1064 (42000): You have an error in your SQL syntax; check the manual that corresponds to your MySQL server version for the right syntax to use near '' at line 1
ERROR 1064 (42000): You have an error in your SQL syntax; check the manual that corresponds to your MySQL server version for the right syntax to use near ')' at line 1
mysql> select count(distinct item_purchased) as total_items from cd;
+-------------+
| total_items |
+-------------+
|          25 |
+-------------+
1 row in set (0.01 sec)

mysql> desc cd;
+-------------------------+--------+------+-----+---------+-------+
| Field                   | Type   | Null | Key | Default | Extra |
+-------------------------+--------+------+-----+---------+-------+
| customer_id             | int    | YES  |     | NULL    |       |
| age                     | int    | YES  |     | NULL    |       |
| gender                  | text   | YES  |     | NULL    |       |
| item_purchased          | text   | YES  |     | NULL    |       |
| category                | text   | YES  |     | NULL    |       |
| purchase_amount         | int    | YES  |     | NULL    |       |
| location                | text   | YES  |     | NULL    |       |
| size                    | text   | YES  |     | NULL    |       |
| color                   | text   | YES  |     | NULL    |       |
| season                  | text   | YES  |     | NULL    |       |
| review_rating           | double | YES  |     | NULL    |       |
| subscription_status     | text   | YES  |     | NULL    |       |
| shipping_type           | text   | YES  |     | NULL    |       |
| discount_applied        | text   | YES  |     | NULL    |       |
| previous_purchases      | int    | YES  |     | NULL    |       |
| payment_method          | text   | YES  |     | NULL    |       |
| frequency_of_purchases  | text   | YES  |     | NULL    |       |
| age_group               | text   | YES  |     | NULL    |       |
| purchase_frequency_days | int    | YES  |     | NULL    |       |
+-------------------------+--------+------+-----+---------+-------+
19 rows in set (0.01 sec)

mysql> select (distinct category), sum(purchase_amount) from cd group by category;
ERROR 1064 (42000): You have an error in your SQL syntax; check the manual that corresponds to your MySQL server version for the right syntax to use near 'distinct category), sum(purchase_amount) from cd group by category' at line 1
mysql> select category, sum(purchase_amount) from cd group by category;
+-------------+----------------------+
| category    | sum(purchase_amount) |
+-------------+----------------------+
| Clothing    |               104264 |
| Footwear    |                36093 |
| Outerwear   |                18524 |
| Accessories |                74200 |
+-------------+----------------------+
4 rows in set (0.02 sec)

mysql> select category, item_purchased, sum(purchase_amount) from cd group by item_purchased;
ERROR 1055 (42000): Expression #1 of SELECT list is not in GROUP BY clause and contains nonaggregated column 'csa_project.cd.category' which is not functionally dependent on columns in GROUP BY clause; this is incompatible with sql_mode=only_full_group_by
mysql> select distinct category, item_purchased, sum(purchase_amount) from cd group by item_purchased;
ERROR 1055 (42000): Expression #1 of SELECT list is not in GROUP BY clause and contains nonaggregated column 'csa_project.cd.category' which is not functionally dependent on columns in GROUP BY clause; this is incompatible with sql_mode=only_full_group_by
mysql> select distinct category, item_purchased, sum(purchase_amount) from cd ;
ERROR 1140 (42000): In aggregated query without GROUP BY, expression #1 of SELECT list contains nonaggregated column 'csa_project.cd.category'; this is incompatible with sql_mode=only_full_group_by
mysql> select category, item_purchased, sum(purchase_amount) from cd group by category, item_purchased;
+-------------+----------------+----------------------+
| category    | item_purchased | sum(purchase_amount) |
+-------------+----------------+----------------------+
| Clothing    | Blouse         |                10410 |
| Clothing    | Sweater        |                 9462 |
| Clothing    | Jeans          |                 7548 |
| Footwear    | Sandals        |                 9200 |
| Footwear    | Sneakers       |                 8635 |
| Clothing    | Shirt          |                10332 |
| Clothing    | Shorts         |                 9433 |
| Outerwear   | Coat           |                 9275 |
| Accessories | Handbag        |                 8857 |
| Footwear    | Shoes          |                 9240 |
| Clothing    | Dress          |                10320 |
| Clothing    | Skirt          |                 9402 |
| Accessories | Sunglasses     |                 9649 |
| Clothing    | Pants          |                10090 |
| Outerwear   | Jacket         |                 9249 |
| Clothing    | Hoodie         |                 8767 |
| Accessories | Jewelry        |                10010 |
| Clothing    | T-shirt        |                 9248 |
| Accessories | Scarf          |                 9561 |
| Accessories | Hat            |                 9375 |
| Clothing    | Socks          |                 9252 |
| Accessories | Backpack       |                 8636 |
| Accessories | Belt           |                 9635 |
| Footwear    | Boots          |                 9018 |
| Accessories | Gloves         |                 8477 |
+-------------+----------------+----------------------+
25 rows in set (0.02 sec)

mysql> select category, item_purchased, sum(purchase_amount) from cd group by category, item_purchased asnd;
ERROR 1064 (42000): You have an error in your SQL syntax; check the manual that corresponds to your MySQL server version for the right syntax to use near 'asnd' at line 1
mysql> select category, item_purchased, sum(purchase_amount) from cd group by category, item_purchased order by category asc;
+-------------+----------------+----------------------+
| category    | item_purchased | sum(purchase_amount) |
+-------------+----------------+----------------------+
| Accessories | Backpack       |                 8636 |
| Accessories | Belt           |                 9635 |
| Accessories | Gloves         |                 8477 |
| Accessories | Handbag        |                 8857 |
| Accessories | Hat            |                 9375 |
| Accessories | Jewelry        |                10010 |
| Accessories | Scarf          |                 9561 |
| Accessories | Sunglasses     |                 9649 |
| Clothing    | Blouse         |                10410 |
| Clothing    | Dress          |                10320 |
| Clothing    | Hoodie         |                 8767 |
| Clothing    | Jeans          |                 7548 |
| Clothing    | Pants          |                10090 |
| Clothing    | Shirt          |                10332 |
| Clothing    | Shorts         |                 9433 |
| Clothing    | Skirt          |                 9402 |
| Clothing    | Socks          |                 9252 |
| Clothing    | Sweater        |                 9462 |
| Clothing    | T-shirt        |                 9248 |
| Footwear    | Boots          |                 9018 |
| Footwear    | Sandals        |                 9200 |
| Footwear    | Shoes          |                 9240 |
| Footwear    | Sneakers       |                 8635 |
| Outerwear   | Coat           |                 9275 |
| Outerwear   | Jacket         |                 9249 |
+-------------+----------------+----------------------+
25 rows in set (0.05 sec)

mysql> select grnder, avg(purchase_amount) as purchase_amount from cd group by gender;
ERROR 1054 (42S22): Unknown column 'grnder' in 'field list'
mysql> select gender, avg(purchase_amount) as purchase_amount from cd group by gender;
+--------+-----------------+
| gender | purchase_amount |
+--------+-----------------+
| Male   |         59.5362 |
| Female |         60.2492 |
+--------+-----------------+
2 rows in set (0.01 sec)

mysql> select gender, sum(purchase_amount) as purchase_amount from cd group by gender;
+--------+-----------------+
| gender | purchase_amount |
+--------+-----------------+
| Male   |          157890 |
| Female |           75191 |
+--------+-----------------+
2 rows in set (0.01 sec)

mysql> select gender, count(item_purchased), sum(purchase_amount) as purchase_amount from cd group by gender;
+--------+-----------------------+-----------------+
| gender | count(item_purchased) | purchase_amount |
+--------+-----------------------+-----------------+
| Male   |                  2652 |          157890 |
| Female |                  1248 |           75191 |
+--------+-----------------------+-----------------+
2 rows in set (0.01 sec)

mysql> select * from cd where purchase_amount > (select avg(purchase_amount) from cd) limit 10;
+-------------+------+--------+----------------+-----------+-----------------+----------------+------+----------+--------+---------------+---------------------+---------------+------------------+--------------------+----------------+------------------------+-------------+-------------------------+
| customer_id | age  | gender | item_purchased | category  | purchase_amount | location       | size | color    | season | review_rating | subscription_status | shipping_type | discount_applied | previous_purchases | payment_method | frequency_of_purchases | age_group   | purchase_frequency_days |
+-------------+------+--------+----------------+-----------+-----------------+----------------+------+----------+--------+---------------+---------------------+---------------+------------------+--------------------+----------------+------------------------+-------------+-------------------------+
|           2 |   19 | Male   | Sweater        | Clothing  |              64 | Maine          | L    | Maroon   | Winter |           3.1 | Yes   | Express       | Yes              |                  2 | Cash           | Fortnightly            | Young Adult |                      14 |
|           3 |   50 | Male   | Jeans          | Clothing  |              73 | Massachusetts  | S    | Maroon   | Spring |           3.1 | Yes   | Free Shipping | Yes              |                 23 | Credit Card    | Weekly                 | Middle-Aged |                       7 |
|           4 |   21 | Male   | Sandals        | Footwear  |              90 | Rhode Island   | M    | Maroon   | Spring |           3.5 | Yes   | Next Day Air  | Yes              |                 49 | PayPal         | Weekly                 | Young Adult |                       7 |
|           7 |   63 | Male   | Shirt          | Clothing  |              85 | Montana        | M    | Gray     | Fall   |           3.2 | Yes   | Free Shipping | Yes              |                 49 | Cash           | Quarterly              | Senior      |                      90 |
|           9 |   26 | Male   | Coat           | Outerwear |              97 | West Virginia  | L    | Silver   | Summer |           2.6 | Yes   | Express       | Yes              |                  8 | Venmo          | Annually               | Young Adult |                     365 |
|          12 |   30 | Male   | Shorts         | Clothing  |              68 | Hawaii         | S    | Olive    | Winter |           4.9 | Yes   | Store Pickup  | Yes              |                 10 | Bank Transfer  | Fortnightly            | Young Adult |                      14 |
|          13 |   61 | Male   | Coat           | Outerwear |              72 | Delaware       | M    | Gold     | Winter |           4.5 | Yes   | Express       | Yes              |                 37 | Venmo          | Fortnightly            | Senior      |                      14 |
|          16 |   64 | Male   | Skirt          | Clothing  |              81 | Rhode Island   | M    | Teal     | Winter |           2.8 | Yes   | Store Pickup  | Yes              |                  8 | PayPal         | Monthly                | Senior      |                      30 |
|          20 |   66 | Male   | Pants          | Clothing  |              90 | Rhode Island   | M    | Green    | Summer |           3.3 | Yes   | Standard      | Yes              |                 46 | Debit Card     | Bi-Weekly              | Senior      |                      14 |
|          22 |   31 | Male   | Pants          | Clothing  |              62 | North Carolina | M    | Charcoal | Winter |           4.1 | Yes   | Store Pickup  | Yes              |                 22 | Debit Card     | Quarterly              | Young Adult |                      90 |
+-------------+------+--------+----------------+-----------+-----------------+----------------+------+----------+--------+---------------+---------------------+---------------+------------------+--------------------+----------------+------------------------+-------------+-------------------------+
10 rows in set (0.04 sec)

mysql> select customer_id, purchase_amount from cd where purchase_amount > (select avg(purchase_amount) from cd) limit 10;
+-------------+-----------------+
| customer_id | purchase_amount |
+-------------+-----------------+
|           2 |              64 |
|           3 |              73 |
|           4 |              90 |
|           7 |              85 |
|           9 |              97 |
|          12 |              68 |
|          13 |              72 |
|          16 |              81 |
|          20 |              90 |
|          22 |              62 |
+-------------+-----------------+
10 rows in set (0.01 sec)

mysql> select customer_id, purchase_amount from cd where purchase_amount > (select avg(purchase_amount) from cd) order by dasc limit 10;
ERROR 1054 (42S22): Unknown column 'dasc' in 'order clause'
mysql> select customer_id, purchase_amount from cd where purchase_amount > (select avg(purchase_amount) from cd) order by purchase_amount dasc limit 10;
ERROR 1064 (42000): You have an error in your SQL syntax; check the manual that corresponds to your MySQL server version for the right syntax to use near 'dasc limit 10' at line 1
mysql> select customer_id, purchase_amount from cd where purchase_amount > (select avg(purchase_amount) from cd) order by purchase_amount desc limit 10;
+-------------+-----------------+
| customer_id | purchase_amount |
+-------------+-----------------+
|          96 |             100 |
|          43 |             100 |
|         616 |             100 |
|         582 |             100 |
|         456 |             100 |
|         249 |             100 |
|         205 |             100 |
|         194 |             100 |
|         519 |             100 |
|         244 |             100 |
+-------------+-----------------+
10 rows in set (0.01 sec)

mysql> select customer_id, purchase_amount from cd where purchase_amount > (select avg(purchase_amount) from cd) group by purchase_amountorder by purchase_amount desc limit 10;
ERROR 1064 (42000): You have an error in your SQL syntax; check the manual that corresponds to your MySQL server version for the right syntax to use near 'by purchase_amount desc limit 10' at line 1
mysql> select customer_id, purchase_amount from cd where purchase_amount > (select avg(purchase_amount) from cd) group by purchase_amount order by purchase_amount desc limit 10;
ERROR 1055 (42000): Expression #1 of SELECT list is not in GROUP BY clause and contains nonaggregated column 'csa_project.cd.customer_id' which is not functionally dependent on columns in GROUP BY clause; this is incompatible with sql_mode=only_full_group_by
mysql> select customer_id, purchase_amount from cd where purchase_amount > (select avg(purchase_amount) from cd group by purchase_amount) order by purchase_amount desc limit 10;
ERROR 1242 (21000): Subquery returns more than 1 row
mysql> select customer_id, purchase_amount from cd where purchase_amount > (select item_purchased ,avg(purchase_amount) from cd group by item_purchased) order by purchase_amount desc limit 10;
ERROR 1241 (21000): Operand should contain 1 column(s)
mysql> select customer_id, purchase_amount from cd c1 where purchase_amount > (select avg(purchase_amount) from cd c2 where c1.item_purchased=c2.item_purchased) order by purchase_amount desc limit 10;
+-------------+-----------------+
| customer_id | purchase_amount |
+-------------+-----------------+
|         862 |             100 |
|         194 |             100 |
|        1413 |             100 |
|        2431 |             100 |
|         616 |             100 |
|          96 |             100 |
|        1301 |             100 |
|        2072 |             100 |
|        2215 |             100 |
|        1848 |             100 |
+-------------+-----------------+
10 rows in set (21.90 sec)

mysql> select customer_id, purchase_amount, rank() over (order by purchase_amount) from cd limit 10;
+-------------+-----------------+----------------------------------------+
| customer_id | purchase_amount | rank() over (order by purchase_amount) |
+-------------+-----------------+----------------------------------------+
|           6 |              20 |                                      1 |
|          27 |              20 |                                      1 |
|          53 |              20 |                                      1 |
|         256 |              20 |                                      1 |
|         295 |              20 |                                      1 |
|         342 |              20 |                                      1 |
|         445 |              20 |                                      1 |
|         508 |              20 |                                      1 |
|         509 |              20 |                                      1 |
|         587 |              20 |                                      1 |
+-------------+-----------------+----------------------------------------+
10 rows in set (0.04 sec)

mysql> select customer_id, item_purchased, rank() over (order by item_purchased) from cd limit 10;
+-------------+----------------+---------------------------------------+
| customer_id | item_purchased | rank() over (order by item_purchased) |
+-------------+----------------+---------------------------------------+
|        3700 | Backpack       |                                     1 |
|        1522 | Backpack       |                                     1 |
|         881 | Backpack       |                                     1 |
|        1973 | Backpack       |                                     1 |
|        3466 | Backpack       |                                     1 |
|        1624 | Backpack       |                                     1 |
|        3559 | Backpack       |                                     1 |
|        2549 | Backpack       |                                     1 |
|         494 | Backpack       |                                     1 |
|        1771 | Backpack       |                                     1 |
+-------------+----------------+---------------------------------------+
10 rows in set (0.01 sec)

mysql> select customer_id, purchase_amount, rank() over (order by purchase_amount desc) from cd limit 10;
+-------------+-----------------+---------------------------------------------+
| customer_id | purchase_amount | rank() over (order by purchase_amount desc) |
+-------------+-----------------+---------------------------------------------+
|          43 |             100 |                                           1 |
|          96 |             100 |                                           1 |
|         194 |             100 |                                           1 |
|         205 |             100 |                                           1 |
|         244 |             100 |                                           1 |
|         249 |             100 |                                           1 |
|         456 |             100 |                                           1 |
|         519 |             100 |                                           1 |
|         582 |             100 |                                           1 |
|         616 |             100 |                                           1 |
+-------------+-----------------+---------------------------------------------+
10 rows in set (0.01 sec)

mysql> SELECT Customer_ID,
    -> Purchase_Amount,
    -> CASE
    ->     WHEN Purchase_Amount > 1000 THEN 'High Spender'
    ->     ELSE 'Low Spender'
    -> END AS spending_type
    -> FROM customer_data;
ERROR 1146 (42S02): Table 'csa_project.customer_data' doesn't exist
mysql> SELECT customer_id,
    -> purchase_amount,
    -> case
    -> when purchase_amount > 1000 then ,high spender'
    '> else 'low spender'
    '> end as spending_type
    '> from cd;
    '> end as spending_type^C
mysql> SELECT customer_id,
    -> Purchase_Amount,
    -> ^C
mysql> select customer_id,
    -> purchase_amount,
    -> case when purchase_amount > 1000 then 'high spender'
    -> else 'low spender'
    -> end as spending_type
    -> from cd;
+-------------+-----------------+---------------+
| customer_id | purchase_amount | spending_type |
+-------------+-----------------+---------------+
|           1 |              53 | low spender   |
|           2 |              64 | low spender   |
|           3 |              73 | low spender   |
|           4 |              90 | low spender   |
|           5 |              49 | low spender   |
|           6 |              20 | low spender   |
|           7 |              85 | low spender   |
|           8 |              34 | low spender   |
|           9 |              97 | low spender   |
|          10 |              31 | low spender   |
|          11 |              34 | low spender   |
|          12 |              68 | low spender   |
|          13 |              72 | low spender   |
|          14 |              51 | low spender   |
|          15 |              53 | low spender   |
|          16 |              81 | low spender   |
|          17 |              36 | low spender   |
|          18 |              38 | low spender   |
|          19 |              48 | low spender   |
|          20 |              90 | low spender   |
|          21 |              51 | low spender   |
|          22 |              62 | low spender   |
|          23 |              37 | low spender   |
|          24 |              88 | low spender   |
|          25 |              22 | low spender   |
|          26 |              25 | low spender   |
|          27 |              20 | low spender   |
|          28 |              56 | low spender   |
|          29 |              94 | low spender   |
|          30 |              48 | low spender   |
|          31 |              31 | low spender   |
|          32 |              79 | low spender   |
|          33 |              67 | low spender   |
|          34 |              38 | low spender   |
|          35 |              91 | low spender   |
|          36 |              33 | low spender   |
|          37 |              69 | low spender   |
|          38 |              45 | low spender   |
|          39 |              37 | low spender   |
|          40 |              60 | low spender   |
|          41 |              76 | low spender   |
|          42 |              39 | low spender   |
|          43 |             100 | low spender   |
|          44 |              69 | low spender   |
|          45 |              53 | low spender   |
|          46 |              21 | low spender   |
|          47 |              43 | low spender   |
|          48 |              54 | low spender   |
|          49 |              55 | low spender   |
|          50 |              30 | low spender   |
|          51 |              28 | low spender   |
|          52 |              59 | low spender   |
|          53 |              20 | low spender   |
|          54 |              24 | low spender   |
|          55 |              94 | low spender   |
|          56 |              28 | low spender   |
|          57 |              73 | low spender   |
|          58 |              64 | low spender   |
|          59 |              54 | low spender   |
|          60 |              79 | low spender   |
|          61 |              37 | low spender   |
|          62 |              68 | low spender   |
|          63 |              21 | low spender   |
|          64 |              79 | low spender   |
|          65 |              83 | low spender   |
|          66 |              36 | low spender   |
|          67 |              94 | low spender   |
|          68 |              33 | low spender   |
|          69 |              46 | low spender   |
|          70 |              70 | low spender   |
|          71 |              29 | low spender   |
|          72 |              48 | low spender   |
|          73 |              26 | low spender   |
|          74 |              85 | low spender   |
|          75 |              58 | low spender   |
|          76 |              85 | low spender   |
|          77 |              43 | low spender   |
|          78 |              53 | low spender   |
|          79 |              91 | low spender   |
|          80 |              96 | low spender   |
|          81 |              72 | low spender   |
|          82 |              96 | low spender   |
|          83 |              28 | low spender   |
|          84 |              40 | low spender   |
|          85 |              32 | low spender   |
|          86 |              95 | low spender   |
|          87 |              41 | low spender   |
|          88 |              53 | low spender   |
|          89 |              47 | low spender   |
|          90 |              83 | low spender   |
|          91 |              48 | low spender   |
|          92 |              99 | low spender   |
|          93 |              87 | low spender   |
|          94 |              62 | low spender   |
|          95 |              76 | low spender   |
|          96 |             100 | low spender   |
|          97 |              73 | low spender   |
|          98 |              92 | low spender   |
|          99 |              67 | low spender   |
|         100 |              40 | low spender   |
|         101 |              98 | low spender   |
|         102 |              85 | low spender   |
|         103 |              67 | low spender   |
|         104 |              89 | low spender   |
|         105 |              24 | low spender   |
|         106 |              96 | low spender   |
|         107 |              35 | low spender   |
|         108 |              67 | low spender   |
|         109 |              79 | low spender   |
|         110 |              85 | low spender   |
|         111 |              26 | low spender   |
|         112 |              75 | low spender   |
|         113 |              65 | low spender   |
|         114 |              54 | low spender   |
|         115 |              95 | low spender   |
|         116 |              94 | low spender   |
|         117 |              86 | low spender   |
|         118 |              32 | low spender   |
|         119 |              45 | low spender   |
|         120 |              76 | low spender   |
|         121 |              84 | low spender   |
|         122 |              72 | low spender   |
|         123 |              40 | low spender   |
|         124 |              89 | low spender   |
|         125 |              86 | low spender   |
|         126 |              54 | low spender   |
|         127 |              36 | low spender   |
|         128 |              89 | low spender   |
|         129 |              32 | low spender   |
|         130 |              67 | low spender   |
|         131 |              39 | low spender   |
|         132 |              29 | low spender   |
|         133 |              58 | low spender   |
|         134 |              65 | low spender   |
|         135 |              94 | low spender   |
|         136 |              81 | low spender   |
|         137 |              86 | low spender   |
|         138 |              43 | low spender   |
|         139 |              29 | low spender   |
|         140 |              95 | low spender   |
|         141 |              28 | low spender   |
|         142 |              46 | low spender   |
|         143 |              58 | low spender   |
|         144 |              48 | low spender   |
|         145 |              43 | low spender   |
|         146 |              95 | low spender   |
|         147 |              30 | low spender   |
|         148 |              64 | low spender   |
|         149 |              90 | low spender   |
|         150 |              76 | low spender   |
|         151 |              96 | low spender   |
|         152 |              47 | low spender   |
|         153 |              85 | low spender   |
|         154 |              55 | low spender   |
|         155 |              98 | low spender   |
|         156 |              77 | low spender   |
|         157 |              26 | low spender   |
|         158 |              68 | low spender   |
|         159 |              73 | low spender   |
|         160 |              27 | low spender   |
|         161 |              23 | low spender   |
|         162 |              49 | low spender   |
|         163 |              74 | low spender   |
|         164 |              67 | low spender   |
|         165 |              65 | low spender   |
|         166 |              60 | low spender   |
|         167 |              31 | low spender   |
|         168 |              27 | low spender   |
|         169 |              80 | low spender   |
|         170 |              30 | low spender   |
|         171 |              25 | low spender   |
|         172 |              35 | low spender   |
|         173 |              67 | low spender   |
|         174 |              46 | low spender   |
|         175 |              35 | low spender   |
|         176 |              86 | low spender   |
|         177 |              81 | low spender   |
|         178 |              42 | low spender   |
|         179 |              43 | low spender   |
|         180 |              31 | low spender   |
|         181 |              81 | low spender   |
|         182 |              61 | low spender   |
|         183 |              96 | low spender   |
|         184 |              29 | low spender   |
|         185 |              33 | low spender   |
|         186 |              32 | low spender   |
|         187 |              56 | low spender   |
|         188 |              94 | low spender   |
|         189 |              53 | low spender   |
|         190 |              82 | low spender   |
|         191 |              70 | low spender   |
|         192 |              76 | low spender   |
|         193 |              29 | low spender   |
|         194 |             100 | low spender   |
|         195 |              94 | low spender   |
|         196 |              25 | low spender   |
|         197 |              88 | low spender   |
|         198 |              78 | low spender   |
|         199 |              45 | low spender   |
|         200 |              73 | low spender   |
|         201 |              61 | low spender   |
|         202 |              22 | low spender   |
|         203 |              38 | low spender   |
|         204 |              38 | low spender   |
|         205 |             100 | low spender   |
|         206 |              64 | low spender   |
|         207 |              55 | low spender   |
|         208 |              91 | low spender   |
|         209 |              38 | low spender   |
|         210 |              97 | low spender   |
|         211 |              22 | low spender   |
|         212 |              92 | low spender   |
|         213 |              84 | low spender   |
|         214 |              93 | low spender   |
|         215 |              50 | low spender   |
|         216 |              64 | low spender   |
|         217 |              61 | low spender   |
|         218 |              48 | low spender   |
|         219 |              45 | low spender   |
|         220 |              88 | low spender   |
|         221 |              57 | low spender   |
|         222 |              68 | low spender   |
|         223 |              94 | low spender   |
|         224 |              41 | low spender   |
|         225 |              83 | low spender   |
|         226 |              22 | low spender   |
|         227 |              74 | low spender   |
|         228 |              90 | low spender   |
|         229 |              79 | low spender   |
|         230 |              28 | low spender   |
|         231 |              88 | low spender   |
|         232 |              26 | low spender   |
|         233 |              27 | low spender   |
|         234 |              83 | low spender   |
|         235 |              39 | low spender   |
|         236 |              89 | low spender   |
|         237 |              68 | low spender   |
|         238 |              90 | low spender   |
|         239 |              34 | low spender   |
|         240 |              51 | low spender   |
|         241 |              45 | low spender   |
|         242 |              88 | low spender   |
|         243 |              85 | low spender   |
|         244 |             100 | low spender   |
|         245 |              42 | low spender   |
|         246 |              53 | low spender   |
|         247 |              86 | low spender   |
|         248 |              66 | low spender   |
|         249 |             100 | low spender   |
|         250 |              47 | low spender   |
|         251 |              25 | low spender   |
|         252 |              51 | low spender   |
|         253 |              41 | low spender   |
|         254 |              73 | low spender   |
|         255 |              42 | low spender   |
|         256 |              20 | low spender   |
|         257 |              30 | low spender   |
|         258 |              53 | low spender   |
|         259 |              74 | low spender   |
|         260 |              57 | low spender   |
|         261 |              57 | low spender   |
|         262 |              77 | low spender   |
|         263 |              40 | low spender   |
|         264 |              46 | low spender   |
|         265 |              78 | low spender   |
|         266 |              59 | low spender   |
|         267 |              75 | low spender   |
|         268 |              54 | low spender   |
|         269 |              42 | low spender   |
|         270 |              44 | low spender   |
|         271 |              52 | low spender   |
|         272 |              69 | low spender   |
|         273 |              26 | low spender   |
|         274 |              33 | low spender   |
|         275 |              32 | low spender   |
|         276 |              85 | low spender   |
|         277 |              30 | low spender   |
|         278 |              29 | low spender   |
|         279 |              95 | low spender   |
|         280 |              69 | low spender   |
|         281 |              69 | low spender   |
|         282 |              61 | low spender   |
|         283 |              94 | low spender   |
|         284 |              30 | low spender   |
|         285 |              45 | low spender   |
|         286 |              39 | low spender   |
|         287 |              51 | low spender   |
|         288 |              37 | low spender   |
|         289 |              62 | low spender   |
|         290 |              85 | low spender   |
|         291 |              33 | low spender   |
|         292 |              26 | low spender   |
|         293 |              99 | low spender   |
|         294 |              39 | low spender   |
|         295 |              20 | low spender   |
|         296 |              42 | low spender   |
|         297 |              74 | low spender   |
|         298 |              26 | low spender   |
|         299 |              53 | low spender   |
|         300 |              80 | low spender   |
|         301 |              98 | low spender   |
|         302 |              95 | low spender   |
|         303 |              44 | low spender   |
|         304 |              60 | low spender   |
|         305 |              84 | low spender   |
|         306 |              59 | low spender   |
|         307 |              49 | low spender   |
|         308 |              32 | low spender   |
|         309 |              29 | low spender   |
|         310 |              22 | low spender   |
|         311 |              85 | low spender   |
|         312 |              52 | low spender   |
|         313 |              89 | low spender   |
|         314 |              77 | low spender   |
|         315 |              24 | low spender   |
|         316 |              24 | low spender   |
|         317 |              22 | low spender   |
|         318 |              82 | low spender   |
|         319 |              67 | low spender   |
|         320 |              74 | low spender   |
|         321 |              72 | low spender   |
|         322 |              36 | low spender   |
|         323 |              95 | low spender   |
|         324 |              78 | low spender   |
|         325 |              82 | low spender   |
|         326 |              70 | low spender   |
|         327 |              41 | low spender   |
|         328 |              42 | low spender   |
|         329 |              50 | low spender   |
|         330 |              31 | low spender   |
|         331 |              51 | low spender   |
|         332 |              98 | low spender   |
|         333 |              86 | low spender   |
|         334 |              64 | low spender   |
|         335 |              46 | low spender   |
|         336 |              85 | low spender   |
|         337 |              81 | low spender   |
|         338 |              59 | low spender   |
|         339 |              79 | low spender   |
|         340 |              33 | low spender   |
|         341 |              47 | low spender   |
|         342 |              20 | low spender   |
|         343 |              36 | low spender   |
|         344 |              39 | low spender   |
|         345 |              71 | low spender   |
|         346 |              59 | low spender   |
|         347 |              50 | low spender   |
|         348 |              41 | low spender   |
|         349 |              59 | low spender   |
|         350 |              87 | low spender   |
|         351 |              68 | low spender   |
|         352 |              90 | low spender   |
|         353 |              71 | low spender   |
|         354 |              64 | low spender   |
|         355 |              76 | low spender   |
|         356 |              42 | low spender   |
|         357 |              80 | low spender   |
|         358 |              56 | low spender   |
|         359 |              25 | low spender   |
|         360 |              74 | low spender   |
|         361 |              30 | low spender   |
|         362 |              96 | low spender   |
|         363 |              64 | low spender   |
|         364 |              88 | low spender   |
|         365 |              88 | low spender   |
|         366 |              88 | low spender   |
|         367 |              36 | low spender   |
|         368 |              40 | low spender   |
|         369 |              39 | low spender   |
|         370 |              40 | low spender   |
|         371 |              34 | low spender   |
|         372 |              83 | low spender   |
|         373 |              85 | low spender   |
|         374 |              27 | low spender   |
|         375 |              78 | low spender   |
|         376 |              32 | low spender   |
|         377 |              51 | low spender   |
|         378 |              32 | low spender   |
|         379 |              62 | low spender   |
|         380 |              29 | low spender   |
|         381 |              69 | low spender   |
|         382 |              25 | low spender   |
|         383 |              76 | low spender   |
|         384 |              77 | low spender   |
|         385 |              33 | low spender   |
|         386 |              93 | low spender   |
|         387 |              39 | low spender   |
|         388 |              93 | low spender   |
|         389 |              82 | low spender   |
|         390 |              42 | low spender   |
|         391 |              71 | low spender   |
|         392 |              86 | low spender   |
|         393 |              82 | low spender   |
|         394 |              65 | low spender   |
|         395 |              29 | low spender   |
|         396 |              65 | low spender   |
|         397 |              88 | low spender   |
|         398 |              46 | low spender   |
|         399 |              67 | low spender   |
|         400 |              35 | low spender   |
|         401 |              66 | low spender   |
|         402 |              91 | low spender   |
|         403 |              78 | low spender   |
|         404 |              45 | low spender   |
|         405 |              93 | low spender   |
|         406 |              74 | low spender   |
|         407 |              55 | low spender   |
|         408 |              76 | low spender   |
|         409 |              66 | low spender   |
|         410 |              51 | low spender   |
|         411 |              26 | low spender   |
|         412 |              29 | low spender   |
|         413 |              74 | low spender   |
|         414 |              99 | low spender   |
|         415 |              88 | low spender   |
|         416 |              31 | low spender   |
|         417 |              55 | low spender   |
|         418 |              81 | low spender   |
|         419 |              73 | low spender   |
|         420 |              91 | low spender   |
|         421 |              54 | low spender   |
|         422 |              40 | low spender   |
|         423 |              59 | low spender   |
|         424 |              26 | low spender   |
|         425 |              23 | low spender   |
|         426 |              87 | low spender   |
|         427 |              71 | low spender   |
|         428 |              91 | low spender   |
|         429 |              64 | low spender   |
|         430 |              94 | low spender   |
|         431 |              40 | low spender   |
|         432 |              76 | low spender   |
|         433 |              86 | low spender   |
|         434 |              92 | low spender   |
|         435 |              52 | low spender   |
|         436 |              28 | low spender   |
|         437 |              46 | low spender   |
|         438 |              50 | low spender   |
|         439 |              23 | low spender   |
|         440 |              50 | low spender   |
|         441 |              89 | low spender   |
|         442 |              81 | low spender   |
|         443 |              69 | low spender   |
|         444 |              67 | low spender   |
|         445 |              20 | low spender   |
|         446 |              29 | low spender   |
|         447 |              74 | low spender   |
|         448 |              82 | low spender   |
|         449 |              23 | low spender   |
|         450 |              45 | low spender   |
|         451 |              21 | low spender   |
|         452 |              31 | low spender   |
|         453 |              45 | low spender   |
|         454 |              56 | low spender   |
|         455 |              97 | low spender   |
|         456 |             100 | low spender   |
|         457 |              96 | low spender   |
|         458 |              99 | low spender   |
|         459 |              91 | low spender   |
|         460 |              30 | low spender   |
|         461 |              65 | low spender   |
|         462 |              93 | low spender   |
|         463 |              81 | low spender   |
|         464 |              81 | low spender   |
|         465 |              52 | low spender   |
|         466 |              88 | low spender   |
|         467 |              24 | low spender   |
|         468 |              51 | low spender   |
|         469 |              38 | low spender   |
|         470 |              46 | low spender   |
|         471 |              63 | low spender   |
|         472 |              72 | low spender   |
|         473 |              39 | low spender   |
|         474 |              42 | low spender   |
|         475 |              76 | low spender   |
|         476 |              66 | low spender   |
|         477 |              90 | low spender   |
|         478 |              56 | low spender   |
|         479 |              43 | low spender   |
|         480 |              84 | low spender   |
|         481 |              88 | low spender   |
|         482 |              88 | low spender   |
|         483 |              42 | low spender   |
|         484 |              73 | low spender   |
|         485 |              73 | low spender   |
|         486 |              44 | low spender   |
|         487 |              63 | low spender   |
|         488 |              68 | low spender   |
|         489 |              29 | low spender   |
|         490 |              85 | low spender   |
|         491 |              42 | low spender   |
|         492 |              69 | low spender   |
|         493 |              62 | low spender   |
|         494 |              48 | low spender   |
|         495 |              68 | low spender   |
|         496 |              36 | low spender   |
|         497 |              63 | low spender   |
|         498 |              39 | low spender   |
|         499 |              78 | low spender   |
|         500 |              99 | low spender   |
|         501 |              31 | low spender   |
|         502 |              45 | low spender   |
|         503 |              30 | low spender   |
|         504 |              24 | low spender   |
|         505 |              22 | low spender   |
|         506 |              63 | low spender   |
|         507 |              40 | low spender   |
|         508 |              20 | low spender   |
|         509 |              20 | low spender   |
|         510 |              80 | low spender   |
|         511 |              87 | low spender   |
|         512 |              46 | low spender   |
|         513 |              49 | low spender   |
|         514 |              65 | low spender   |
|         515 |              62 | low spender   |
|         516 |              67 | low spender   |
|         517 |              41 | low spender   |
|         518 |              49 | low spender   |
|         519 |             100 | low spender   |
|         520 |              54 | low spender   |
|         521 |              84 | low spender   |
|         522 |              41 | low spender   |
|         523 |              88 | low spender   |
|         524 |              40 | low spender   |
|         525 |              39 | low spender   |
|         526 |              37 | low spender   |
|         527 |              52 | low spender   |
|         528 |              23 | low spender   |
|         529 |              88 | low spender   |
|         530 |              84 | low spender   |
|         531 |              37 | low spender   |
|         532 |              51 | low spender   |
|         533 |              76 | low spender   |
|         534 |              60 | low spender   |
|         535 |              72 | low spender   |
|         536 |              45 | low spender   |
|         537 |              84 | low spender   |
|         538 |              49 | low spender   |
|         539 |              22 | low spender   |
|         540 |              48 | low spender   |
|         541 |              37 | low spender   |
|         542 |              27 | low spender   |
|         543 |              79 | low spender   |
|         544 |              98 | low spender   |
|         545 |              64 | low spender   |
|         546 |              32 | low spender   |
|         547 |              74 | low spender   |
|         548 |              50 | low spender   |
|         549 |              64 | low spender   |
|         550 |              29 | low spender   |
|         551 |              62 | low spender   |
|         552 |              78 | low spender   |
|         553 |              94 | low spender   |
|         554 |              59 | low spender   |
|         555 |              47 | low spender   |
|         556 |              57 | low spender   |
|         557 |              90 | low spender   |
|         558 |              60 | low spender   |
|         559 |              77 | low spender   |
|         560 |              41 | low spender   |
|         561 |              48 | low spender   |
|         562 |              65 | low spender   |
|         563 |              62 | low spender   |
|         564 |              99 | low spender   |
|         565 |              58 | low spender   |
|         566 |              43 | low spender   |
|         567 |              93 | low spender   |
|         568 |              50 | low spender   |
|         569 |              88 | low spender   |
|         570 |              33 | low spender   |
|         571 |              99 | low spender   |
|         572 |              76 | low spender   |
|         573 |              97 | low spender   |
|         574 |              68 | low spender   |
|         575 |              79 | low spender   |
|         576 |              86 | low spender   |
|         577 |              68 | low spender   |
|         578 |              52 | low spender   |
|         579 |              90 | low spender   |
|         580 |              41 | low spender   |
|         581 |              80 | low spender   |
|         582 |             100 | low spender   |
|         583 |              77 | low spender   |
|         584 |              78 | low spender   |
|         585 |              94 | low spender   |
|         586 |              23 | low spender   |
|         587 |              20 | low spender   |
|         588 |              86 | low spender   |
|         589 |              60 | low spender   |
|         590 |              70 | low spender   |
|         591 |              39 | low spender   |
|         592 |              37 | low spender   |
|         593 |              29 | low spender   |
|         594 |              35 | low spender   |
|         595 |              83 | low spender   |
|         596 |              77 | low spender   |
|         597 |              37 | low spender   |
|         598 |              69 | low spender   |
|         599 |              66 | low spender   |
|         600 |              26 | low spender   |
|         601 |              63 | low spender   |
|         602 |              38 | low spender   |
|         603 |              58 | low spender   |
|         604 |              46 | low spender   |
|         605 |              92 | low spender   |
|         606 |              32 | low spender   |
|         607 |              90 | low spender   |
|         608 |              23 | low spender   |
|         609 |              25 | low spender   |
|         610 |              54 | low spender   |
|         611 |              72 | low spender   |
|         612 |              33 | low spender   |
|         613 |              43 | low spender   |
|         614 |              51 | low spender   |
|         615 |              85 | low spender   |
|         616 |             100 | low spender   |
|         617 |              72 | low spender   |
|         618 |              57 | low spender   |
|         619 |              94 | low spender   |
|         620 |              34 | low spender   |
|         621 |              89 | low spender   |
|         622 |              27 | low spender   |
|         623 |              63 | low spender   |
|         624 |              70 | low spender   |
|         625 |              87 | low spender   |
|         626 |              79 | low spender   |
|         627 |              79 | low spender   |
|         628 |              44 | low spender   |
|         629 |              85 | low spender   |
|         630 |              90 | low spender   |
|         631 |              94 | low spender   |
|         632 |              68 | low spender   |
|         633 |              51 | low spender   |
|         634 |              33 | low spender   |
|         635 |              60 | low spender   |
|         636 |              59 | low spender   |
|         637 |              30 | low spender   |
|         638 |              20 | low spender   |
|         639 |              20 | low spender   |
|         640 |              24 | low spender   |
|         641 |              88 | low spender   |
|         642 |              78 | low spender   |
|         643 |              25 | low spender   |
|         644 |              57 | low spender   |
|         645 |              93 | low spender   |
|         646 |              42 | low spender   |
|         647 |              54 | low spender   |
|         648 |              70 | low spender   |
|         649 |              31 | low spender   |
|         650 |              93 | low spender   |
|         651 |              40 | low spender   |
|         652 |              32 | low spender   |
|         653 |              27 | low spender   |
|         654 |              68 | low spender   |
|         655 |              59 | low spender   |
|         656 |              36 | low spender   |
|         657 |              23 | low spender   |
|         658 |              80 | low spender   |
|         659 |              37 | low spender   |
|         660 |              52 | low spender   |
|         661 |              79 | low spender   |
|         662 |              68 | low spender   |
|         663 |              98 | low spender   |
|         664 |              83 | low spender   |
|         665 |              83 | low spender   |
|         666 |              55 | low spender   |
|         667 |              26 | low spender   |
|         668 |              76 | low spender   |
|         669 |              85 | low spender   |
|         670 |              89 | low spender   |
|         671 |              41 | low spender   |
|         672 |              30 | low spender   |
|         673 |              53 | low spender   |
|         674 |              66 | low spender   |
|         675 |              33 | low spender   |
|         676 |              86 | low spender   |
|         677 |              60 | low spender   |
|         678 |              62 | low spender   |
|         679 |              74 | low spender   |
|         680 |              95 | low spender   |
|         681 |              25 | low spender   |
|         682 |              59 | low spender   |
|         683 |              29 | low spender   |
|         684 |              36 | low spender   |
|         685 |              82 | low spender   |
|         686 |              71 | low spender   |
|         687 |              35 | low spender   |
|         688 |              38 | low spender   |
|         689 |              59 | low spender   |
|         690 |              91 | low spender   |
|         691 |              68 | low spender   |
|         692 |              21 | low spender   |
|         693 |              95 | low spender   |
|         694 |              52 | low spender   |
|         695 |              21 | low spender   |
|         696 |              67 | low spender   |
|         697 |              42 | low spender   |
|         698 |              63 | low spender   |
|         699 |              41 | low spender   |
|         700 |              46 | low spender   |
|         701 |              79 | low spender   |
|         702 |              90 | low spender   |
|         703 |              71 | low spender   |
|         704 |              87 | low spender   |
|         705 |              66 | low spender   |
|         706 |              90 | low spender   |
|         707 |              47 | low spender   |
|         708 |              38 | low spender   |
|         709 |              50 | low spender   |
|         710 |              79 | low spender   |
|         711 |              91 | low spender   |
|         712 |              60 | low spender   |
|         713 |              81 | low spender   |
|         714 |              90 | low spender   |
|         715 |              70 | low spender   |
|         716 |              63 | low spender   |
|         717 |              29 | low spender   |
|         718 |              90 | low spender   |
|         719 |              22 | low spender   |
|         720 |              22 | low spender   |
|         721 |              62 | low spender   |
|         722 |              57 | low spender   |
|         723 |              32 | low spender   |
|         724 |              53 | low spender   |
|         725 |              79 | low spender   |
|         726 |              61 | low spender   |
|         727 |              78 | low spender   |
|         728 |              97 | low spender   |
|         729 |              78 | low spender   |
|         730 |              56 | low spender   |
|         731 |              25 | low spender   |
|         732 |              28 | low spender   |
|         733 |              57 | low spender   |
|         734 |              36 | low spender   |
|         735 |              69 | low spender   |
|         736 |              48 | low spender   |
|         737 |              58 | low spender   |
|         738 |              24 | low spender   |
|         739 |              31 | low spender   |
|         740 |              29 | low spender   |
|         741 |              69 | low spender   |
|         742 |              79 | low spender   |
|         743 |              39 | low spender   |
|         744 |              84 | low spender   |
|         745 |              66 | low spender   |
|         746 |              92 | low spender   |
|         747 |              45 | low spender   |
|         748 |              74 | low spender   |
|         749 |              39 | low spender   |
|         750 |              71 | low spender   |
|         751 |              95 | low spender   |
|         752 |              72 | low spender   |
|         753 |              85 | low spender   |
|         754 |              54 | low spender   |
|         755 |              41 | low spender   |
|         756 |              24 | low spender   |
|         757 |              99 | low spender   |
|         758 |              32 | low spender   |
|         759 |              71 | low spender   |
|         760 |              49 | low spender   |
|         761 |              50 | low spender   |
|         762 |              91 | low spender   |
|         763 |              46 | low spender   |
|         764 |              50 | low spender   |
|         765 |              39 | low spender   |
|         766 |              99 | low spender   |
|         767 |              48 | low spender   |
|         768 |              77 | low spender   |
|         769 |              95 | low spender   |
|         770 |             100 | low spender   |
|         771 |              54 | low spender   |
|         772 |              68 | low spender   |
|         773 |              22 | low spender   |
|         774 |              84 | low spender   |
|         775 |              46 | low spender   |
|         776 |              53 | low spender   |
|         777 |              60 | low spender   |
|         778 |              32 | low spender   |
|         779 |              50 | low spender   |
|         780 |              94 | low spender   |
|         781 |              26 | low spender   |
|         782 |              44 | low spender   |
|         783 |              57 | low spender   |
|         784 |              65 | low spender   |
|         785 |              72 | low spender   |
|         786 |              62 | low spender   |
|         787 |              21 | low spender   |
|         788 |              85 | low spender   |
|         789 |              51 | low spender   |
|         790 |              84 | low spender   |
|         791 |              37 | low spender   |
|         792 |              44 | low spender   |
|         793 |              45 | low spender   |
|         794 |              35 | low spender   |
|         795 |              50 | low spender   |
|         796 |              26 | low spender   |
|         797 |              78 | low spender   |
|         798 |              82 | low spender   |
|         799 |              39 | low spender   |
|         800 |              55 | low spender   |
|         801 |              20 | low spender   |
|         802 |              29 | low spender   |
|         803 |              41 | low spender   |
|         804 |              38 | low spender   |
|         805 |              47 | low spender   |
|         806 |              30 | low spender   |
|         807 |              56 | low spender   |
|         808 |              89 | low spender   |
|         809 |              96 | low spender   |
|         810 |              81 | low spender   |
|         811 |              83 | low spender   |
|         812 |              35 | low spender   |
|         813 |              56 | low spender   |
|         814 |              45 | low spender   |
|         815 |              62 | low spender   |
|         816 |              84 | low spender   |
|         817 |              24 | low spender   |
|         818 |              21 | low spender   |
|         819 |              91 | low spender   |
|         820 |              36 | low spender   |
|         821 |              39 | low spender   |
|         822 |              39 | low spender   |
|         823 |              59 | low spender   |
|         824 |              27 | low spender   |
|         825 |              94 | low spender   |
|         826 |              94 | low spender   |
|         827 |              94 | low spender   |
|         828 |              51 | low spender   |
|         829 |              62 | low spender   |
|         830 |              57 | low spender   |
|         831 |              76 | low spender   |
|         832 |              63 | low spender   |
|         833 |              80 | low spender   |
|         834 |              68 | low spender   |
|         835 |              89 | low spender   |
|         836 |              26 | low spender   |
|         837 |              90 | low spender   |
|         838 |              28 | low spender   |
|         839 |              29 | low spender   |
|         840 |              31 | low spender   |
|         841 |              24 | low spender   |
|         842 |              88 | low spender   |
|         843 |              87 | low spender   |
|         844 |              80 | low spender   |
|         845 |              48 | low spender   |
|         846 |              21 | low spender   |
|         847 |              72 | low spender   |
|         848 |              44 | low spender   |
|         849 |              73 | low spender   |
|         850 |              61 | low spender   |
|         851 |              20 | low spender   |
|         852 |              86 | low spender   |
|         853 |              60 | low spender   |
|         854 |              43 | low spender   |
|         855 |              44 | low spender   |
|         856 |              76 | low spender   |
|         857 |              33 | low spender   |
|         858 |              60 | low spender   |
|         859 |              26 | low spender   |
|         860 |              73 | low spender   |
|         861 |              87 | low spender   |
|         862 |             100 | low spender   |
|         863 |              84 | low spender   |
|         864 |              41 | low spender   |
|         865 |              59 | low spender   |
|         866 |              26 | low spender   |
|         867 |              69 | low spender   |
|         868 |              20 | low spender   |
|         869 |              83 | low spender   |
|         870 |              54 | low spender   |
|         871 |              66 | low spender   |
|         872 |              42 | low spender   |
|         873 |              33 | low spender   |
|         874 |              77 | low spender   |
|         875 |              65 | low spender   |
|         876 |              39 | low spender   |
|         877 |              51 | low spender   |
|         878 |              65 | low spender   |
|         879 |              89 | low spender   |
|         880 |              76 | low spender   |
|         881 |              75 | low spender   |
|         882 |              61 | low spender   |
|         883 |              35 | low spender   |
|         884 |              37 | low spender   |
|         885 |              91 | low spender   |
|         886 |              99 | low spender   |
|         887 |              54 | low spender   |
|         888 |              47 | low spender   |
|         889 |              77 | low spender   |
|         890 |              84 | low spender   |
|         891 |              51 | low spender   |
|         892 |              26 | low spender   |
|         893 |              64 | low spender   |
|         894 |              51 | low spender   |
|         895 |              60 | low spender   |
|         896 |              69 | low spender   |
|         897 |              29 | low spender   |
|         898 |              91 | low spender   |
|         899 |              70 | low spender   |
|         900 |              58 | low spender   |
|         901 |              98 | low spender   |
|         902 |              68 | low spender   |
|         903 |              44 | low spender   |
|         904 |              45 | low spender   |
|         905 |              99 | low spender   |
|         906 |              68 | low spender   |
|         907 |              56 | low spender   |
|         908 |              43 | low spender   |
|         909 |              99 | low spender   |
|         910 |              56 | low spender   |
|         911 |              25 | low spender   |
|         912 |              74 | low spender   |
|         913 |              56 | low spender   |
|         914 |              47 | low spender   |
|         915 |              67 | low spender   |
|         916 |              22 | low spender   |
|         917 |              34 | low spender   |
|         918 |              64 | low spender   |
|         919 |              42 | low spender   |
|         920 |              82 | low spender   |
|         921 |              81 | low spender   |
|         922 |              24 | low spender   |
|         923 |              60 | low spender   |
|         924 |              24 | low spender   |
|         925 |              78 | low spender   |
|         926 |              88 | low spender   |
|         927 |              63 | low spender   |
|         928 |              78 | low spender   |
|         929 |              37 | low spender   |
|         930 |              94 | low spender   |
|         931 |              78 | low spender   |
|         932 |              36 | low spender   |
|         933 |              24 | low spender   |
|         934 |              84 | low spender   |
|         935 |              47 | low spender   |
|         936 |              51 | low spender   |
|         937 |              84 | low spender   |
|         938 |              24 | low spender   |
|         939 |              97 | low spender   |
|         940 |              89 | low spender   |
|         941 |              44 | low spender   |
|         942 |              35 | low spender   |
|         943 |              91 | low spender   |
|         944 |              63 | low spender   |
|         945 |              97 | low spender   |
|         946 |              38 | low spender   |
|         947 |              24 | low spender   |
|         948 |              32 | low spender   |
|         949 |              90 | low spender   |
|         950 |              36 | low spender   |
|         951 |              37 | low spender   |
|         952 |              51 | low spender   |
|         953 |              71 | low spender   |
|         954 |              50 | low spender   |
|         955 |              74 | low spender   |
|         956 |              75 | low spender   |
|         957 |              99 | low spender   |
|         958 |              23 | low spender   |
|         959 |              53 | low spender   |
|         960 |              99 | low spender   |
|         961 |              48 | low spender   |
|         962 |              72 | low spender   |
|         963 |              64 | low spender   |
|         964 |              63 | low spender   |
|         965 |              51 | low spender   |
|         966 |              55 | low spender   |
|         967 |              55 | low spender   |
|         968 |              26 | low spender   |
|         969 |              67 | low spender   |
|         970 |              31 | low spender   |
|         971 |              66 | low spender   |
|         972 |              67 | low spender   |
|         973 |              61 | low spender   |
|         974 |              75 | low spender   |
|         975 |              90 | low spender   |
|         976 |              40 | low spender   |
|         977 |              90 | low spender   |
|         978 |              20 | low spender   |
|         979 |              40 | low spender   |
|         980 |              33 | low spender   |
|         981 |              98 | low spender   |
|         982 |              42 | low spender   |
|         983 |              62 | low spender   |
|         984 |              45 | low spender   |
|         985 |              78 | low spender   |
|         986 |              80 | low spender   |
|         987 |              96 | low spender   |
|         988 |              47 | low spender   |
|         989 |              84 | low spender   |
|         990 |              31 | low spender   |
|         991 |              63 | low spender   |
|         992 |              97 | low spender   |
|         993 |              99 | low spender   |
|         994 |              90 | low spender   |
|         995 |              68 | low spender   |
|         996 |              80 | low spender   |
|         997 |              91 | low spender   |
|         998 |              30 | low spender   |
|         999 |              90 | low spender   |
|        1000 |              28 | low spender   |
|        1001 |              46 | low spender   |
|        1002 |              60 | low spender   |
|        1003 |              59 | low spender   |
|        1004 |              68 | low spender   |
|        1005 |              79 | low spender   |
|        1006 |              94 | low spender   |
|        1007 |              83 | low spender   |
|        1008 |              62 | low spender   |
|        1009 |              85 | low spender   |
|        1010 |              30 | low spender   |
|        1011 |              24 | low spender   |
|        1012 |              25 | low spender   |
|        1013 |              37 | low spender   |
|        1014 |              69 | low spender   |
|        1015 |              97 | low spender   |
|        1016 |              24 | low spender   |
|        1017 |              30 | low spender   |
|        1018 |              53 | low spender   |
|        1019 |              70 | low spender   |
|        1020 |              76 | low spender   |
|        1021 |              95 | low spender   |
|        1022 |              51 | low spender   |
|        1023 |              41 | low spender   |
|        1024 |              71 | low spender   |
|        1025 |              66 | low spender   |
|        1026 |              84 | low spender   |
|        1027 |              95 | low spender   |
|        1028 |              90 | low spender   |
|        1029 |              36 | low spender   |
|        1030 |              22 | low spender   |
|        1031 |              89 | low spender   |
|        1032 |              50 | low spender   |
|        1033 |              36 | low spender   |
|        1034 |              52 | low spender   |
|        1035 |              29 | low spender   |
|        1036 |              89 | low spender   |
|        1037 |              47 | low spender   |
|        1038 |              25 | low spender   |
|        1039 |              74 | low spender   |
|        1040 |              46 | low spender   |
|        1041 |              22 | low spender   |
|        1042 |              25 | low spender   |
|        1043 |              80 | low spender   |
|        1044 |              76 | low spender   |
|        1045 |              30 | low spender   |
|        1046 |              79 | low spender   |
|        1047 |              22 | low spender   |
|        1048 |              36 | low spender   |
|        1049 |              77 | low spender   |
|        1050 |              33 | low spender   |
|        1051 |              64 | low spender   |
|        1052 |              53 | low spender   |
|        1053 |              36 | low spender   |
|        1054 |              70 | low spender   |
|        1055 |              96 | low spender   |
|        1056 |              27 | low spender   |
|        1057 |              64 | low spender   |
|        1058 |              23 | low spender   |
|        1059 |              33 | low spender   |
|        1060 |              34 | low spender   |
|        1061 |              35 | low spender   |
|        1062 |              62 | low spender   |
|        1063 |              75 | low spender   |
|        1064 |              29 | low spender   |
|        1065 |              28 | low spender   |
|        1066 |              20 | low spender   |
|        1067 |              96 | low spender   |
|        1068 |              43 | low spender   |
|        1069 |              94 | low spender   |
|        1070 |              81 | low spender   |
|        1071 |              75 | low spender   |
|        1072 |              81 | low spender   |
|        1073 |              92 | low spender   |
|        1074 |              96 | low spender   |
|        1075 |              71 | low spender   |
|        1076 |              50 | low spender   |
|        1077 |              72 | low spender   |
|        1078 |              28 | low spender   |
|        1079 |              59 | low spender   |
|        1080 |              33 | low spender   |
|        1081 |              59 | low spender   |
|        1082 |              30 | low spender   |
|        1083 |              85 | low spender   |
|        1084 |              97 | low spender   |
|        1085 |              36 | low spender   |
|        1086 |              85 | low spender   |
|        1087 |              62 | low spender   |
|        1088 |              71 | low spender   |
|        1089 |              21 | low spender   |
|        1090 |              61 | low spender   |
|        1091 |              58 | low spender   |
|        1092 |              80 | low spender   |
|        1093 |              50 | low spender   |
|        1094 |              48 | low spender   |
|        1095 |              40 | low spender   |
|        1096 |              34 | low spender   |
|        1097 |              46 | low spender   |
|        1098 |              27 | low spender   |
|        1099 |              98 | low spender   |
|        1100 |              73 | low spender   |
|        1101 |              28 | low spender   |
|        1102 |              76 | low spender   |
|        1103 |              83 | low spender   |
|        1104 |              23 | low spender   |
|        1105 |              28 | low spender   |
|        1106 |              83 | low spender   |
|        1107 |              96 | low spender   |
|        1108 |              62 | low spender   |
|        1109 |              25 | low spender   |
|        1110 |              97 | low spender   |
|        1111 |              61 | low spender   |
|        1112 |              66 | low spender   |
|        1113 |              67 | low spender   |
|        1114 |              80 | low spender   |
|        1115 |              25 | low spender   |
|        1116 |              58 | low spender   |
|        1117 |              96 | low spender   |
|        1118 |              77 | low spender   |
|        1119 |              65 | low spender   |
|        1120 |              36 | low spender   |
|        1121 |              84 | low spender   |
|        1122 |              58 | low spender   |
|        1123 |              62 | low spender   |
|        1124 |              67 | low spender   |
|        1125 |              20 | low spender   |
|        1126 |              90 | low spender   |
|        1127 |              58 | low spender   |
|        1128 |              53 | low spender   |
|        1129 |              30 | low spender   |
|        1130 |              65 | low spender   |
|        1131 |              41 | low spender   |
|        1132 |              73 | low spender   |
|        1133 |              98 | low spender   |
|        1134 |              36 | low spender   |
|        1135 |              81 | low spender   |
|        1136 |              90 | low spender   |
|        1137 |              83 | low spender   |
|        1138 |              91 | low spender   |
|        1139 |              36 | low spender   |
|        1140 |              53 | low spender   |
|        1141 |              39 | low spender   |
|        1142 |              33 | low spender   |
|        1143 |              76 | low spender   |
|        1144 |              23 | low spender   |
|        1145 |              54 | low spender   |
|        1146 |              89 | low spender   |
|        1147 |              38 | low spender   |
|        1148 |              36 | low spender   |
|        1149 |              66 | low spender   |
|        1150 |              42 | low spender   |
|        1151 |              36 | low spender   |
|        1152 |              86 | low spender   |
|        1153 |              49 | low spender   |
|        1154 |              41 | low spender   |
|        1155 |              82 | low spender   |
|        1156 |              53 | low spender   |
|        1157 |              21 | low spender   |
|        1158 |              66 | low spender   |
|        1159 |              89 | low spender   |
|        1160 |              55 | low spender   |
|        1161 |              42 | low spender   |
|        1162 |              52 | low spender   |
|        1163 |              92 | low spender   |
|        1164 |              56 | low spender   |
|        1165 |              96 | low spender   |
|        1166 |              64 | low spender   |
|        1167 |              48 | low spender   |
|        1168 |              83 | low spender   |
|        1169 |              91 | low spender   |
|        1170 |              94 | low spender   |
|        1171 |              62 | low spender   |
|        1172 |              55 | low spender   |
|        1173 |              68 | low spender   |
|        1174 |              76 | low spender   |
|        1175 |              31 | low spender   |
|        1176 |              81 | low spender   |
|        1177 |              83 | low spender   |
|        1178 |              21 | low spender   |
|        1179 |              22 | low spender   |
|        1180 |              33 | low spender   |
|        1181 |              23 | low spender   |
|        1182 |              96 | low spender   |
|        1183 |              21 | low spender   |
|        1184 |              39 | low spender   |
|        1185 |              73 | low spender   |
|        1186 |              64 | low spender   |
|        1187 |              68 | low spender   |
|        1188 |              89 | low spender   |
|        1189 |              29 | low spender   |
|        1190 |              97 | low spender   |
|        1191 |              45 | low spender   |
|        1192 |              70 | low spender   |
|        1193 |              56 | low spender   |
|        1194 |              55 | low spender   |
|        1195 |              46 | low spender   |
|        1196 |              95 | low spender   |
|        1197 |              88 | low spender   |
|        1198 |              92 | low spender   |
|        1199 |              49 | low spender   |
|        1200 |              89 | low spender   |
|        1201 |              22 | low spender   |
|        1202 |              61 | low spender   |
|        1203 |              29 | low spender   |
|        1204 |              82 | low spender   |
|        1205 |              94 | low spender   |
|        1206 |              99 | low spender   |
|        1207 |              59 | low spender   |
|        1208 |              90 | low spender   |
|        1209 |             100 | low spender   |
|        1210 |              62 | low spender   |
|        1211 |              78 | low spender   |
|        1212 |              94 | low spender   |
|        1213 |              74 | low spender   |
|        1214 |              52 | low spender   |
|        1215 |              81 | low spender   |
|        1216 |              20 | low spender   |
|        1217 |              32 | low spender   |
|        1218 |              63 | low spender   |
|        1219 |              79 | low spender   |
|        1220 |              23 | low spender   |
|        1221 |              64 | low spender   |
|        1222 |              69 | low spender   |
|        1223 |              69 | low spender   |
|        1224 |              24 | low spender   |
|        1225 |              50 | low spender   |
|        1226 |              97 | low spender   |
|        1227 |              91 | low spender   |
|        1228 |              37 | low spender   |
|        1229 |              55 | low spender   |
|        1230 |              52 | low spender   |
|        1231 |              80 | low spender   |
|        1232 |              79 | low spender   |
|        1233 |              23 | low spender   |
|        1234 |              73 | low spender   |
|        1235 |              99 | low spender   |
|        1236 |              22 | low spender   |
|        1237 |              68 | low spender   |
|        1238 |              92 | low spender   |
|        1239 |              77 | low spender   |
|        1240 |              37 | low spender   |
|        1241 |              79 | low spender   |
|        1242 |              51 | low spender   |
|        1243 |              27 | low spender   |
|        1244 |              23 | low spender   |
|        1245 |              76 | low spender   |
|        1246 |              31 | low spender   |
|        1247 |              60 | low spender   |
|        1248 |              99 | low spender   |
|        1249 |              37 | low spender   |
|        1250 |              50 | low spender   |
|        1251 |              26 | low spender   |
|        1252 |              86 | low spender   |
|        1253 |              41 | low spender   |
|        1254 |              23 | low spender   |
|        1255 |              56 | low spender   |
|        1256 |              68 | low spender   |
|        1257 |              48 | low spender   |
|        1258 |              67 | low spender   |
|        1259 |              87 | low spender   |
|        1260 |              64 | low spender   |
|        1261 |              93 | low spender   |
|        1262 |              29 | low spender   |
|        1263 |              62 | low spender   |
|        1264 |              70 | low spender   |
|        1265 |              92 | low spender   |
|        1266 |              79 | low spender   |
|        1267 |              31 | low spender   |
|        1268 |              83 | low spender   |
|        1269 |              88 | low spender   |
|        1270 |              53 | low spender   |
|        1271 |              98 | low spender   |
|        1272 |              57 | low spender   |
|        1273 |              80 | low spender   |
|        1274 |              29 | low spender   |
|        1275 |              73 | low spender   |
|        1276 |              32 | low spender   |
|        1277 |              68 | low spender   |
|        1278 |              97 | low spender   |
|        1279 |              98 | low spender   |
|        1280 |              56 | low spender   |
|        1281 |              78 | low spender   |
|        1282 |              81 | low spender   |
|        1283 |              68 | low spender   |
|        1284 |              94 | low spender   |
|        1285 |              93 | low spender   |
|        1286 |              99 | low spender   |
|        1287 |              49 | low spender   |
|        1288 |              28 | low spender   |
|        1289 |              93 | low spender   |
|        1290 |              24 | low spender   |
|        1291 |              35 | low spender   |
|        1292 |              68 | low spender   |
|        1293 |              61 | low spender   |
|        1294 |              74 | low spender   |
|        1295 |              64 | low spender   |
|        1296 |              60 | low spender   |
|        1297 |              29 | low spender   |
|        1298 |              85 | low spender   |
|        1299 |              81 | low spender   |
|        1300 |              23 | low spender   |
|        1301 |             100 | low spender   |
|        1302 |              54 | low spender   |
|        1303 |              25 | low spender   |
|        1304 |              32 | low spender   |
|        1305 |              63 | low spender   |
|        1306 |              56 | low spender   |
|        1307 |              33 | low spender   |
|        1308 |              32 | low spender   |
|        1309 |              38 | low spender   |
|        1310 |              21 | low spender   |
|        1311 |              59 | low spender   |
|        1312 |              87 | low spender   |
|        1313 |              79 | low spender   |
|        1314 |              28 | low spender   |
|        1315 |              67 | low spender   |
|        1316 |              75 | low spender   |
|        1317 |              32 | low spender   |
|        1318 |              43 | low spender   |
|        1319 |              93 | low spender   |
|        1320 |              24 | low spender   |
|        1321 |              31 | low spender   |
|        1322 |              84 | low spender   |
|        1323 |              74 | low spender   |
|        1324 |              62 | low spender   |
|        1325 |              77 | low spender   |
|        1326 |              73 | low spender   |
|        1327 |              50 | low spender   |
|        1328 |              40 | low spender   |
|        1329 |              97 | low spender   |
|        1330 |              63 | low spender   |
|        1331 |              65 | low spender   |
|        1332 |              91 | low spender   |
|        1333 |              60 | low spender   |
|        1334 |              69 | low spender   |
|        1335 |              52 | low spender   |
|        1336 |              49 | low spender   |
|        1337 |              85 | low spender   |
|        1338 |              86 | low spender   |
|        1339 |              51 | low spender   |
|        1340 |              56 | low spender   |
|        1341 |              72 | low spender   |
|        1342 |              27 | low spender   |
|        1343 |              43 | low spender   |
|        1344 |              56 | low spender   |
|        1345 |              37 | low spender   |
|        1346 |              21 | low spender   |
|        1347 |              91 | low spender   |
|        1348 |              95 | low spender   |
|        1349 |              54 | low spender   |
|        1350 |              36 | low spender   |
|        1351 |              71 | low spender   |
|        1352 |              31 | low spender   |
|        1353 |              89 | low spender   |
|        1354 |              83 | low spender   |
|        1355 |              42 | low spender   |
|        1356 |              91 | low spender   |
|        1357 |              61 | low spender   |
|        1358 |              66 | low spender   |
|        1359 |              22 | low spender   |
|        1360 |              68 | low spender   |
|        1361 |              43 | low spender   |
|        1362 |              32 | low spender   |
|        1363 |              46 | low spender   |
|        1364 |              90 | low spender   |
|        1365 |              75 | low spender   |
|        1366 |              69 | low spender   |
|        1367 |              40 | low spender   |
|        1368 |              63 | low spender   |
|        1369 |              36 | low spender   |
|        1370 |              75 | low spender   |
|        1371 |              67 | low spender   |
|        1372 |              64 | low spender   |
|        1373 |              61 | low spender   |
|        1374 |              40 | low spender   |
|        1375 |              97 | low spender   |
|        1376 |              31 | low spender   |
|        1377 |              65 | low spender   |
|        1378 |              54 | low spender   |
|        1379 |              49 | low spender   |
|        1380 |              64 | low spender   |
|        1381 |              35 | low spender   |
|        1382 |              86 | low spender   |
|        1383 |              55 | low spender   |
|        1384 |              58 | low spender   |
|        1385 |              96 | low spender   |
|        1386 |              64 | low spender   |
|        1387 |              56 | low spender   |
|        1388 |              85 | low spender   |
|        1389 |              23 | low spender   |
|        1390 |              72 | low spender   |
|        1391 |              38 | low spender   |
|        1392 |              29 | low spender   |
|        1393 |              46 | low spender   |
|        1394 |              58 | low spender   |
|        1395 |              43 | low spender   |
|        1396 |              32 | low spender   |
|        1397 |              30 | low spender   |
|        1398 |              67 | low spender   |
|        1399 |              45 | low spender   |
|        1400 |              81 | low spender   |
|        1401 |              23 | low spender   |
|        1402 |              59 | low spender   |
|        1403 |              21 | low spender   |
|        1404 |              20 | low spender   |
|        1405 |              28 | low spender   |
|        1406 |             100 | low spender   |
|        1407 |              46 | low spender   |
|        1408 |              61 | low spender   |
|        1409 |              58 | low spender   |
|        1410 |              50 | low spender   |
|        1411 |              93 | low spender   |
|        1412 |              24 | low spender   |
|        1413 |             100 | low spender   |
|        1414 |              79 | low spender   |
|        1415 |              51 | low spender   |
|        1416 |              90 | low spender   |
|        1417 |              56 | low spender   |
|        1418 |              25 | low spender   |
|        1419 |              75 | low spender   |
|        1420 |              75 | low spender   |
|        1421 |              53 | low spender   |
|        1422 |             100 | low spender   |
|        1423 |              27 | low spender   |
|        1424 |              60 | low spender   |
|        1425 |              23 | low spender   |
|        1426 |              40 | low spender   |
|        1427 |              38 | low spender   |
|        1428 |              90 | low spender   |
|        1429 |              97 | low spender   |
|        1430 |              38 | low spender   |
|        1431 |              30 | low spender   |
|        1432 |              88 | low spender   |
|        1433 |              33 | low spender   |
|        1434 |              60 | low spender   |
|        1435 |              64 | low spender   |
|        1436 |              95 | low spender   |
|        1437 |              83 | low spender   |
|        1438 |              97 | low spender   |
|        1439 |              38 | low spender   |
|        1440 |              48 | low spender   |
|        1441 |              76 | low spender   |
|        1442 |              25 | low spender   |
|        1443 |              92 | low spender   |
|        1444 |              47 | low spender   |
|        1445 |              36 | low spender   |
|        1446 |              51 | low spender   |
|        1447 |              35 | low spender   |
|        1448 |              57 | low spender   |
|        1449 |              95 | low spender   |
|        1450 |              41 | low spender   |
|        1451 |              44 | low spender   |
|        1452 |              34 | low spender   |
|        1453 |              25 | low spender   |
|        1454 |              93 | low spender   |
|        1455 |              50 | low spender   |
|        1456 |              79 | low spender   |
|        1457 |             100 | low spender   |
|        1458 |              57 | low spender   |
|        1459 |              28 | low spender   |
|        1460 |              35 | low spender   |
|        1461 |              85 | low spender   |
|        1462 |              95 | low spender   |
|        1463 |              90 | low spender   |
|        1464 |              49 | low spender   |
|        1465 |              92 | low spender   |
|        1466 |              72 | low spender   |
|        1467 |              71 | low spender   |
|        1468 |              27 | low spender   |
|        1469 |              39 | low spender   |
|        1470 |              98 | low spender   |
|        1471 |              27 | low spender   |
|        1472 |              71 | low spender   |
|        1473 |              24 | low spender   |
|        1474 |              63 | low spender   |
|        1475 |              72 | low spender   |
|        1476 |              61 | low spender   |
|        1477 |              56 | low spender   |
|        1478 |              32 | low spender   |
|        1479 |              23 | low spender   |
|        1480 |             100 | low spender   |
|        1481 |              74 | low spender   |
|        1482 |              33 | low spender   |
|        1483 |              67 | low spender   |
|        1484 |              61 | low spender   |
|        1485 |              46 | low spender   |
|        1486 |              56 | low spender   |
|        1487 |              73 | low spender   |
|        1488 |              44 | low spender   |
|        1489 |              44 | low spender   |
|        1490 |              26 | low spender   |
|        1491 |              52 | low spender   |
|        1492 |              54 | low spender   |
|        1493 |              38 | low spender   |
|        1494 |              44 | low spender   |
|        1495 |              76 | low spender   |
|        1496 |              23 | low spender   |
|        1497 |              98 | low spender   |
|        1498 |              33 | low spender   |
|        1499 |              32 | low spender   |
|        1500 |              85 | low spender   |
|        1501 |              69 | low spender   |
|        1502 |              55 | low spender   |
|        1503 |              66 | low spender   |
|        1504 |              30 | low spender   |
|        1505 |              80 | low spender   |
|        1506 |              20 | low spender   |
|        1507 |              30 | low spender   |
|        1508 |              86 | low spender   |
|        1509 |              84 | low spender   |
|        1510 |              54 | low spender   |
|        1511 |              30 | low spender   |
|        1512 |              91 | low spender   |
|        1513 |              23 | low spender   |
|        1514 |              35 | low spender   |
|        1515 |              90 | low spender   |
|        1516 |              93 | low spender   |
|        1517 |              68 | low spender   |
|        1518 |              41 | low spender   |
|        1519 |              73 | low spender   |
|        1520 |              73 | low spender   |
|        1521 |              66 | low spender   |
|        1522 |              59 | low spender   |
|        1523 |              72 | low spender   |
|        1524 |              88 | low spender   |
|        1525 |              76 | low spender   |
|        1526 |              31 | low spender   |
|        1527 |              22 | low spender   |
|        1528 |              75 | low spender   |
|        1529 |              75 | low spender   |
|        1530 |              63 | low spender   |
|        1531 |              21 | low spender   |
|        1532 |              83 | low spender   |
|        1533 |              46 | low spender   |
|        1534 |              59 | low spender   |
|        1535 |              66 | low spender   |
|        1536 |              74 | low spender   |
|        1537 |              82 | low spender   |
|        1538 |              89 | low spender   |
|        1539 |              65 | low spender   |
|        1540 |              55 | low spender   |
|        1541 |              95 | low spender   |
|        1542 |              77 | low spender   |
|        1543 |              44 | low spender   |
|        1544 |              89 | low spender   |
|        1545 |              24 | low spender   |
|        1546 |              43 | low spender   |
|        1547 |              51 | low spender   |
|        1548 |              46 | low spender   |
|        1549 |              32 | low spender   |
|        1550 |              55 | low spender   |
|        1551 |              26 | low spender   |
|        1552 |              29 | low spender   |
|        1553 |              49 | low spender   |
|        1554 |              45 | low spender   |
|        1555 |              48 | low spender   |
|        1556 |              47 | low spender   |
|        1557 |              57 | low spender   |
|        1558 |              34 | low spender   |
|        1559 |              75 | low spender   |
|        1560 |              94 | low spender   |
|        1561 |              84 | low spender   |
|        1562 |              38 | low spender   |
|        1563 |              75 | low spender   |
|        1564 |              44 | low spender   |
|        1565 |              33 | low spender   |
|        1566 |              93 | low spender   |
|        1567 |              99 | low spender   |
|        1568 |              33 | low spender   |
|        1569 |              76 | low spender   |
|        1570 |              63 | low spender   |
|        1571 |              41 | low spender   |
|        1572 |              88 | low spender   |
|        1573 |              92 | low spender   |
|        1574 |              31 | low spender   |
|        1575 |              25 | low spender   |
|        1576 |              28 | low spender   |
|        1577 |              75 | low spender   |
|        1578 |              34 | low spender   |
|        1579 |              97 | low spender   |
|        1580 |              80 | low spender   |
|        1581 |              71 | low spender   |
|        1582 |              77 | low spender   |
|        1583 |              41 | low spender   |
|        1584 |              92 | low spender   |
|        1585 |              95 | low spender   |
|        1586 |              25 | low spender   |
|        1587 |              77 | low spender   |
|        1588 |              99 | low spender   |
|        1589 |              24 | low spender   |
|        1590 |              72 | low spender   |
|        1591 |              80 | low spender   |
|        1592 |             100 | low spender   |
|        1593 |              83 | low spender   |
|        1594 |              95 | low spender   |
|        1595 |              41 | low spender   |
|        1596 |              35 | low spender   |
|        1597 |              30 | low spender   |
|        1598 |              21 | low spender   |
|        1599 |              85 | low spender   |
|        1600 |              54 | low spender   |
|        1601 |              26 | low spender   |
|        1602 |              59 | low spender   |
|        1603 |              48 | low spender   |
|        1604 |              98 | low spender   |
|        1605 |              92 | low spender   |
|        1606 |              46 | low spender   |
|        1607 |              21 | low spender   |
|        1608 |              72 | low spender   |
|        1609 |              58 | low spender   |
|        1610 |              93 | low spender   |
|        1611 |              31 | low spender   |
|        1612 |              26 | low spender   |
|        1613 |              68 | low spender   |
|        1614 |              31 | low spender   |
|        1615 |              41 | low spender   |
|        1616 |              62 | low spender   |
|        1617 |              41 | low spender   |
|        1618 |              64 | low spender   |
|        1619 |              72 | low spender   |
|        1620 |              78 | low spender   |
|        1621 |              47 | low spender   |
|        1622 |              46 | low spender   |
|        1623 |              43 | low spender   |
|        1624 |              58 | low spender   |
|        1625 |              32 | low spender   |
|        1626 |              45 | low spender   |
|        1627 |              35 | low spender   |
|        1628 |              21 | low spender   |
|        1629 |              64 | low spender   |
|        1630 |              88 | low spender   |
|        1631 |              48 | low spender   |
|        1632 |              36 | low spender   |
|        1633 |              28 | low spender   |
|        1634 |              80 | low spender   |
|        1635 |              23 | low spender   |
|        1636 |              24 | low spender   |
|        1637 |              22 | low spender   |
|        1638 |              21 | low spender   |
|        1639 |              51 | low spender   |
|        1640 |              65 | low spender   |
|        1641 |              51 | low spender   |
|        1642 |              32 | low spender   |
|        1643 |              70 | low spender   |
|        1644 |              77 | low spender   |
|        1645 |              90 | low spender   |
|        1646 |              36 | low spender   |
|        1647 |              77 | low spender   |
|        1648 |              78 | low spender   |
|        1649 |              69 | low spender   |
|        1650 |              63 | low spender   |
|        1651 |              36 | low spender   |
|        1652 |              80 | low spender   |
|        1653 |              35 | low spender   |
|        1654 |              93 | low spender   |
|        1655 |              25 | low spender   |
|        1656 |              81 | low spender   |
|        1657 |              42 | low spender   |
|        1658 |              36 | low spender   |
|        1659 |              66 | low spender   |
|        1660 |              37 | low spender   |
|        1661 |              45 | low spender   |
|        1662 |              86 | low spender   |
|        1663 |              24 | low spender   |
|        1664 |              22 | low spender   |
|        1665 |              53 | low spender   |
|        1666 |              41 | low spender   |
|        1667 |              64 | low spender   |
|        1668 |              40 | low spender   |
|        1669 |              33 | low spender   |
|        1670 |              59 | low spender   |
|        1671 |              73 | low spender   |
|        1672 |              22 | low spender   |
|        1673 |              73 | low spender   |
|        1674 |              62 | low spender   |
|        1675 |              56 | low spender   |
|        1676 |              90 | low spender   |
|        1677 |              44 | low spender   |
|        1678 |              35 | low spender   |
|        1679 |              71 | low spender   |
|        1680 |              52 | low spender   |
|        1681 |              37 | low spender   |
|        1682 |              95 | low spender   |
|        1683 |              97 | low spender   |
|        1684 |              57 | low spender   |
|        1685 |              93 | low spender   |
|        1686 |              48 | low spender   |
|        1687 |              75 | low spender   |
|        1688 |              70 | low spender   |
|        1689 |              26 | low spender   |
|        1690 |              73 | low spender   |
|        1691 |              30 | low spender   |
|        1692 |              61 | low spender   |
|        1693 |              75 | low spender   |
|        1694 |              88 | low spender   |
|        1695 |              67 | low spender   |
|        1696 |              95 | low spender   |
|        1697 |              69 | low spender   |
|        1698 |              87 | low spender   |
|        1699 |              41 | low spender   |
|        1700 |              67 | low spender   |
|        1701 |              70 | low spender   |
|        1702 |              41 | low spender   |
|        1703 |              83 | low spender   |
|        1704 |              22 | low spender   |
|        1705 |              20 | low spender   |
|        1706 |              29 | low spender   |
|        1707 |              87 | low spender   |
|        1708 |              81 | low spender   |
|        1709 |              58 | low spender   |
|        1710 |              83 | low spender   |
|        1711 |              59 | low spender   |
|        1712 |              93 | low spender   |
|        1713 |              87 | low spender   |
|        1714 |              22 | low spender   |
|        1715 |              71 | low spender   |
|        1716 |              69 | low spender   |
|        1717 |              47 | low spender   |
|        1718 |              50 | low spender   |
|        1719 |              96 | low spender   |
|        1720 |              39 | low spender   |
|        1721 |              84 | low spender   |
|        1722 |              28 | low spender   |
|        1723 |              51 | low spender   |
|        1724 |              20 | low spender   |
|        1725 |              72 | low spender   |
|        1726 |              33 | low spender   |
|        1727 |              28 | low spender   |
|        1728 |              53 | low spender   |
|        1729 |              48 | low spender   |
|        1730 |              21 | low spender   |
|        1731 |              22 | low spender   |
|        1732 |              87 | low spender   |
|        1733 |              50 | low spender   |
|        1734 |              85 | low spender   |
|        1735 |              98 | low spender   |
|        1736 |              34 | low spender   |
|        1737 |              61 | low spender   |
|        1738 |              98 | low spender   |
|        1739 |              61 | low spender   |
|        1740 |              98 | low spender   |
|        1741 |              21 | low spender   |
|        1742 |              51 | low spender   |
|        1743 |              80 | low spender   |
|        1744 |              72 | low spender   |
|        1745 |              63 | low spender   |
|        1746 |              27 | low spender   |
|        1747 |              44 | low spender   |
|        1748 |              23 | low spender   |
|        1749 |              93 | low spender   |
|        1750 |              70 | low spender   |
|        1751 |              85 | low spender   |
|        1752 |              40 | low spender   |
|        1753 |              29 | low spender   |
|        1754 |              27 | low spender   |
|        1755 |              93 | low spender   |
|        1756 |              20 | low spender   |
|        1757 |              55 | low spender   |
|        1758 |              94 | low spender   |
|        1759 |              56 | low spender   |
|        1760 |              58 | low spender   |
|        1761 |              44 | low spender   |
|        1762 |              95 | low spender   |
|        1763 |              42 | low spender   |
|        1764 |              93 | low spender   |
|        1765 |              56 | low spender   |
|        1766 |              88 | low spender   |
|        1767 |              54 | low spender   |
|        1768 |              89 | low spender   |
|        1769 |              45 | low spender   |
|        1770 |              75 | low spender   |
|        1771 |              22 | low spender   |
|        1772 |              82 | low spender   |
|        1773 |              34 | low spender   |
|        1774 |              92 | low spender   |
|        1775 |              78 | low spender   |
|        1776 |              47 | low spender   |
|        1777 |              64 | low spender   |
|        1778 |              44 | low spender   |
|        1779 |              94 | low spender   |
|        1780 |              62 | low spender   |
|        1781 |              81 | low spender   |
|        1782 |              33 | low spender   |
|        1783 |              88 | low spender   |
|        1784 |              49 | low spender   |
|        1785 |              31 | low spender   |
|        1786 |              29 | low spender   |
|        1787 |              34 | low spender   |
|        1788 |              38 | low spender   |
|        1789 |              41 | low spender   |
|        1790 |              34 | low spender   |
|        1791 |              26 | low spender   |
|        1792 |              98 | low spender   |
|        1793 |              59 | low spender   |
|        1794 |              92 | low spender   |
|        1795 |              40 | low spender   |
|        1796 |              20 | low spender   |
|        1797 |              35 | low spender   |
|        1798 |              35 | low spender   |
|        1799 |              82 | low spender   |
|        1800 |              48 | low spender   |
|        1801 |              58 | low spender   |
|        1802 |              57 | low spender   |
|        1803 |              96 | low spender   |
|        1804 |              97 | low spender   |
|        1805 |              42 | low spender   |
|        1806 |              62 | low spender   |
|        1807 |              67 | low spender   |
|        1808 |              46 | low spender   |
|        1809 |              71 | low spender   |
|        1810 |              99 | low spender   |
|        1811 |              28 | low spender   |
|        1812 |              77 | low spender   |
|        1813 |              63 | low spender   |
|        1814 |              62 | low spender   |
|        1815 |              92 | low spender   |
|        1816 |              72 | low spender   |
|        1817 |              79 | low spender   |
|        1818 |              27 | low spender   |
|        1819 |              39 | low spender   |
|        1820 |              86 | low spender   |
|        1821 |              94 | low spender   |
|        1822 |              53 | low spender   |
|        1823 |              85 | low spender   |
|        1824 |              50 | low spender   |
|        1825 |              47 | low spender   |
|        1826 |              75 | low spender   |
|        1827 |              60 | low spender   |
|        1828 |              36 | low spender   |
|        1829 |              80 | low spender   |
|        1830 |              96 | low spender   |
|        1831 |              80 | low spender   |
|        1832 |              71 | low spender   |
|        1833 |              29 | low spender   |
|        1834 |              53 | low spender   |
|        1835 |              35 | low spender   |
|        1836 |              75 | low spender   |
|        1837 |              52 | low spender   |
|        1838 |              77 | low spender   |
|        1839 |              24 | low spender   |
|        1840 |              78 | low spender   |
|        1841 |              98 | low spender   |
|        1842 |              57 | low spender   |
|        1843 |              78 | low spender   |
|        1844 |              76 | low spender   |
|        1845 |              26 | low spender   |
|        1846 |              78 | low spender   |
|        1847 |              53 | low spender   |
|        1848 |             100 | low spender   |
|        1849 |              73 | low spender   |
|        1850 |              40 | low spender   |
|        1851 |              76 | low spender   |
|        1852 |              80 | low spender   |
|        1853 |              80 | low spender   |
|        1854 |              67 | low spender   |
|        1855 |              61 | low spender   |
|        1856 |              76 | low spender   |
|        1857 |              55 | low spender   |
|        1858 |              85 | low spender   |
|        1859 |              69 | low spender   |
|        1860 |              26 | low spender   |
|        1861 |              64 | low spender   |
|        1862 |              60 | low spender   |
|        1863 |              36 | low spender   |
|        1864 |              21 | low spender   |
|        1865 |              72 | low spender   |
|        1866 |              62 | low spender   |
|        1867 |              44 | low spender   |
|        1868 |              52 | low spender   |
|        1869 |              58 | low spender   |
|        1870 |              77 | low spender   |
|        1871 |              99 | low spender   |
|        1872 |              96 | low spender   |
|        1873 |              64 | low spender   |
|        1874 |              44 | low spender   |
|        1875 |              33 | low spender   |
|        1876 |              71 | low spender   |
|        1877 |              36 | low spender   |
|        1878 |              62 | low spender   |
|        1879 |              29 | low spender   |
|        1880 |              33 | low spender   |
|        1881 |              33 | low spender   |
|        1882 |              41 | low spender   |
|        1883 |              54 | low spender   |
|        1884 |              58 | low spender   |
|        1885 |              30 | low spender   |
|        1886 |              53 | low spender   |
|        1887 |              91 | low spender   |
|        1888 |              44 | low spender   |
|        1889 |              89 | low spender   |
|        1890 |              57 | low spender   |
|        1891 |              57 | low spender   |
|        1892 |              74 | low spender   |
|        1893 |              30 | low spender   |
|        1894 |              20 | low spender   |
|        1895 |              90 | low spender   |
|        1896 |              61 | low spender   |
|        1897 |              51 | low spender   |
|        1898 |              97 | low spender   |
|        1899 |              97 | low spender   |
|        1900 |              40 | low spender   |
|        1901 |              85 | low spender   |
|        1902 |              76 | low spender   |
|        1903 |              22 | low spender   |
|        1904 |              63 | low spender   |
|        1905 |              71 | low spender   |
|        1906 |              35 | low spender   |
|        1907 |              30 | low spender   |
|        1908 |              74 | low spender   |
|        1909 |              71 | low spender   |
|        1910 |              84 | low spender   |
|        1911 |              38 | low spender   |
|        1912 |              81 | low spender   |
|        1913 |              56 | low spender   |
|        1914 |              48 | low spender   |
|        1915 |              97 | low spender   |
|        1916 |              74 | low spender   |
|        1917 |              50 | low spender   |
|        1918 |              71 | low spender   |
|        1919 |              33 | low spender   |
|        1920 |              56 | low spender   |
|        1921 |              84 | low spender   |
|        1922 |              36 | low spender   |
|        1923 |              63 | low spender   |
|        1924 |              36 | low spender   |
|        1925 |              63 | low spender   |
|        1926 |              32 | low spender   |
|        1927 |              93 | low spender   |
|        1928 |              29 | low spender   |
|        1929 |              92 | low spender   |
|        1930 |              33 | low spender   |
|        1931 |              52 | low spender   |
|        1932 |              42 | low spender   |
|        1933 |              36 | low spender   |
|        1934 |              67 | low spender   |
|        1935 |              43 | low spender   |
|        1936 |              68 | low spender   |
|        1937 |              60 | low spender   |
|        1938 |              53 | low spender   |
|        1939 |              23 | low spender   |
|        1940 |              57 | low spender   |
|        1941 |              89 | low spender   |
|        1942 |              99 | low spender   |
|        1943 |              28 | low spender   |
|        1944 |              53 | low spender   |
|        1945 |              45 | low spender   |
|        1946 |              38 | low spender   |
|        1947 |              49 | low spender   |
|        1948 |              32 | low spender   |
|        1949 |              37 | low spender   |
|        1950 |              80 | low spender   |
|        1951 |              78 | low spender   |
|        1952 |              53 | low spender   |
|        1953 |              82 | low spender   |
|        1954 |              33 | low spender   |
|        1955 |              77 | low spender   |
|        1956 |              56 | low spender   |
|        1957 |              37 | low spender   |
|        1958 |              54 | low spender   |
|        1959 |              67 | low spender   |
|        1960 |              90 | low spender   |
|        1961 |              72 | low spender   |
|        1962 |              59 | low spender   |
|        1963 |              45 | low spender   |
|        1964 |              30 | low spender   |
|        1965 |              51 | low spender   |
|        1966 |              90 | low spender   |
|        1967 |              95 | low spender   |
|        1968 |              81 | low spender   |
|        1969 |              70 | low spender   |
|        1970 |              32 | low spender   |
|        1971 |              94 | low spender   |
|        1972 |              29 | low spender   |
|        1973 |              31 | low spender   |
|        1974 |              20 | low spender   |
|        1975 |              44 | low spender   |
|        1976 |              77 | low spender   |
|        1977 |              51 | low spender   |
|        1978 |              49 | low spender   |
|        1979 |              78 | low spender   |
|        1980 |              98 | low spender   |
|        1981 |              94 | low spender   |
|        1982 |              91 | low spender   |
|        1983 |              77 | low spender   |
|        1984 |              97 | low spender   |
|        1985 |              58 | low spender   |
|        1986 |              97 | low spender   |
|        1987 |              48 | low spender   |
|        1988 |              23 | low spender   |
|        1989 |              79 | low spender   |
|        1990 |              42 | low spender   |
|        1991 |              95 | low spender   |
|        1992 |              29 | low spender   |
|        1993 |              98 | low spender   |
|        1994 |              96 | low spender   |
|        1995 |              66 | low spender   |
|        1996 |              80 | low spender   |
|        1997 |              27 | low spender   |
|        1998 |              25 | low spender   |
|        1999 |              45 | low spender   |
|        2000 |              89 | low spender   |
|        2001 |              27 | low spender   |
|        2002 |              90 | low spender   |
|        2003 |              65 | low spender   |
|        2004 |              72 | low spender   |
|        2005 |              70 | low spender   |
|        2006 |              82 | low spender   |
|        2007 |              97 | low spender   |
|        2008 |              25 | low spender   |
|        2009 |              48 | low spender   |
|        2010 |              99 | low spender   |
|        2011 |              21 | low spender   |
|        2012 |              94 | low spender   |
|        2013 |              53 | low spender   |
|        2014 |              70 | low spender   |
|        2015 |              26 | low spender   |
|        2016 |              82 | low spender   |
|        2017 |              47 | low spender   |
|        2018 |              32 | low spender   |
|        2019 |              97 | low spender   |
|        2020 |              68 | low spender   |
|        2021 |              23 | low spender   |
|        2022 |              33 | low spender   |
|        2023 |              38 | low spender   |
|        2024 |              68 | low spender   |
|        2025 |              23 | low spender   |
|        2026 |              29 | low spender   |
|        2027 |              35 | low spender   |
|        2028 |              73 | low spender   |
|        2029 |              84 | low spender   |
|        2030 |              23 | low spender   |
|        2031 |              67 | low spender   |
|        2032 |              51 | low spender   |
|        2033 |              36 | low spender   |
|        2034 |              55 | low spender   |
|        2035 |              30 | low spender   |
|        2036 |              70 | low spender   |
|        2037 |              63 | low spender   |
|        2038 |              87 | low spender   |
|        2039 |              70 | low spender   |
|        2040 |              51 | low spender   |
|        2041 |              25 | low spender   |
|        2042 |              32 | low spender   |
|        2043 |              52 | low spender   |
|        2044 |              33 | low spender   |
|        2045 |              68 | low spender   |
|        2046 |              20 | low spender   |
|        2047 |              32 | low spender   |
|        2048 |              82 | low spender   |
|        2049 |              64 | low spender   |
|        2050 |              24 | low spender   |
|        2051 |              96 | low spender   |
|        2052 |              94 | low spender   |
|        2053 |              48 | low spender   |
|        2054 |              60 | low spender   |
|        2055 |              56 | low spender   |
|        2056 |              33 | low spender   |
|        2057 |              46 | low spender   |
|        2058 |              37 | low spender   |
|        2059 |              98 | low spender   |
|        2060 |              50 | low spender   |
|        2061 |              63 | low spender   |
|        2062 |              70 | low spender   |
|        2063 |              63 | low spender   |
|        2064 |              86 | low spender   |
|        2065 |              99 | low spender   |
|        2066 |              40 | low spender   |
|        2067 |              92 | low spender   |
|        2068 |              21 | low spender   |
|        2069 |              81 | low spender   |
|        2070 |              82 | low spender   |
|        2071 |              88 | low spender   |
|        2072 |             100 | low spender   |
|        2073 |              66 | low spender   |
|        2074 |              25 | low spender   |
|        2075 |              53 | low spender   |
|        2076 |              28 | low spender   |
|        2077 |              23 | low spender   |
|        2078 |              34 | low spender   |
|        2079 |              42 | low spender   |
|        2080 |              24 | low spender   |
|        2081 |              47 | low spender   |
|        2082 |              78 | low spender   |
|        2083 |              89 | low spender   |
|        2084 |              59 | low spender   |
|        2085 |              94 | low spender   |
|        2086 |              49 | low spender   |
|        2087 |              89 | low spender   |
|        2088 |              91 | low spender   |
|        2089 |              89 | low spender   |
|        2090 |              57 | low spender   |
|        2091 |              71 | low spender   |
|        2092 |              97 | low spender   |
|        2093 |              45 | low spender   |
|        2094 |              91 | low spender   |
|        2095 |              25 | low spender   |
|        2096 |              63 | low spender   |
|        2097 |              52 | low spender   |
|        2098 |              43 | low spender   |
|        2099 |              28 | low spender   |
|        2100 |              78 | low spender   |
|        2101 |              31 | low spender   |
|        2102 |              23 | low spender   |
|        2103 |              25 | low spender   |
|        2104 |              86 | low spender   |
|        2105 |              88 | low spender   |
|        2106 |              35 | low spender   |
|        2107 |              34 | low spender   |
|        2108 |              75 | low spender   |
|        2109 |              46 | low spender   |
|        2110 |              31 | low spender   |
|        2111 |              93 | low spender   |
|        2112 |              85 | low spender   |
|        2113 |              68 | low spender   |
|        2114 |              40 | low spender   |
|        2115 |              51 | low spender   |
|        2116 |              85 | low spender   |
|        2117 |              23 | low spender   |
|        2118 |              28 | low spender   |
|        2119 |              44 | low spender   |
|        2120 |              57 | low spender   |
|        2121 |              98 | low spender   |
|        2122 |              68 | low spender   |
|        2123 |              36 | low spender   |
|        2124 |              71 | low spender   |
|        2125 |              60 | low spender   |
|        2126 |              87 | low spender   |
|        2127 |              38 | low spender   |
|        2128 |              45 | low spender   |
|        2129 |              47 | low spender   |
|        2130 |              57 | low spender   |
|        2131 |              68 | low spender   |
|        2132 |              52 | low spender   |
|        2133 |              87 | low spender   |
|        2134 |              34 | low spender   |
|        2135 |              41 | low spender   |
|        2136 |              94 | low spender   |
|        2137 |              93 | low spender   |
|        2138 |              51 | low spender   |
|        2139 |              42 | low spender   |
|        2140 |              95 | low spender   |
|        2141 |              90 | low spender   |
|        2142 |              98 | low spender   |
|        2143 |              39 | low spender   |
|        2144 |              66 | low spender   |
|        2145 |              23 | low spender   |
|        2146 |              73 | low spender   |
|        2147 |              23 | low spender   |
|        2148 |              43 | low spender   |
|        2149 |              45 | low spender   |
|        2150 |              21 | low spender   |
|        2151 |              40 | low spender   |
|        2152 |              58 | low spender   |
|        2153 |              48 | low spender   |
|        2154 |              94 | low spender   |
|        2155 |              74 | low spender   |
|        2156 |              51 | low spender   |
|        2157 |              83 | low spender   |
|        2158 |              68 | low spender   |
|        2159 |              84 | low spender   |
|        2160 |              58 | low spender   |
|        2161 |              92 | low spender   |
|        2162 |              69 | low spender   |
|        2163 |              48 | low spender   |
|        2164 |              60 | low spender   |
|        2165 |              20 | low spender   |
|        2166 |              55 | low spender   |
|        2167 |              88 | low spender   |
|        2168 |              48 | low spender   |
|        2169 |              74 | low spender   |
|        2170 |              42 | low spender   |
|        2171 |              32 | low spender   |
|        2172 |              98 | low spender   |
|        2173 |              89 | low spender   |
|        2174 |              97 | low spender   |
|        2175 |              49 | low spender   |
|        2176 |              50 | low spender   |
|        2177 |              91 | low spender   |
|        2178 |              93 | low spender   |
|        2179 |              98 | low spender   |
|        2180 |              82 | low spender   |
|        2181 |              37 | low spender   |
|        2182 |              63 | low spender   |
|        2183 |              99 | low spender   |
|        2184 |              37 | low spender   |
|        2185 |              34 | low spender   |
|        2186 |              32 | low spender   |
|        2187 |              23 | low spender   |
|        2188 |              78 | low spender   |
|        2189 |              54 | low spender   |
|        2190 |              94 | low spender   |
|        2191 |              75 | low spender   |
|        2192 |              69 | low spender   |
|        2193 |              35 | low spender   |
|        2194 |              78 | low spender   |
|        2195 |              29 | low spender   |
|        2196 |              62 | low spender   |
|        2197 |              58 | low spender   |
|        2198 |              88 | low spender   |
|        2199 |              80 | low spender   |
|        2200 |              47 | low spender   |
|        2201 |              51 | low spender   |
|        2202 |              25 | low spender   |
|        2203 |              36 | low spender   |
|        2204 |              79 | low spender   |
|        2205 |              41 | low spender   |
|        2206 |              68 | low spender   |
|        2207 |              51 | low spender   |
|        2208 |              38 | low spender   |
|        2209 |              46 | low spender   |
|        2210 |              20 | low spender   |
|        2211 |              25 | low spender   |
|        2212 |              89 | low spender   |
|        2213 |              77 | low spender   |
|        2214 |              94 | low spender   |
|        2215 |             100 | low spender   |
|        2216 |              96 | low spender   |
|        2217 |              36 | low spender   |
|        2218 |              27 | low spender   |
|        2219 |              67 | low spender   |
|        2220 |              91 | low spender   |
|        2221 |              62 | low spender   |
|        2222 |              88 | low spender   |
|        2223 |              66 | low spender   |
|        2224 |              65 | low spender   |
|        2225 |              25 | low spender   |
|        2226 |              64 | low spender   |
|        2227 |              72 | low spender   |
|        2228 |              74 | low spender   |
|        2229 |              50 | low spender   |
|        2230 |              97 | low spender   |
|        2231 |              36 | low spender   |
|        2232 |              49 | low spender   |
|        2233 |              64 | low spender   |
|        2234 |              31 | low spender   |
|        2235 |              66 | low spender   |
|        2236 |              82 | low spender   |
|        2237 |              88 | low spender   |
|        2238 |              34 | low spender   |
|        2239 |              84 | low spender   |
|        2240 |              96 | low spender   |
|        2241 |              71 | low spender   |
|        2242 |              77 | low spender   |
|        2243 |              66 | low spender   |
|        2244 |              21 | low spender   |
|        2245 |              37 | low spender   |
|        2246 |              90 | low spender   |
|        2247 |              96 | low spender   |
|        2248 |              37 | low spender   |
|        2249 |              66 | low spender   |
|        2250 |              45 | low spender   |
|        2251 |              89 | low spender   |
|        2252 |              94 | low spender   |
|        2253 |              96 | low spender   |
|        2254 |              31 | low spender   |
|        2255 |              79 | low spender   |
|        2256 |              39 | low spender   |
|        2257 |              22 | low spender   |
|        2258 |              32 | low spender   |
|        2259 |              71 | low spender   |
|        2260 |              96 | low spender   |
|        2261 |              82 | low spender   |
|        2262 |              76 | low spender   |
|        2263 |              22 | low spender   |
|        2264 |              40 | low spender   |
|        2265 |              92 | low spender   |
|        2266 |              94 | low spender   |
|        2267 |              44 | low spender   |
|        2268 |              49 | low spender   |
|        2269 |              26 | low spender   |
|        2270 |              38 | low spender   |
|        2271 |              72 | low spender   |
|        2272 |              99 | low spender   |
|        2273 |              38 | low spender   |
|        2274 |              96 | low spender   |
|        2275 |              27 | low spender   |
|        2276 |              24 | low spender   |
|        2277 |              82 | low spender   |
|        2278 |              56 | low spender   |
|        2279 |              25 | low spender   |
|        2280 |              67 | low spender   |
|        2281 |              21 | low spender   |
|        2282 |              27 | low spender   |
|        2283 |              97 | low spender   |
|        2284 |              45 | low spender   |
|        2285 |              63 | low spender   |
|        2286 |             100 | low spender   |
|        2287 |              38 | low spender   |
|        2288 |              45 | low spender   |
|        2289 |              91 | low spender   |
|        2290 |              82 | low spender   |
|        2291 |              48 | low spender   |
|        2292 |              30 | low spender   |
|        2293 |              34 | low spender   |
|        2294 |              68 | low spender   |
|        2295 |              95 | low spender   |
|        2296 |              22 | low spender   |
|        2297 |              88 | low spender   |
|        2298 |              83 | low spender   |
|        2299 |              87 | low spender   |
|        2300 |              57 | low spender   |
|        2301 |              88 | low spender   |
|        2302 |              20 | low spender   |
|        2303 |              39 | low spender   |
|        2304 |              71 | low spender   |
|        2305 |              73 | low spender   |
|        2306 |              63 | low spender   |
|        2307 |              78 | low spender   |
|        2308 |              96 | low spender   |
|        2309 |              81 | low spender   |
|        2310 |              95 | low spender   |
|        2311 |              68 | low spender   |
|        2312 |              28 | low spender   |
|        2313 |              30 | low spender   |
|        2314 |              31 | low spender   |
|        2315 |              95 | low spender   |
|        2316 |              79 | low spender   |
|        2317 |              39 | low spender   |
|        2318 |              34 | low spender   |
|        2319 |              28 | low spender   |
|        2320 |              38 | low spender   |
|        2321 |              55 | low spender   |
|        2322 |              31 | low spender   |
|        2323 |              84 | low spender   |
|        2324 |              93 | low spender   |
|        2325 |              28 | low spender   |
|        2326 |              55 | low spender   |
|        2327 |              63 | low spender   |
|        2328 |              94 | low spender   |
|        2329 |              36 | low spender   |
|        2330 |              97 | low spender   |
|        2331 |              63 | low spender   |
|        2332 |              77 | low spender   |
|        2333 |              53 | low spender   |
|        2334 |              77 | low spender   |
|        2335 |              79 | low spender   |
|        2336 |              37 | low spender   |
|        2337 |              94 | low spender   |
|        2338 |              76 | low spender   |
|        2339 |              68 | low spender   |
|        2340 |              65 | low spender   |
|        2341 |              24 | low spender   |
|        2342 |              31 | low spender   |
|        2343 |              89 | low spender   |
|        2344 |              49 | low spender   |
|        2345 |              92 | low spender   |
|        2346 |              32 | low spender   |
|        2347 |              67 | low spender   |
|        2348 |              64 | low spender   |
|        2349 |              84 | low spender   |
|        2350 |              34 | low spender   |
|        2351 |              26 | low spender   |
|        2352 |              50 | low spender   |
|        2353 |              46 | low spender   |
|        2354 |              71 | low spender   |
|        2355 |              78 | low spender   |
|        2356 |              35 | low spender   |
|        2357 |              58 | low spender   |
|        2358 |              67 | low spender   |
|        2359 |              93 | low spender   |
|        2360 |              81 | low spender   |
|        2361 |              80 | low spender   |
|        2362 |              64 | low spender   |
|        2363 |              41 | low spender   |
|        2364 |              79 | low spender   |
|        2365 |              60 | low spender   |
|        2366 |              91 | low spender   |
|        2367 |              66 | low spender   |
|        2368 |              85 | low spender   |
|        2369 |              38 | low spender   |
|        2370 |              23 | low spender   |
|        2371 |              71 | low spender   |
|        2372 |              25 | low spender   |
|        2373 |              39 | low spender   |
|        2374 |              20 | low spender   |
|        2375 |              73 | low spender   |
|        2376 |              63 | low spender   |
|        2377 |              94 | low spender   |
|        2378 |              94 | low spender   |
|        2379 |              71 | low spender   |
|        2380 |              77 | low spender   |
|        2381 |              66 | low spender   |
|        2382 |              23 | low spender   |
|        2383 |              60 | low spender   |
|        2384 |              72 | low spender   |
|        2385 |              35 | low spender   |
|        2386 |              31 | low spender   |
|        2387 |              33 | low spender   |
|        2388 |              95 | low spender   |
|        2389 |              68 | low spender   |
|        2390 |              87 | low spender   |
|        2391 |              64 | low spender   |
|        2392 |              74 | low spender   |
|        2393 |              62 | low spender   |
|        2394 |              97 | low spender   |
|        2395 |              47 | low spender   |
|        2396 |              83 | low spender   |
|        2397 |              82 | low spender   |
|        2398 |              26 | low spender   |
|        2399 |              81 | low spender   |
|        2400 |              44 | low spender   |
|        2401 |              88 | low spender   |
|        2402 |              76 | low spender   |
|        2403 |              89 | low spender   |
|        2404 |              22 | low spender   |
|        2405 |              33 | low spender   |
|        2406 |              97 | low spender   |
|        2407 |              57 | low spender   |
|        2408 |              38 | low spender   |
|        2409 |              55 | low spender   |
|        2410 |              37 | low spender   |
|        2411 |              43 | low spender   |
|        2412 |              96 | low spender   |
|        2413 |              51 | low spender   |
|        2414 |              95 | low spender   |
|        2415 |              26 | low spender   |
|        2416 |              34 | low spender   |
|        2417 |              83 | low spender   |
|        2418 |              24 | low spender   |
|        2419 |              69 | low spender   |
|        2420 |              40 | low spender   |
|        2421 |              87 | low spender   |
|        2422 |              46 | low spender   |
|        2423 |              82 | low spender   |
|        2424 |              81 | low spender   |
|        2425 |              57 | low spender   |
|        2426 |              49 | low spender   |
|        2427 |              42 | low spender   |
|        2428 |              26 | low spender   |
|        2429 |              38 | low spender   |
|        2430 |              57 | low spender   |
|        2431 |             100 | low spender   |
|        2432 |              73 | low spender   |
|        2433 |              66 | low spender   |
|        2434 |              73 | low spender   |
|        2435 |              45 | low spender   |
|        2436 |              27 | low spender   |
|        2437 |              24 | low spender   |
|        2438 |              59 | low spender   |
|        2439 |              20 | low spender   |
|        2440 |              44 | low spender   |
|        2441 |              90 | low spender   |
|        2442 |              36 | low spender   |
|        2443 |              95 | low spender   |
|        2444 |              30 | low spender   |
|        2445 |              65 | low spender   |
|        2446 |              96 | low spender   |
|        2447 |              65 | low spender   |
|        2448 |              47 | low spender   |
|        2449 |              25 | low spender   |
|        2450 |              56 | low spender   |
|        2451 |              76 | low spender   |
|        2452 |              60 | low spender   |
|        2453 |              67 | low spender   |
|        2454 |              95 | low spender   |
|        2455 |              72 | low spender   |
|        2456 |              98 | low spender   |
|        2457 |              83 | low spender   |
|        2458 |              37 | low spender   |
|        2459 |              85 | low spender   |
|        2460 |              36 | low spender   |
|        2461 |              36 | low spender   |
|        2462 |              86 | low spender   |
|        2463 |              99 | low spender   |
|        2464 |              21 | low spender   |
|        2465 |              84 | low spender   |
|        2466 |              63 | low spender   |
|        2467 |              84 | low spender   |
|        2468 |              72 | low spender   |
|        2469 |              21 | low spender   |
|        2470 |              92 | low spender   |
|        2471 |              72 | low spender   |
|        2472 |              83 | low spender   |
|        2473 |              73 | low spender   |
|        2474 |              98 | low spender   |
|        2475 |              76 | low spender   |
|        2476 |              43 | low spender   |
|        2477 |              60 | low spender   |
|        2478 |              40 | low spender   |
|        2479 |              93 | low spender   |
|        2480 |              98 | low spender   |
|        2481 |              91 | low spender   |
|        2482 |              92 | low spender   |
|        2483 |              87 | low spender   |
|        2484 |              96 | low spender   |
|        2485 |              97 | low spender   |
|        2486 |              55 | low spender   |
|        2487 |              58 | low spender   |
|        2488 |              21 | low spender   |
|        2489 |              82 | low spender   |
|        2490 |              34 | low spender   |
|        2491 |              78 | low spender   |
|        2492 |              47 | low spender   |
|        2493 |              96 | low spender   |
|        2494 |              23 | low spender   |
|        2495 |              27 | low spender   |
|        2496 |              37 | low spender   |
|        2497 |              79 | low spender   |
|        2498 |              40 | low spender   |
|        2499 |              39 | low spender   |
|        2500 |              73 | low spender   |
|        2501 |              84 | low spender   |
|        2502 |              94 | low spender   |
|        2503 |              47 | low spender   |
|        2504 |              77 | low spender   |
|        2505 |              94 | low spender   |
|        2506 |              75 | low spender   |
|        2507 |              82 | low spender   |
|        2508 |              36 | low spender   |
|        2509 |              90 | low spender   |
|        2510 |              48 | low spender   |
|        2511 |              42 | low spender   |
|        2512 |              33 | low spender   |
|        2513 |              63 | low spender   |
|        2514 |              53 | low spender   |
|        2515 |              37 | low spender   |
|        2516 |              92 | low spender   |
|        2517 |              73 | low spender   |
|        2518 |              38 | low spender   |
|        2519 |              51 | low spender   |
|        2520 |              90 | low spender   |
|        2521 |              56 | low spender   |
|        2522 |              33 | low spender   |
|        2523 |              53 | low spender   |
|        2524 |              24 | low spender   |
|        2525 |              59 | low spender   |
|        2526 |              72 | low spender   |
|        2527 |              28 | low spender   |
|        2528 |              36 | low spender   |
|        2529 |              47 | low spender   |
|        2530 |              62 | low spender   |
|        2531 |              98 | low spender   |
|        2532 |              28 | low spender   |
|        2533 |              86 | low spender   |
|        2534 |              46 | low spender   |
|        2535 |              42 | low spender   |
|        2536 |              80 | low spender   |
|        2537 |              39 | low spender   |
|        2538 |              49 | low spender   |
|        2539 |              32 | low spender   |
|        2540 |              73 | low spender   |
|        2541 |              42 | low spender   |
|        2542 |              58 | low spender   |
|        2543 |              22 | low spender   |
|        2544 |              56 | low spender   |
|        2545 |              70 | low spender   |
|        2546 |              50 | low spender   |
|        2547 |              21 | low spender   |
|        2548 |              97 | low spender   |
|        2549 |              63 | low spender   |
|        2550 |              60 | low spender   |
|        2551 |              52 | low spender   |
|        2552 |              32 | low spender   |
|        2553 |              48 | low spender   |
|        2554 |              25 | low spender   |
|        2555 |              68 | low spender   |
|        2556 |              74 | low spender   |
|        2557 |              88 | low spender   |
|        2558 |              23 | low spender   |
|        2559 |              32 | low spender   |
|        2560 |              71 | low spender   |
|        2561 |              62 | low spender   |
|        2562 |              20 | low spender   |
|        2563 |              62 | low spender   |
|        2564 |              81 | low spender   |
|        2565 |              90 | low spender   |
|        2566 |              43 | low spender   |
|        2567 |              38 | low spender   |
|        2568 |              25 | low spender   |
|        2569 |              98 | low spender   |
|        2570 |              75 | low spender   |
|        2571 |              27 | low spender   |
|        2572 |              27 | low spender   |
|        2573 |              42 | low spender   |
|        2574 |              90 | low spender   |
|        2575 |              63 | low spender   |
|        2576 |              96 | low spender   |
|        2577 |              40 | low spender   |
|        2578 |              39 | low spender   |
|        2579 |              48 | low spender   |
|        2580 |              20 | low spender   |
|        2581 |              29 | low spender   |
|        2582 |              81 | low spender   |
|        2583 |              98 | low spender   |
|        2584 |              93 | low spender   |
|        2585 |              30 | low spender   |
|        2586 |              37 | low spender   |
|        2587 |              28 | low spender   |
|        2588 |              29 | low spender   |
|        2589 |              49 | low spender   |
|        2590 |              53 | low spender   |
|        2591 |              66 | low spender   |
|        2592 |              61 | low spender   |
|        2593 |              23 | low spender   |
|        2594 |              36 | low spender   |
|        2595 |              81 | low spender   |
|        2596 |              56 | low spender   |
|        2597 |              78 | low spender   |
|        2598 |              25 | low spender   |
|        2599 |              86 | low spender   |
|        2600 |              99 | low spender   |
|        2601 |              83 | low spender   |
|        2602 |              33 | low spender   |
|        2603 |              44 | low spender   |
|        2604 |              58 | low spender   |
|        2605 |              54 | low spender   |
|        2606 |              93 | low spender   |
|        2607 |              98 | low spender   |
|        2608 |              36 | low spender   |
|        2609 |              68 | low spender   |
|        2610 |              95 | low spender   |
|        2611 |              93 | low spender   |
|        2612 |              99 | low spender   |
|        2613 |              22 | low spender   |
|        2614 |              88 | low spender   |
|        2615 |              65 | low spender   |
|        2616 |              62 | low spender   |
|        2617 |              55 | low spender   |
|        2618 |              97 | low spender   |
|        2619 |              77 | low spender   |
|        2620 |              40 | low spender   |
|        2621 |              23 | low spender   |
|        2622 |              46 | low spender   |
|        2623 |              75 | low spender   |
|        2624 |              76 | low spender   |
|        2625 |              59 | low spender   |
|        2626 |              51 | low spender   |
|        2627 |              46 | low spender   |
|        2628 |              26 | low spender   |
|        2629 |              51 | low spender   |
|        2630 |              44 | low spender   |
|        2631 |              82 | low spender   |
|        2632 |              44 | low spender   |
|        2633 |              27 | low spender   |
|        2634 |              90 | low spender   |
|        2635 |              58 | low spender   |
|        2636 |              80 | low spender   |
|        2637 |              40 | low spender   |
|        2638 |              23 | low spender   |
|        2639 |              34 | low spender   |
|        2640 |              35 | low spender   |
|        2641 |              75 | low spender   |
|        2642 |              60 | low spender   |
|        2643 |              87 | low spender   |
|        2644 |              41 | low spender   |
|        2645 |              83 | low spender   |
|        2646 |              81 | low spender   |
|        2647 |              56 | low spender   |
|        2648 |              58 | low spender   |
|        2649 |              84 | low spender   |
|        2650 |              21 | low spender   |
|        2651 |              35 | low spender   |
|        2652 |              43 | low spender   |
|        2653 |              20 | low spender   |
|        2654 |              36 | low spender   |
|        2655 |              70 | low spender   |
|        2656 |              83 | low spender   |
|        2657 |              76 | low spender   |
|        2658 |              81 | low spender   |
|        2659 |              47 | low spender   |
|        2660 |              35 | low spender   |
|        2661 |              85 | low spender   |
|        2662 |              96 | low spender   |
|        2663 |              98 | low spender   |
|        2664 |              52 | low spender   |
|        2665 |              84 | low spender   |
|        2666 |              71 | low spender   |
|        2667 |              95 | low spender   |
|        2668 |              47 | low spender   |
|        2669 |              75 | low spender   |
|        2670 |              28 | low spender   |
|        2671 |              44 | low spender   |
|        2672 |              64 | low spender   |
|        2673 |              28 | low spender   |
|        2674 |              21 | low spender   |
|        2675 |              41 | low spender   |
|        2676 |              38 | low spender   |
|        2677 |              77 | low spender   |
|        2678 |              43 | low spender   |
|        2679 |              91 | low spender   |
|        2680 |              68 | low spender   |
|        2681 |              37 | low spender   |
|        2682 |              23 | low spender   |
|        2683 |              65 | low spender   |
|        2684 |              30 | low spender   |
|        2685 |              45 | low spender   |
|        2686 |              25 | low spender   |
|        2687 |              72 | low spender   |
|        2688 |              75 | low spender   |
|        2689 |              63 | low spender   |
|        2690 |              35 | low spender   |
|        2691 |              32 | low spender   |
|        2692 |              25 | low spender   |
|        2693 |              90 | low spender   |
|        2694 |              70 | low spender   |
|        2695 |              27 | low spender   |
|        2696 |              92 | low spender   |
|        2697 |              20 | low spender   |
|        2698 |              52 | low spender   |
|        2699 |              57 | low spender   |
|        2700 |              96 | low spender   |
|        2701 |              68 | low spender   |
|        2702 |              30 | low spender   |
|        2703 |              37 | low spender   |
|        2704 |              42 | low spender   |
|        2705 |              54 | low spender   |
|        2706 |              81 | low spender   |
|        2707 |              40 | low spender   |
|        2708 |              88 | low spender   |
|        2709 |              94 | low spender   |
|        2710 |              54 | low spender   |
|        2711 |              51 | low spender   |
|        2712 |              22 | low spender   |
|        2713 |              95 | low spender   |
|        2714 |              57 | low spender   |
|        2715 |              45 | low spender   |
|        2716 |              92 | low spender   |
|        2717 |              40 | low spender   |
|        2718 |              62 | low spender   |
|        2719 |              90 | low spender   |
|        2720 |              82 | low spender   |
|        2721 |              52 | low spender   |
|        2722 |              70 | low spender   |
|        2723 |              83 | low spender   |
|        2724 |              49 | low spender   |
|        2725 |              91 | low spender   |
|        2726 |              99 | low spender   |
|        2727 |              92 | low spender   |
|        2728 |              87 | low spender   |
|        2729 |              28 | low spender   |
|        2730 |              71 | low spender   |
|        2731 |              32 | low spender   |
|        2732 |              33 | low spender   |
|        2733 |              75 | low spender   |
|        2734 |              83 | low spender   |
|        2735 |              93 | low spender   |
|        2736 |              29 | low spender   |
|        2737 |              25 | low spender   |
|        2738 |              76 | low spender   |
|        2739 |              81 | low spender   |
|        2740 |              80 | low spender   |
|        2741 |              70 | low spender   |
|        2742 |              81 | low spender   |
|        2743 |              86 | low spender   |
|        2744 |              94 | low spender   |
|        2745 |              66 | low spender   |
|        2746 |              98 | low spender   |
|        2747 |              25 | low spender   |
|        2748 |              62 | low spender   |
|        2749 |              98 | low spender   |
|        2750 |              53 | low spender   |
|        2751 |              66 | low spender   |
|        2752 |              52 | low spender   |
|        2753 |              64 | low spender   |
|        2754 |              59 | low spender   |
|        2755 |              61 | low spender   |
|        2756 |              97 | low spender   |
|        2757 |              23 | low spender   |
|        2758 |              98 | low spender   |
|        2759 |              98 | low spender   |
|        2760 |              59 | low spender   |
|        2761 |              82 | low spender   |
|        2762 |              82 | low spender   |
|        2763 |              41 | low spender   |
|        2764 |              52 | low spender   |
|        2765 |              41 | low spender   |
|        2766 |              70 | low spender   |
|        2767 |              91 | low spender   |
|        2768 |              95 | low spender   |
|        2769 |              25 | low spender   |
|        2770 |              89 | low spender   |
|        2771 |              44 | low spender   |
|        2772 |              52 | low spender   |
|        2773 |              94 | low spender   |
|        2774 |              98 | low spender   |
|        2775 |              40 | low spender   |
|        2776 |              25 | low spender   |
|        2777 |              62 | low spender   |
|        2778 |              24 | low spender   |
|        2779 |              57 | low spender   |
|        2780 |              66 | low spender   |
|        2781 |              70 | low spender   |
|        2782 |              39 | low spender   |
|        2783 |              34 | low spender   |
|        2784 |              38 | low spender   |
|        2785 |              70 | low spender   |
|        2786 |              80 | low spender   |
|        2787 |              51 | low spender   |
|        2788 |              79 | low spender   |
|        2789 |              92 | low spender   |
|        2790 |              85 | low spender   |
|        2791 |              63 | low spender   |
|        2792 |              60 | low spender   |
|        2793 |              44 | low spender   |
|        2794 |              57 | low spender   |
|        2795 |              24 | low spender   |
|        2796 |              35 | low spender   |
|        2797 |              73 | low spender   |
|        2798 |              42 | low spender   |
|        2799 |              20 | low spender   |
|        2800 |              89 | low spender   |
|        2801 |              76 | low spender   |
|        2802 |              56 | low spender   |
|        2803 |             100 | low spender   |
|        2804 |              44 | low spender   |
|        2805 |              76 | low spender   |
|        2806 |              97 | low spender   |
|        2807 |              39 | low spender   |
|        2808 |             100 | low spender   |
|        2809 |              62 | low spender   |
|        2810 |              98 | low spender   |
|        2811 |              31 | low spender   |
|        2812 |              89 | low spender   |
|        2813 |              91 | low spender   |
|        2814 |              50 | low spender   |
|        2815 |              32 | low spender   |
|        2816 |              67 | low spender   |
|        2817 |              28 | low spender   |
|        2818 |              65 | low spender   |
|        2819 |              73 | low spender   |
|        2820 |              27 | low spender   |
|        2821 |              89 | low spender   |
|        2822 |              72 | low spender   |
|        2823 |              37 | low spender   |
|        2824 |              63 | low spender   |
|        2825 |              90 | low spender   |
|        2826 |              62 | low spender   |
|        2827 |              43 | low spender   |
|        2828 |              96 | low spender   |
|        2829 |              83 | low spender   |
|        2830 |              67 | low spender   |
|        2831 |              90 | low spender   |
|        2832 |              53 | low spender   |
|        2833 |              37 | low spender   |
|        2834 |              56 | low spender   |
|        2835 |              43 | low spender   |
|        2836 |              84 | low spender   |
|        2837 |              50 | low spender   |
|        2838 |              88 | low spender   |
|        2839 |              50 | low spender   |
|        2840 |              80 | low spender   |
|        2841 |              47 | low spender   |
|        2842 |              33 | low spender   |
|        2843 |             100 | low spender   |
|        2844 |              26 | low spender   |
|        2845 |              79 | low spender   |
|        2846 |              77 | low spender   |
|        2847 |              36 | low spender   |
|        2848 |              21 | low spender   |
|        2849 |              72 | low spender   |
|        2850 |              25 | low spender   |
|        2851 |              79 | low spender   |
|        2852 |              73 | low spender   |
|        2853 |              71 | low spender   |
|        2854 |              48 | low spender   |
|        2855 |              28 | low spender   |
|        2856 |              95 | low spender   |
|        2857 |              48 | low spender   |
|        2858 |              93 | low spender   |
|        2859 |              87 | low spender   |
|        2860 |              32 | low spender   |
|        2861 |              38 | low spender   |
|        2862 |              54 | low spender   |
|        2863 |              75 | low spender   |
|        2864 |              56 | low spender   |
|        2865 |              43 | low spender   |
|        2866 |              97 | low spender   |
|        2867 |              75 | low spender   |
|        2868 |              55 | low spender   |
|        2869 |              49 | low spender   |
|        2870 |              58 | low spender   |
|        2871 |              34 | low spender   |
|        2872 |              43 | low spender   |
|        2873 |              48 | low spender   |
|        2874 |              40 | low spender   |
|        2875 |              29 | low spender   |
|        2876 |              81 | low spender   |
|        2877 |              84 | low spender   |
|        2878 |              46 | low spender   |
|        2879 |              86 | low spender   |
|        2880 |              57 | low spender   |
|        2881 |              61 | low spender   |
|        2882 |              90 | low spender   |
|        2883 |              51 | low spender   |
|        2884 |              48 | low spender   |
|        2885 |              50 | low spender   |
|        2886 |              82 | low spender   |
|        2887 |              33 | low spender   |
|        2888 |              28 | low spender   |
|        2889 |              42 | low spender   |
|        2890 |              43 | low spender   |
|        2891 |              55 | low spender   |
|        2892 |              73 | low spender   |
|        2893 |              39 | low spender   |
|        2894 |              20 | low spender   |
|        2895 |              32 | low spender   |
|        2896 |              86 | low spender   |
|        2897 |              91 | low spender   |
|        2898 |              59 | low spender   |
|        2899 |              33 | low spender   |
|        2900 |              64 | low spender   |
|        2901 |              67 | low spender   |
|        2902 |              43 | low spender   |
|        2903 |              32 | low spender   |
|        2904 |              39 | low spender   |
|        2905 |              41 | low spender   |
|        2906 |              53 | low spender   |
|        2907 |              27 | low spender   |
|        2908 |              82 | low spender   |
|        2909 |              87 | low spender   |
|        2910 |              78 | low spender   |
|        2911 |              32 | low spender   |
|        2912 |              38 | low spender   |
|        2913 |              37 | low spender   |
|        2914 |              83 | low spender   |
|        2915 |              72 | low spender   |
|        2916 |              30 | low spender   |
|        2917 |              66 | low spender   |
|        2918 |              45 | low spender   |
|        2919 |              73 | low spender   |
|        2920 |              67 | low spender   |
|        2921 |              72 | low spender   |
|        2922 |              24 | low spender   |
|        2923 |              68 | low spender   |
|        2924 |              70 | low spender   |
|        2925 |              64 | low spender   |
|        2926 |              91 | low spender   |
|        2927 |              82 | low spender   |
|        2928 |              24 | low spender   |
|        2929 |              80 | low spender   |
|        2930 |              53 | low spender   |
|        2931 |              50 | low spender   |
|        2932 |              31 | low spender   |
|        2933 |              88 | low spender   |
|        2934 |              52 | low spender   |
|        2935 |              22 | low spender   |
|        2936 |              27 | low spender   |
|        2937 |              34 | low spender   |
|        2938 |              39 | low spender   |
|        2939 |              53 | low spender   |
|        2940 |              46 | low spender   |
|        2941 |              85 | low spender   |
|        2942 |              86 | low spender   |
|        2943 |              63 | low spender   |
|        2944 |              44 | low spender   |
|        2945 |              95 | low spender   |
|        2946 |              49 | low spender   |
|        2947 |              77 | low spender   |
|        2948 |              63 | low spender   |
|        2949 |              83 | low spender   |
|        2950 |              93 | low spender   |
|        2951 |              91 | low spender   |
|        2952 |              99 | low spender   |
|        2953 |              24 | low spender   |
|        2954 |              82 | low spender   |
|        2955 |              28 | low spender   |
|        2956 |              67 | low spender   |
|        2957 |              88 | low spender   |
|        2958 |              70 | low spender   |
|        2959 |             100 | low spender   |
|        2960 |              28 | low spender   |
|        2961 |              48 | low spender   |
|        2962 |              43 | low spender   |
|        2963 |              40 | low spender   |
|        2964 |              97 | low spender   |
|        2965 |              25 | low spender   |
|        2966 |              45 | low spender   |
|        2967 |              49 | low spender   |
|        2968 |              36 | low spender   |
|        2969 |              48 | low spender   |
|        2970 |              62 | low spender   |
|        2971 |              74 | low spender   |
|        2972 |             100 | low spender   |
|        2973 |              39 | low spender   |
|        2974 |              65 | low spender   |
|        2975 |              99 | low spender   |
|        2976 |              68 | low spender   |
|        2977 |              97 | low spender   |
|        2978 |              47 | low spender   |
|        2979 |              56 | low spender   |
|        2980 |              91 | low spender   |
|        2981 |              93 | low spender   |
|        2982 |              36 | low spender   |
|        2983 |              45 | low spender   |
|        2984 |              44 | low spender   |
|        2985 |              32 | low spender   |
|        2986 |              36 | low spender   |
|        2987 |              85 | low spender   |
|        2988 |              36 | low spender   |
|        2989 |              55 | low spender   |
|        2990 |              20 | low spender   |
|        2991 |              91 | low spender   |
|        2992 |              71 | low spender   |
|        2993 |              64 | low spender   |
|        2994 |              21 | low spender   |
|        2995 |             100 | low spender   |
|        2996 |              96 | low spender   |
|        2997 |              91 | low spender   |
|        2998 |              40 | low spender   |
|        2999 |              53 | low spender   |
|        3000 |              48 | low spender   |
|        3001 |              70 | low spender   |
|        3002 |              29 | low spender   |
|        3003 |              29 | low spender   |
|        3004 |              53 | low spender   |
|        3005 |              79 | low spender   |
|        3006 |              65 | low spender   |
|        3007 |              99 | low spender   |
|        3008 |              60 | low spender   |
|        3009 |              86 | low spender   |
|        3010 |              73 | low spender   |
|        3011 |              45 | low spender   |
|        3012 |              70 | low spender   |
|        3013 |              65 | low spender   |
|        3014 |              55 | low spender   |
|        3015 |              65 | low spender   |
|        3016 |              21 | low spender   |
|        3017 |              26 | low spender   |
|        3018 |              71 | low spender   |
|        3019 |              41 | low spender   |
|        3020 |              44 | low spender   |
|        3021 |              81 | low spender   |
|        3022 |              77 | low spender   |
|        3023 |              26 | low spender   |
|        3024 |              31 | low spender   |
|        3025 |              82 | low spender   |
|        3026 |              60 | low spender   |
|        3027 |              70 | low spender   |
|        3028 |              26 | low spender   |
|        3029 |             100 | low spender   |
|        3030 |              82 | low spender   |
|        3031 |              24 | low spender   |
|        3032 |              74 | low spender   |
|        3033 |              58 | low spender   |
|        3034 |              56 | low spender   |
|        3035 |              37 | low spender   |
|        3036 |              64 | low spender   |
|        3037 |              58 | low spender   |
|        3038 |              44 | low spender   |
|        3039 |              39 | low spender   |
|        3040 |              48 | low spender   |
|        3041 |              32 | low spender   |
|        3042 |              79 | low spender   |
|        3043 |              27 | low spender   |
|        3044 |              98 | low spender   |
|        3045 |              67 | low spender   |
|        3046 |              37 | low spender   |
|        3047 |              49 | low spender   |
|        3048 |              74 | low spender   |
|        3049 |              93 | low spender   |
|        3050 |              60 | low spender   |
|        3051 |              76 | low spender   |
|        3052 |              64 | low spender   |
|        3053 |              38 | low spender   |
|        3054 |              91 | low spender   |
|        3055 |              70 | low spender   |
|        3056 |              22 | low spender   |
|        3057 |              59 | low spender   |
|        3058 |              22 | low spender   |
|        3059 |              74 | low spender   |
|        3060 |              71 | low spender   |
|        3061 |              80 | low spender   |
|        3062 |              59 | low spender   |
|        3063 |              96 | low spender   |
|        3064 |              43 | low spender   |
|        3065 |              76 | low spender   |
|        3066 |              59 | low spender   |
|        3067 |              48 | low spender   |
|        3068 |              22 | low spender   |
|        3069 |              40 | low spender   |
|        3070 |              73 | low spender   |
|        3071 |              26 | low spender   |
|        3072 |              41 | low spender   |
|        3073 |              98 | low spender   |
|        3074 |              63 | low spender   |
|        3075 |              55 | low spender   |
|        3076 |              90 | low spender   |
|        3077 |              46 | low spender   |
|        3078 |              88 | low spender   |
|        3079 |              95 | low spender   |
|        3080 |              31 | low spender   |
|        3081 |              42 | low spender   |
|        3082 |              44 | low spender   |
|        3083 |              99 | low spender   |
|        3084 |              20 | low spender   |
|        3085 |              37 | low spender   |
|        3086 |              50 | low spender   |
|        3087 |              73 | low spender   |
|        3088 |              84 | low spender   |
|        3089 |              64 | low spender   |
|        3090 |              21 | low spender   |
|        3091 |              36 | low spender   |
|        3092 |              81 | low spender   |
|        3093 |              54 | low spender   |
|        3094 |              63 | low spender   |
|        3095 |              59 | low spender   |
|        3096 |              53 | low spender   |
|        3097 |              63 | low spender   |
|        3098 |              33 | low spender   |
|        3099 |              64 | low spender   |
|        3100 |              98 | low spender   |
|        3101 |              85 | low spender   |
|        3102 |              82 | low spender   |
|        3103 |              85 | low spender   |
|        3104 |              37 | low spender   |
|        3105 |              56 | low spender   |
|        3106 |              33 | low spender   |
|        3107 |              57 | low spender   |
|        3108 |              31 | low spender   |
|        3109 |              69 | low spender   |
|        3110 |              92 | low spender   |
|        3111 |              46 | low spender   |
|        3112 |              81 | low spender   |
|        3113 |              97 | low spender   |
|        3114 |              93 | low spender   |
|        3115 |              56 | low spender   |
|        3116 |              53 | low spender   |
|        3117 |              66 | low spender   |
|        3118 |              50 | low spender   |
|        3119 |              97 | low spender   |
|        3120 |              79 | low spender   |
|        3121 |              76 | low spender   |
|        3122 |              38 | low spender   |
|        3123 |              45 | low spender   |
|        3124 |              77 | low spender   |
|        3125 |              51 | low spender   |
|        3126 |              26 | low spender   |
|        3127 |              76 | low spender   |
|        3128 |              94 | low spender   |
|        3129 |              32 | low spender   |
|        3130 |              20 | low spender   |
|        3131 |              20 | low spender   |
|        3132 |              59 | low spender   |
|        3133 |              97 | low spender   |
|        3134 |              68 | low spender   |
|        3135 |              66 | low spender   |
|        3136 |              85 | low spender   |
|        3137 |              32 | low spender   |
|        3138 |              44 | low spender   |
|        3139 |              95 | low spender   |
|        3140 |              85 | low spender   |
|        3141 |              44 | low spender   |
|        3142 |              30 | low spender   |
|        3143 |              21 | low spender   |
|        3144 |              22 | low spender   |
|        3145 |              70 | low spender   |
|        3146 |              29 | low spender   |
|        3147 |              83 | low spender   |
|        3148 |              99 | low spender   |
|        3149 |              35 | low spender   |
|        3150 |              40 | low spender   |
|        3151 |              25 | low spender   |
|        3152 |              64 | low spender   |
|        3153 |              90 | low spender   |
|        3154 |              88 | low spender   |
|        3155 |              55 | low spender   |
|        3156 |              90 | low spender   |
|        3157 |              50 | low spender   |
|        3158 |              34 | low spender   |
|        3159 |              77 | low spender   |
|        3160 |              89 | low spender   |
|        3161 |              87 | low spender   |
|        3162 |              77 | low spender   |
|        3163 |              85 | low spender   |
|        3164 |              66 | low spender   |
|        3165 |              32 | low spender   |
|        3166 |              92 | low spender   |
|        3167 |              80 | low spender   |
|        3168 |              78 | low spender   |
|        3169 |              24 | low spender   |
|        3170 |              59 | low spender   |
|        3171 |              41 | low spender   |
|        3172 |              26 | low spender   |
|        3173 |              52 | low spender   |
|        3174 |              46 | low spender   |
|        3175 |              52 | low spender   |
|        3176 |              42 | low spender   |
|        3177 |              37 | low spender   |
|        3178 |              52 | low spender   |
|        3179 |              34 | low spender   |
|        3180 |              88 | low spender   |
|        3181 |              88 | low spender   |
|        3182 |              51 | low spender   |
|        3183 |              97 | low spender   |
|        3184 |              56 | low spender   |
|        3185 |              53 | low spender   |
|        3186 |              71 | low spender   |
|        3187 |              93 | low spender   |
|        3188 |              72 | low spender   |
|        3189 |              59 | low spender   |
|        3190 |              87 | low spender   |
|        3191 |              78 | low spender   |
|        3192 |              68 | low spender   |
|        3193 |              76 | low spender   |
|        3194 |              99 | low spender   |
|        3195 |              52 | low spender   |
|        3196 |              58 | low spender   |
|        3197 |              59 | low spender   |
|        3198 |              71 | low spender   |
|        3199 |              94 | low spender   |
|        3200 |              40 | low spender   |
|        3201 |              24 | low spender   |
|        3202 |              38 | low spender   |
|        3203 |              37 | low spender   |
|        3204 |              29 | low spender   |
|        3205 |              92 | low spender   |
|        3206 |              24 | low spender   |
|        3207 |              52 | low spender   |
|        3208 |              29 | low spender   |
|        3209 |              30 | low spender   |
|        3210 |              31 | low spender   |
|        3211 |              67 | low spender   |
|        3212 |              65 | low spender   |
|        3213 |              22 | low spender   |
|        3214 |              56 | low spender   |
|        3215 |              78 | low spender   |
|        3216 |              90 | low spender   |
|        3217 |              85 | low spender   |
|        3218 |              58 | low spender   |
|        3219 |              34 | low spender   |
|        3220 |              40 | low spender   |
|        3221 |              29 | low spender   |
|        3222 |              76 | low spender   |
|        3223 |              84 | low spender   |
|        3224 |              65 | low spender   |
|        3225 |              80 | low spender   |
|        3226 |              98 | low spender   |
|        3227 |              71 | low spender   |
|        3228 |              69 | low spender   |
|        3229 |              95 | low spender   |
|        3230 |              67 | low spender   |
|        3231 |              49 | low spender   |
|        3232 |              97 | low spender   |
|        3233 |              34 | low spender   |
|        3234 |              74 | low spender   |
|        3235 |              96 | low spender   |
|        3236 |              68 | low spender   |
|        3237 |              84 | low spender   |
|        3238 |              57 | low spender   |
|        3239 |              84 | low spender   |
|        3240 |              32 | low spender   |
|        3241 |              37 | low spender   |
|        3242 |              58 | low spender   |
|        3243 |              74 | low spender   |
|        3244 |              99 | low spender   |
|        3245 |              81 | low spender   |
|        3246 |              76 | low spender   |
|        3247 |              98 | low spender   |
|        3248 |              91 | low spender   |
|        3249 |              79 | low spender   |
|        3250 |              83 | low spender   |
|        3251 |              90 | low spender   |
|        3252 |              20 | low spender   |
|        3253 |              21 | low spender   |
|        3254 |              60 | low spender   |
|        3255 |              31 | low spender   |
|        3256 |              40 | low spender   |
|        3257 |              26 | low spender   |
|        3258 |              98 | low spender   |
|        3259 |              51 | low spender   |
|        3260 |              95 | low spender   |
|        3261 |              36 | low spender   |
|        3262 |              52 | low spender   |
|        3263 |              35 | low spender   |
|        3264 |              68 | low spender   |
|        3265 |              50 | low spender   |
|        3266 |             100 | low spender   |
|        3267 |              74 | low spender   |
|        3268 |              45 | low spender   |
|        3269 |              97 | low spender   |
|        3270 |              60 | low spender   |
|        3271 |              25 | low spender   |
|        3272 |              55 | low spender   |
|        3273 |              99 | low spender   |
|        3274 |              45 | low spender   |
|        3275 |              20 | low spender   |
|        3276 |              88 | low spender   |
|        3277 |              99 | low spender   |
|        3278 |              86 | low spender   |
|        3279 |              70 | low spender   |
|        3280 |              50 | low spender   |
|        3281 |              57 | low spender   |
|        3282 |              69 | low spender   |
|        3283 |              94 | low spender   |
|        3284 |              24 | low spender   |
|        3285 |              79 | low spender   |
|        3286 |              31 | low spender   |
|        3287 |              67 | low spender   |
|        3288 |              63 | low spender   |
|        3289 |              61 | low spender   |
|        3290 |              50 | low spender   |
|        3291 |              82 | low spender   |
|        3292 |              51 | low spender   |
|        3293 |              23 | low spender   |
|        3294 |              91 | low spender   |
|        3295 |              60 | low spender   |
|        3296 |              34 | low spender   |
|        3297 |              23 | low spender   |
|        3298 |              82 | low spender   |
|        3299 |              73 | low spender   |
|        3300 |              32 | low spender   |
|        3301 |              80 | low spender   |
|        3302 |              58 | low spender   |
|        3303 |              82 | low spender   |
|        3304 |              60 | low spender   |
|        3305 |              79 | low spender   |
|        3306 |              41 | low spender   |
|        3307 |              39 | low spender   |
|        3308 |              36 | low spender   |
|        3309 |              70 | low spender   |
|        3310 |              47 | low spender   |
|        3311 |              27 | low spender   |
|        3312 |              52 | low spender   |
|        3313 |              75 | low spender   |
|        3314 |              30 | low spender   |
|        3315 |              94 | low spender   |
|        3316 |              68 | low spender   |
|        3317 |              45 | low spender   |
|        3318 |              67 | low spender   |
|        3319 |              46 | low spender   |
|        3320 |              31 | low spender   |
|        3321 |              44 | low spender   |
|        3322 |             100 | low spender   |
|        3323 |              92 | low spender   |
|        3324 |              78 | low spender   |
|        3325 |              32 | low spender   |
|        3326 |              97 | low spender   |
|        3327 |              95 | low spender   |
|        3328 |              64 | low spender   |
|        3329 |              35 | low spender   |
|        3330 |              54 | low spender   |
|        3331 |              96 | low spender   |
|        3332 |              58 | low spender   |
|        3333 |              23 | low spender   |
|        3334 |              35 | low spender   |
|        3335 |              23 | low spender   |
|        3336 |              94 | low spender   |
|        3337 |              45 | low spender   |
|        3338 |              23 | low spender   |
|        3339 |              94 | low spender   |
|        3340 |              99 | low spender   |
|        3341 |              36 | low spender   |
|        3342 |              50 | low spender   |
|        3343 |              81 | low spender   |
|        3344 |              31 | low spender   |
|        3345 |              48 | low spender   |
|        3346 |              91 | low spender   |
|        3347 |              99 | low spender   |
|        3348 |              70 | low spender   |
|        3349 |              74 | low spender   |
|        3350 |              79 | low spender   |
|        3351 |              33 | low spender   |
|        3352 |              49 | low spender   |
|        3353 |              96 | low spender   |
|        3354 |              66 | low spender   |
|        3355 |              45 | low spender   |
|        3356 |              28 | low spender   |
|        3357 |              48 | low spender   |
|        3358 |              67 | low spender   |
|        3359 |              59 | low spender   |
|        3360 |              74 | low spender   |
|        3361 |              81 | low spender   |
|        3362 |              26 | low spender   |
|        3363 |              61 | low spender   |
|        3364 |              23 | low spender   |
|        3365 |              33 | low spender   |
|        3366 |              58 | low spender   |
|        3367 |              65 | low spender   |
|        3368 |              48 | low spender   |
|        3369 |              25 | low spender   |
|        3370 |              51 | low spender   |
|        3371 |              31 | low spender   |
|        3372 |              99 | low spender   |
|        3373 |              25 | low spender   |
|        3374 |              52 | low spender   |
|        3375 |              47 | low spender   |
|        3376 |              98 | low spender   |
|        3377 |              46 | low spender   |
|        3378 |              32 | low spender   |
|        3379 |              75 | low spender   |
|        3380 |              51 | low spender   |
|        3381 |              52 | low spender   |
|        3382 |              66 | low spender   |
|        3383 |              35 | low spender   |
|        3384 |              43 | low spender   |
|        3385 |              24 | low spender   |
|        3386 |              83 | low spender   |
|        3387 |              62 | low spender   |
|        3388 |              78 | low spender   |
|        3389 |              61 | low spender   |
|        3390 |              57 | low spender   |
|        3391 |              70 | low spender   |
|        3392 |              57 | low spender   |
|        3393 |              74 | low spender   |
|        3394 |              90 | low spender   |
|        3395 |              98 | low spender   |
|        3396 |              43 | low spender   |
|        3397 |              37 | low spender   |
|        3398 |              38 | low spender   |
|        3399 |              60 | low spender   |
|        3400 |              55 | low spender   |
|        3401 |              51 | low spender   |
|        3402 |              71 | low spender   |
|        3403 |              61 | low spender   |
|        3404 |              65 | low spender   |
|        3405 |              34 | low spender   |
|        3406 |              87 | low spender   |
|        3407 |              79 | low spender   |
|        3408 |              46 | low spender   |
|        3409 |              72 | low spender   |
|        3410 |              93 | low spender   |
|        3411 |              76 | low spender   |
|        3412 |              56 | low spender   |
|        3413 |              83 | low spender   |
|        3414 |              90 | low spender   |
|        3415 |              94 | low spender   |
|        3416 |              68 | low spender   |
|        3417 |              53 | low spender   |
|        3418 |              35 | low spender   |
|        3419 |              30 | low spender   |
|        3420 |              26 | low spender   |
|        3421 |              60 | low spender   |
|        3422 |              30 | low spender   |
|        3423 |              91 | low spender   |
|        3424 |              71 | low spender   |
|        3425 |              64 | low spender   |
|        3426 |              54 | low spender   |
|        3427 |              35 | low spender   |
|        3428 |              38 | low spender   |
|        3429 |              69 | low spender   |
|        3430 |              96 | low spender   |
|        3431 |              73 | low spender   |
|        3432 |              49 | low spender   |
|        3433 |              44 | low spender   |
|        3434 |              93 | low spender   |
|        3435 |              72 | low spender   |
|        3436 |              91 | low spender   |
|        3437 |              83 | low spender   |
|        3438 |              62 | low spender   |
|        3439 |              71 | low spender   |
|        3440 |              93 | low spender   |
|        3441 |              63 | low spender   |
|        3442 |              96 | low spender   |
|        3443 |              78 | low spender   |
|        3444 |              24 | low spender   |
|        3445 |              63 | low spender   |
|        3446 |              58 | low spender   |
|        3447 |              55 | low spender   |
|        3448 |              58 | low spender   |
|        3449 |              28 | low spender   |
|        3450 |              37 | low spender   |
|        3451 |              78 | low spender   |
|        3452 |              73 | low spender   |
|        3453 |              20 | low spender   |
|        3454 |              60 | low spender   |
|        3455 |              71 | low spender   |
|        3456 |              89 | low spender   |
|        3457 |              53 | low spender   |
|        3458 |              87 | low spender   |
|        3459 |              37 | low spender   |
|        3460 |              37 | low spender   |
|        3461 |              78 | low spender   |
|        3462 |              23 | low spender   |
|        3463 |              73 | low spender   |
|        3464 |              27 | low spender   |
|        3465 |              59 | low spender   |
|        3466 |              53 | low spender   |
|        3467 |              42 | low spender   |
|        3468 |              45 | low spender   |
|        3469 |              89 | low spender   |
|        3470 |              85 | low spender   |
|        3471 |              69 | low spender   |
|        3472 |              66 | low spender   |
|        3473 |              42 | low spender   |
|        3474 |              40 | low spender   |
|        3475 |              82 | low spender   |
|        3476 |              88 | low spender   |
|        3477 |              99 | low spender   |
|        3478 |              85 | low spender   |
|        3479 |              57 | low spender   |
|        3480 |              56 | low spender   |
|        3481 |              79 | low spender   |
|        3482 |              67 | low spender   |
|        3483 |              61 | low spender   |
|        3484 |              37 | low spender   |
|        3485 |              75 | low spender   |
|        3486 |              21 | low spender   |
|        3487 |              89 | low spender   |
|        3488 |              24 | low spender   |
|        3489 |              27 | low spender   |
|        3490 |              26 | low spender   |
|        3491 |              82 | low spender   |
|        3492 |              28 | low spender   |
|        3493 |              65 | low spender   |
|        3494 |              82 | low spender   |
|        3495 |              38 | low spender   |
|        3496 |              33 | low spender   |
|        3497 |              38 | low spender   |
|        3498 |              48 | low spender   |
|        3499 |              35 | low spender   |
|        3500 |              29 | low spender   |
|        3501 |              48 | low spender   |
|        3502 |              87 | low spender   |
|        3503 |              62 | low spender   |
|        3504 |              96 | low spender   |
|        3505 |              41 | low spender   |
|        3506 |              42 | low spender   |
|        3507 |              57 | low spender   |
|        3508 |              65 | low spender   |
|        3509 |              54 | low spender   |
|        3510 |              22 | low spender   |
|        3511 |              96 | low spender   |
|        3512 |              81 | low spender   |
|        3513 |              46 | low spender   |
|        3514 |              74 | low spender   |
|        3515 |              50 | low spender   |
|        3516 |              80 | low spender   |
|        3517 |              56 | low spender   |
|        3518 |              69 | low spender   |
|        3519 |              97 | low spender   |
|        3520 |              66 | low spender   |
|        3521 |              70 | low spender   |
|        3522 |              50 | low spender   |
|        3523 |              85 | low spender   |
|        3524 |              59 | low spender   |
|        3525 |              74 | low spender   |
|        3526 |              38 | low spender   |
|        3527 |              99 | low spender   |
|        3528 |              97 | low spender   |
|        3529 |              67 | low spender   |
|        3530 |              20 | low spender   |
|        3531 |              45 | low spender   |
|        3532 |              52 | low spender   |
|        3533 |              68 | low spender   |
|        3534 |              98 | low spender   |
|        3535 |              83 | low spender   |
|        3536 |              51 | low spender   |
|        3537 |              21 | low spender   |
|        3538 |              92 | low spender   |
|        3539 |              63 | low spender   |
|        3540 |              56 | low spender   |
|        3541 |              95 | low spender   |
|        3542 |              66 | low spender   |
|        3543 |              28 | low spender   |
|        3544 |              83 | low spender   |
|        3545 |              55 | low spender   |
|        3546 |              28 | low spender   |
|        3547 |              79 | low spender   |
|        3548 |              31 | low spender   |
|        3549 |              37 | low spender   |
|        3550 |              34 | low spender   |
|        3551 |              74 | low spender   |
|        3552 |              31 | low spender   |
|        3553 |              66 | low spender   |
|        3554 |              99 | low spender   |
|        3555 |              55 | low spender   |
|        3556 |              23 | low spender   |
|        3557 |              88 | low spender   |
|        3558 |              26 | low spender   |
|        3559 |              94 | low spender   |
|        3560 |              25 | low spender   |
|        3561 |              96 | low spender   |
|        3562 |              29 | low spender   |
|        3563 |              36 | low spender   |
|        3564 |              90 | low spender   |
|        3565 |              38 | low spender   |
|        3566 |              52 | low spender   |
|        3567 |              88 | low spender   |
|        3568 |              56 | low spender   |
|        3569 |              71 | low spender   |
|        3570 |              94 | low spender   |
|        3571 |              97 | low spender   |
|        3572 |              27 | low spender   |
|        3573 |              28 | low spender   |
|        3574 |              67 | low spender   |
|        3575 |              70 | low spender   |
|        3576 |              95 | low spender   |
|        3577 |              24 | low spender   |
|        3578 |              35 | low spender   |
|        3579 |              22 | low spender   |
|        3580 |              66 | low spender   |
|        3581 |              83 | low spender   |
|        3582 |              95 | low spender   |
|        3583 |              41 | low spender   |
|        3584 |              77 | low spender   |
|        3585 |              52 | low spender   |
|        3586 |              41 | low spender   |
|        3587 |              28 | low spender   |
|        3588 |              90 | low spender   |
|        3589 |              55 | low spender   |
|        3590 |              73 | low spender   |
|        3591 |              87 | low spender   |
|        3592 |              89 | low spender   |
|        3593 |              82 | low spender   |
|        3594 |              80 | low spender   |
|        3595 |              87 | low spender   |
|        3596 |              41 | low spender   |
|        3597 |              83 | low spender   |
|        3598 |              71 | low spender   |
|        3599 |              76 | low spender   |
|        3600 |              34 | low spender   |
|        3601 |              81 | low spender   |
|        3602 |              47 | low spender   |
|        3603 |              36 | low spender   |
|        3604 |              51 | low spender   |
|        3605 |              86 | low spender   |
|        3606 |              41 | low spender   |
|        3607 |              90 | low spender   |
|        3608 |              93 | low spender   |
|        3609 |              56 | low spender   |
|        3610 |              39 | low spender   |
|        3611 |              86 | low spender   |
|        3612 |              82 | low spender   |
|        3613 |              29 | low spender   |
|        3614 |              27 | low spender   |
|        3615 |              25 | low spender   |
|        3616 |              31 | low spender   |
|        3617 |              23 | low spender   |
|        3618 |              47 | low spender   |
|        3619 |              67 | low spender   |
|        3620 |              75 | low spender   |
|        3621 |              82 | low spender   |
|        3622 |              32 | low spender   |
|        3623 |              41 | low spender   |
|        3624 |              89 | low spender   |
|        3625 |              82 | low spender   |
|        3626 |              99 | low spender   |
|        3627 |              98 | low spender   |
|        3628 |              54 | low spender   |
|        3629 |              88 | low spender   |
|        3630 |              43 | low spender   |
|        3631 |              73 | low spender   |
|        3632 |              50 | low spender   |
|        3633 |              73 | low spender   |
|        3634 |              51 | low spender   |
|        3635 |              22 | low spender   |
|        3636 |              32 | low spender   |
|        3637 |              38 | low spender   |
|        3638 |              66 | low spender   |
|        3639 |              20 | low spender   |
|        3640 |              44 | low spender   |
|        3641 |              31 | low spender   |
|        3642 |              45 | low spender   |
|        3643 |              71 | low spender   |
|        3644 |              96 | low spender   |
|        3645 |              32 | low spender   |
|        3646 |              90 | low spender   |
|        3647 |              68 | low spender   |
|        3648 |              45 | low spender   |
|        3649 |              67 | low spender   |
|        3650 |              57 | low spender   |
|        3651 |              60 | low spender   |
|        3652 |              32 | low spender   |
|        3653 |              29 | low spender   |
|        3654 |              20 | low spender   |
|        3655 |              98 | low spender   |
|        3656 |              27 | low spender   |
|        3657 |              67 | low spender   |
|        3658 |              82 | low spender   |
|        3659 |              72 | low spender   |
|        3660 |              77 | low spender   |
|        3661 |              74 | low spender   |
|        3662 |              39 | low spender   |
|        3663 |              80 | low spender   |
|        3664 |              59 | low spender   |
|        3665 |              68 | low spender   |
|        3666 |              77 | low spender   |
|        3667 |              50 | low spender   |
|        3668 |              45 | low spender   |
|        3669 |              71 | low spender   |
|        3670 |              52 | low spender   |
|        3671 |              50 | low spender   |
|        3672 |              66 | low spender   |
|        3673 |              81 | low spender   |
|        3674 |              28 | low spender   |
|        3675 |              65 | low spender   |
|        3676 |              80 | low spender   |
|        3677 |              94 | low spender   |
|        3678 |              30 | low spender   |
|        3679 |              45 | low spender   |
|        3680 |              91 | low spender   |
|        3681 |              36 | low spender   |
|        3682 |              73 | low spender   |
|        3683 |              60 | low spender   |
|        3684 |              77 | low spender   |
|        3685 |              86 | low spender   |
|        3686 |              42 | low spender   |
|        3687 |              70 | low spender   |
|        3688 |              44 | low spender   |
|        3689 |              91 | low spender   |
|        3690 |              30 | low spender   |
|        3691 |              23 | low spender   |
|        3692 |              21 | low spender   |
|        3693 |              34 | low spender   |
|        3694 |              46 | low spender   |
|        3695 |              41 | low spender   |
|        3696 |              33 | low spender   |
|        3697 |              48 | low spender   |
|        3698 |              66 | low spender   |
|        3699 |              54 | low spender   |
|        3700 |              55 | low spender   |
|        3701 |              84 | low spender   |
|        3702 |              66 | low spender   |
|        3703 |              65 | low spender   |
|        3704 |              83 | low spender   |
|        3705 |              61 | low spender   |
|        3706 |              65 | low spender   |
|        3707 |              55 | low spender   |
|        3708 |              79 | low spender   |
|        3709 |              96 | low spender   |
|        3710 |              43 | low spender   |
|        3711 |              40 | low spender   |
|        3712 |              62 | low spender   |
|        3713 |              72 | low spender   |
|        3714 |              87 | low spender   |
|        3715 |              31 | low spender   |
|        3716 |              34 | low spender   |
|        3717 |              53 | low spender   |
|        3718 |              85 | low spender   |
|        3719 |              50 | low spender   |
|        3720 |              91 | low spender   |
|        3721 |              56 | low spender   |
|        3722 |              60 | low spender   |
|        3723 |              34 | low spender   |
|        3724 |              30 | low spender   |
|        3725 |              71 | low spender   |
|        3726 |             100 | low spender   |
|        3727 |              85 | low spender   |
|        3728 |              83 | low spender   |
|        3729 |              31 | low spender   |
|        3730 |              82 | low spender   |
|        3731 |              79 | low spender   |
|        3732 |              62 | low spender   |
|        3733 |              92 | low spender   |
|        3734 |              58 | low spender   |
|        3735 |              88 | low spender   |
|        3736 |              44 | low spender   |
|        3737 |              56 | low spender   |
|        3738 |              23 | low spender   |
|        3739 |              45 | low spender   |
|        3740 |              31 | low spender   |
|        3741 |              96 | low spender   |
|        3742 |              96 | low spender   |
|        3743 |              80 | low spender   |
|        3744 |              28 | low spender   |
|        3745 |              51 | low spender   |
|        3746 |              41 | low spender   |
|        3747 |              99 | low spender   |
|        3748 |              53 | low spender   |
|        3749 |              25 | low spender   |
|        3750 |              95 | low spender   |
|        3751 |              88 | low spender   |
|        3752 |              97 | low spender   |
|        3753 |              81 | low spender   |
|        3754 |              26 | low spender   |
|        3755 |              41 | low spender   |
|        3756 |              93 | low spender   |
|        3757 |              69 | low spender   |
|        3758 |              44 | low spender   |
|        3759 |              54 | low spender   |
|        3760 |              61 | low spender   |
|        3761 |              80 | low spender   |
|        3762 |              30 | low spender   |
|        3763 |              94 | low spender   |
|        3764 |              24 | low spender   |
|        3765 |              21 | low spender   |
|        3766 |              52 | low spender   |
|        3767 |              59 | low spender   |
|        3768 |              51 | low spender   |
|        3769 |              35 | low spender   |
|        3770 |              87 | low spender   |
|        3771 |              42 | low spender   |
|        3772 |              86 | low spender   |
|        3773 |              26 | low spender   |
|        3774 |              60 | low spender   |
|        3775 |              83 | low spender   |
|        3776 |              63 | low spender   |
|        3777 |              25 | low spender   |
|        3778 |              65 | low spender   |
|        3779 |              60 | low spender   |
|        3780 |              75 | low spender   |
|        3781 |              57 | low spender   |
|        3782 |              99 | low spender   |
|        3783 |              45 | low spender   |
|        3784 |              66 | low spender   |
|        3785 |              53 | low spender   |
|        3786 |              94 | low spender   |
|        3787 |              47 | low spender   |
|        3788 |              80 | low spender   |
|        3789 |              65 | low spender   |
|        3790 |              75 | low spender   |
|        3791 |              45 | low spender   |
|        3792 |              51 | low spender   |
|        3793 |              58 | low spender   |
|        3794 |              20 | low spender   |
|        3795 |              82 | low spender   |
|        3796 |              92 | low spender   |
|        3797 |              81 | low spender   |
|        3798 |              44 | low spender   |
|        3799 |              72 | low spender   |
|        3800 |              26 | low spender   |
|        3801 |              26 | low spender   |
|        3802 |              84 | low spender   |
|        3803 |              72 | low spender   |
|        3804 |              55 | low spender   |
|        3805 |              77 | low spender   |
|        3806 |              57 | low spender   |
|        3807 |              71 | low spender   |
|        3808 |              39 | low spender   |
|        3809 |              28 | low spender   |
|        3810 |              33 | low spender   |
|        3811 |              79 | low spender   |
|        3812 |              30 | low spender   |
|        3813 |              75 | low spender   |
|        3814 |              89 | low spender   |
|        3815 |              95 | low spender   |
|        3816 |              44 | low spender   |
|        3817 |              86 | low spender   |
|        3818 |              91 | low spender   |
|        3819 |              41 | low spender   |
|        3820 |              99 | low spender   |
|        3821 |              65 | low spender   |
|        3822 |              48 | low spender   |
|        3823 |              41 | low spender   |
|        3824 |              42 | low spender   |
|        3825 |              26 | low spender   |
|        3826 |              35 | low spender   |
|        3827 |              31 | low spender   |
|        3828 |              73 | low spender   |
|        3829 |              82 | low spender   |
|        3830 |              32 | low spender   |
|        3831 |              27 | low spender   |
|        3832 |              86 | low spender   |
|        3833 |              38 | low spender   |
|        3834 |              93 | low spender   |
|        3835 |              59 | low spender   |
|        3836 |              58 | low spender   |
|        3837 |              84 | low spender   |
|        3838 |             100 | low spender   |
|        3839 |              25 | low spender   |
|        3840 |              29 | low spender   |
|        3841 |              42 | low spender   |
|        3842 |              57 | low spender   |
|        3843 |              84 | low spender   |
|        3844 |              71 | low spender   |
|        3845 |              87 | low spender   |
|        3846 |              52 | low spender   |
|        3847 |              58 | low spender   |
|        3848 |              34 | low spender   |
|        3849 |              60 | low spender   |
|        3850 |              68 | low spender   |
|        3851 |              74 | low spender   |
|        3852 |              83 | low spender   |
|        3853 |              79 | low spender   |
|        3854 |              76 | low spender   |
|        3855 |              20 | low spender   |
|        3856 |              61 | low spender   |
|        3857 |              78 | low spender   |
|        3858 |              21 | low spender   |
|        3859 |              77 | low spender   |
|        3860 |              88 | low spender   |
|        3861 |              64 | low spender   |
|        3862 |              57 | low spender   |
|        3863 |              49 | low spender   |
|        3864 |              35 | low spender   |
|        3865 |              99 | low spender   |
|        3866 |              42 | low spender   |
|        3867 |              32 | low spender   |
|        3868 |              21 | low spender   |
|        3869 |              29 | low spender   |
|        3870 |              64 | low spender   |
|        3871 |              46 | low spender   |
|        3872 |              97 | low spender   |
|        3873 |              94 | low spender   |
|        3874 |              43 | low spender   |
|        3875 |              54 | low spender   |
|        3876 |              51 | low spender   |
|        3877 |              85 | low spender   |
|        3878 |              96 | low spender   |
|        3879 |              42 | low spender   |
|        3880 |              63 | low spender   |
|        3881 |              20 | low spender   |
|        3882 |              25 | low spender   |
|        3883 |              95 | low spender   |
|        3884 |              38 | low spender   |
|        3885 |              29 | low spender   |
|        3886 |              64 | low spender   |
|        3887 |              92 | low spender   |
|        3888 |              34 | low spender   |
|        3889 |              69 | low spender   |
|        3890 |              65 | low spender   |
|        3891 |              81 | low spender   |
|        3892 |              30 | low spender   |
|        3893 |              86 | low spender   |
|        3894 |              64 | low spender   |
|        3895 |              78 | low spender   |
|        3896 |              28 | low spender   |
|        3897 |              49 | low spender   |
|        3898 |              33 | low spender   |
|        3899 |              77 | low spender   |
|        3900 |              81 | low spender   |
+-------------+-----------------+---------------+
3900 rows in set (0.01 sec)

mysql> select customer_id,
    -> purchase_amount,
    -> case
    -> when purchase_amount > 1000 then ,high spender'
    '> ^C
mysql> SELECT customer_id,
    -> purchase_amount,
    -> case
    -> when purchase_amount > 1000 then 'high spender'
    -> else 'low spender'
    -> end as spending_type
    -> from cd limit 10;
+-------------+-----------------+---------------+
| customer_id | purchase_amount | spending_type |
+-------------+-----------------+---------------+
|           1 |              53 | low spender   |
|           2 |              64 | low spender   |
|           3 |              73 | low spender   |
|           4 |              90 | low spender   |
|           5 |              49 | low spender   |
|           6 |              20 | low spender   |
|           7 |              85 | low spender   |
|           8 |              34 | low spender   |
|           9 |              97 | low spender   |
|          10 |              31 | low spender   |
+-------------+-----------------+---------------+
10 rows in set (0.00 sec)

mysql> SELECT customer_id,purchase_amount, case when purchase_amount > 1000 then 'high spender' else 'low spender' end as spending_type from cd desc limit 10;
ERROR 1064 (42000): You have an error in your SQL syntax; check the manual that corresponds to your MySQL server version for the right syntax to use near 'desc limit 10' at line 1
mysql> SELECT Category, COUNT(*) AS total
    -> FROM customer_data
    -> GROUP BY Category
    -> HAVING COUNT(*) > 50;
ERROR 1146 (42S02): Table 'csa_project.customer_data' doesn't exist
mysql> SELECT category, COUNT(*) AS total
    -> FROM cd
    -> GROUP BY category
    -> HAVING COUNT(*) > 50;
+-------------+-------+
| category    | total |
+-------------+-------+
| Clothing    |  1737 |
| Footwear    |   599 |
| Outerwear   |   324 |
| Accessories |  1240 |
+-------------+-------+
4 rows in set (0.01 sec)

mysql> select customer_id,
    ->        purchase_amount,
    ->        sum(purchase_amount) over (order by purchase_amount) as running_total
    -> from cd;
+-------------+-----------------+---------------+
| customer_id | purchase_amount | running_total |
+-------------+-----------------+---------------+
|           6 |              20 |          1040 |
|          27 |              20 |          1040 |
|          53 |              20 |          1040 |
|         256 |              20 |          1040 |
|         295 |              20 |          1040 |
|         342 |              20 |          1040 |
|         445 |              20 |          1040 |
|         508 |              20 |          1040 |
|         509 |              20 |          1040 |
|         587 |              20 |          1040 |
|         638 |              20 |          1040 |
|         639 |              20 |          1040 |
|         801 |              20 |          1040 |
|         851 |              20 |          1040 |
|         868 |              20 |          1040 |
|         978 |              20 |          1040 |
|        1066 |              20 |          1040 |
|        1125 |              20 |          1040 |
|        1216 |              20 |          1040 |
|        1404 |              20 |          1040 |
|        1506 |              20 |          1040 |
|        1705 |              20 |          1040 |
|        1724 |              20 |          1040 |
|        1756 |              20 |          1040 |
|        1796 |              20 |          1040 |
|        1894 |              20 |          1040 |
|        1974 |              20 |          1040 |
|        2046 |              20 |          1040 |
|        2165 |              20 |          1040 |
|        2210 |              20 |          1040 |
|        2302 |              20 |          1040 |
|        2374 |              20 |          1040 |
|        2439 |              20 |          1040 |
|        2562 |              20 |          1040 |
|        2580 |              20 |          1040 |
|        2653 |              20 |          1040 |
|        2697 |              20 |          1040 |
|        2799 |              20 |          1040 |
|        2894 |              20 |          1040 |
|        2990 |              20 |          1040 |
|        3084 |              20 |          1040 |
|        3130 |              20 |          1040 |
|        3131 |              20 |          1040 |
|        3252 |              20 |          1040 |
|        3275 |              20 |          1040 |
|        3453 |              20 |          1040 |
|        3530 |              20 |          1040 |
|        3639 |              20 |          1040 |
|        3654 |              20 |          1040 |
|        3794 |              20 |          1040 |
|        3855 |              20 |          1040 |
|        3881 |              20 |          1040 |
|          46 |              21 |          2006 |
|          63 |              21 |          2006 |
|         451 |              21 |          2006 |
|         692 |              21 |          2006 |
|         695 |              21 |          2006 |
|         787 |              21 |          2006 |
|         818 |              21 |          2006 |
|         846 |              21 |          2006 |
|        1089 |              21 |          2006 |
|        1157 |              21 |          2006 |
|        1178 |              21 |          2006 |
|        1183 |              21 |          2006 |
|        1310 |              21 |          2006 |
|        1346 |              21 |          2006 |
|        1403 |              21 |          2006 |
|        1531 |              21 |          2006 |
|        1598 |              21 |          2006 |
|        1607 |              21 |          2006 |
|        1628 |              21 |          2006 |
|        1638 |              21 |          2006 |
|        1730 |              21 |          2006 |
|        1741 |              21 |          2006 |
|        1864 |              21 |          2006 |
|        2011 |              21 |          2006 |
|        2068 |              21 |          2006 |
|        2150 |              21 |          2006 |
|        2244 |              21 |          2006 |
|        2281 |              21 |          2006 |
|        2464 |              21 |          2006 |
|        2469 |              21 |          2006 |
|        2488 |              21 |          2006 |
|        2547 |              21 |          2006 |
|        2650 |              21 |          2006 |
|        2674 |              21 |          2006 |
|        2848 |              21 |          2006 |
|        2994 |              21 |          2006 |
|        3016 |              21 |          2006 |
|        3090 |              21 |          2006 |
|        3143 |              21 |          2006 |
|        3253 |              21 |          2006 |
|        3486 |              21 |          2006 |
|        3537 |              21 |          2006 |
|        3692 |              21 |          2006 |
|        3765 |              21 |          2006 |
|        3858 |              21 |          2006 |
|        3868 |              21 |          2006 |
|          25 |              22 |          2974 |
|         202 |              22 |          2974 |
|         211 |              22 |          2974 |
|         226 |              22 |          2974 |
|         310 |              22 |          2974 |
|         317 |              22 |          2974 |
|         505 |              22 |          2974 |
|         539 |              22 |          2974 |
|         719 |              22 |          2974 |
|         720 |              22 |          2974 |
|         773 |              22 |          2974 |
|         916 |              22 |          2974 |
|        1030 |              22 |          2974 |
|        1041 |              22 |          2974 |
|        1047 |              22 |          2974 |
|        1179 |              22 |          2974 |
|        1201 |              22 |          2974 |
|        1236 |              22 |          2974 |
|        1359 |              22 |          2974 |
|        1527 |              22 |          2974 |
|        1637 |              22 |          2974 |
|        1664 |              22 |          2974 |
|        1672 |              22 |          2974 |
|        1704 |              22 |          2974 |
|        1714 |              22 |          2974 |
|        1731 |              22 |          2974 |
|        1771 |              22 |          2974 |
|        1903 |              22 |          2974 |
|        2257 |              22 |          2974 |
|        2263 |              22 |          2974 |
|        2296 |              22 |          2974 |
|        2404 |              22 |          2974 |
|        2543 |              22 |          2974 |
|        2613 |              22 |          2974 |
|        2712 |              22 |          2974 |
|        2935 |              22 |          2974 |
|        3056 |              22 |          2974 |
|        3058 |              22 |          2974 |
|        3068 |              22 |          2974 |
|        3144 |              22 |          2974 |
|        3213 |              22 |          2974 |
|        3510 |              22 |          2974 |
|        3579 |              22 |          2974 |
|        3635 |              22 |          2974 |
|         161 |              23 |          4285 |
|         425 |              23 |          4285 |
|         439 |              23 |          4285 |
|         449 |              23 |          4285 |
|         528 |              23 |          4285 |
|         586 |              23 |          4285 |
|         608 |              23 |          4285 |
|         657 |              23 |          4285 |
|         958 |              23 |          4285 |
|        1058 |              23 |          4285 |
|        1104 |              23 |          4285 |
|        1144 |              23 |          4285 |
|        1181 |              23 |          4285 |
|        1220 |              23 |          4285 |
|        1233 |              23 |          4285 |
|        1244 |              23 |          4285 |
|        1254 |              23 |          4285 |
|        1300 |              23 |          4285 |
|        1389 |              23 |          4285 |
|        1401 |              23 |          4285 |
|        1425 |              23 |          4285 |
|        1479 |              23 |          4285 |
|        1496 |              23 |          4285 |
|        1513 |              23 |          4285 |
|        1635 |              23 |          4285 |
|        1748 |              23 |          4285 |
|        1939 |              23 |          4285 |
|        1988 |              23 |          4285 |
|        2021 |              23 |          4285 |
|        2025 |              23 |          4285 |
|        2030 |              23 |          4285 |
|        2077 |              23 |          4285 |
|        2102 |              23 |          4285 |
|        2117 |              23 |          4285 |
|        2145 |              23 |          4285 |
|        2147 |              23 |          4285 |
|        2187 |              23 |          4285 |
|        2370 |              23 |          4285 |
|        2382 |              23 |          4285 |
|        2494 |              23 |          4285 |
|        2558 |              23 |          4285 |
|        2593 |              23 |          4285 |
|        2621 |              23 |          4285 |
|        2638 |              23 |          4285 |
|        2682 |              23 |          4285 |
|        2757 |              23 |          4285 |
|        3293 |              23 |          4285 |
|        3297 |              23 |          4285 |
|        3333 |              23 |          4285 |
|        3335 |              23 |          4285 |
|        3338 |              23 |          4285 |
|        3364 |              23 |          4285 |
|        3462 |              23 |          4285 |
|        3556 |              23 |          4285 |
|        3617 |              23 |          4285 |
|        3691 |              23 |          4285 |
|        3738 |              23 |          4285 |
|          54 |              24 |          5485 |
|         105 |              24 |          5485 |
|         315 |              24 |          5485 |
|         316 |              24 |          5485 |
|         467 |              24 |          5485 |
|         504 |              24 |          5485 |
|         640 |              24 |          5485 |
|         738 |              24 |          5485 |
|         756 |              24 |          5485 |
|         817 |              24 |          5485 |
|         841 |              24 |          5485 |
|         922 |              24 |          5485 |
|         924 |              24 |          5485 |
|         933 |              24 |          5485 |
|         938 |              24 |          5485 |
|         947 |              24 |          5485 |
|        1011 |              24 |          5485 |
|        1016 |              24 |          5485 |
|        1224 |              24 |          5485 |
|        1290 |              24 |          5485 |
|        1320 |              24 |          5485 |
|        1412 |              24 |          5485 |
|        1473 |              24 |          5485 |
|        1545 |              24 |          5485 |
|        1589 |              24 |          5485 |
|        1636 |              24 |          5485 |
|        1663 |              24 |          5485 |
|        1839 |              24 |          5485 |
|        2050 |              24 |          5485 |
|        2080 |              24 |          5485 |
|        2276 |              24 |          5485 |
|        2341 |              24 |          5485 |
|        2418 |              24 |          5485 |
|        2437 |              24 |          5485 |
|        2524 |              24 |          5485 |
|        2778 |              24 |          5485 |
|        2795 |              24 |          5485 |
|        2922 |              24 |          5485 |
|        2928 |              24 |          5485 |
|        2953 |              24 |          5485 |
|        3031 |              24 |          5485 |
|        3169 |              24 |          5485 |
|        3201 |              24 |          5485 |
|        3206 |              24 |          5485 |
|        3284 |              24 |          5485 |
|        3385 |              24 |          5485 |
|        3444 |              24 |          5485 |
|        3488 |              24 |          5485 |
|        3577 |              24 |          5485 |
|        3764 |              24 |          5485 |
|          26 |              25 |          6885 |
|         171 |              25 |          6885 |
|         196 |              25 |          6885 |
|         251 |              25 |          6885 |
|         359 |              25 |          6885 |
|         382 |              25 |          6885 |
|         609 |              25 |          6885 |
|         643 |              25 |          6885 |
|         681 |              25 |          6885 |
|         731 |              25 |          6885 |
|         911 |              25 |          6885 |
|        1012 |              25 |          6885 |
|        1038 |              25 |          6885 |
|        1042 |              25 |          6885 |
|        1109 |              25 |          6885 |
|        1115 |              25 |          6885 |
|        1303 |              25 |          6885 |
|        1418 |              25 |          6885 |
|        1442 |              25 |          6885 |
|        1453 |              25 |          6885 |
|        1575 |              25 |          6885 |
|        1586 |              25 |          6885 |
|        1655 |              25 |          6885 |
|        1998 |              25 |          6885 |
|        2008 |              25 |          6885 |
|        2041 |              25 |          6885 |
|        2074 |              25 |          6885 |
|        2095 |              25 |          6885 |
|        2103 |              25 |          6885 |
|        2202 |              25 |          6885 |
|        2211 |              25 |          6885 |
|        2225 |              25 |          6885 |
|        2279 |              25 |          6885 |
|        2372 |              25 |          6885 |
|        2449 |              25 |          6885 |
|        2554 |              25 |          6885 |
|        2568 |              25 |          6885 |
|        2598 |              25 |          6885 |
|        2686 |              25 |          6885 |
|        2692 |              25 |          6885 |
|        2737 |              25 |          6885 |
|        2747 |              25 |          6885 |
|        2769 |              25 |          6885 |
|        2776 |              25 |          6885 |
|        2850 |              25 |          6885 |
|        2965 |              25 |          6885 |
|        3151 |              25 |          6885 |
|        3271 |              25 |          6885 |
|        3369 |              25 |          6885 |
|        3373 |              25 |          6885 |
|        3560 |              25 |          6885 |
|        3615 |              25 |          6885 |
|        3749 |              25 |          6885 |
|        3777 |              25 |          6885 |
|        3839 |              25 |          6885 |
|        3882 |              25 |          6885 |
|          73 |              26 |          8211 |
|         111 |              26 |          8211 |
|         157 |              26 |          8211 |
|         232 |              26 |          8211 |
|         273 |              26 |          8211 |
|         292 |              26 |          8211 |
|         298 |              26 |          8211 |
|         411 |              26 |          8211 |
|         424 |              26 |          8211 |
|         600 |              26 |          8211 |
|         667 |              26 |          8211 |
|         781 |              26 |          8211 |
|         796 |              26 |          8211 |
|         836 |              26 |          8211 |
|         859 |              26 |          8211 |
|         866 |              26 |          8211 |
|         892 |              26 |          8211 |
|         968 |              26 |          8211 |
|        1251 |              26 |          8211 |
|        1490 |              26 |          8211 |
|        1551 |              26 |          8211 |
|        1601 |              26 |          8211 |
|        1612 |              26 |          8211 |
|        1689 |              26 |          8211 |
|        1791 |              26 |          8211 |
|        1845 |              26 |          8211 |
|        1860 |              26 |          8211 |
|        2015 |              26 |          8211 |
|        2269 |              26 |          8211 |
|        2351 |              26 |          8211 |
|        2398 |              26 |          8211 |
|        2415 |              26 |          8211 |
|        2428 |              26 |          8211 |
|        2628 |              26 |          8211 |
|        2844 |              26 |          8211 |
|        3017 |              26 |          8211 |
|        3023 |              26 |          8211 |
|        3028 |              26 |          8211 |
|        3071 |              26 |          8211 |
|        3126 |              26 |          8211 |
|        3172 |              26 |          8211 |
|        3257 |              26 |          8211 |
|        3362 |              26 |          8211 |
|        3420 |              26 |          8211 |
|        3490 |              26 |          8211 |
|        3558 |              26 |          8211 |
|        3754 |              26 |          8211 |
|        3773 |              26 |          8211 |
|        3800 |              26 |          8211 |
|        3801 |              26 |          8211 |
|        3825 |              26 |          8211 |
|         160 |              27 |          9291 |
|         168 |              27 |          9291 |
|         233 |              27 |          9291 |
|         374 |              27 |          9291 |
|         542 |              27 |          9291 |
|         622 |              27 |          9291 |
|         653 |              27 |          9291 |
|         824 |              27 |          9291 |
|        1056 |              27 |          9291 |
|        1098 |              27 |          9291 |
|        1243 |              27 |          9291 |
|        1342 |              27 |          9291 |
|        1423 |              27 |          9291 |
|        1468 |              27 |          9291 |
|        1471 |              27 |          9291 |
|        1746 |              27 |          9291 |
|        1754 |              27 |          9291 |
|        1818 |              27 |          9291 |
|        1997 |              27 |          9291 |
|        2001 |              27 |          9291 |
|        2218 |              27 |          9291 |
|        2275 |              27 |          9291 |
|        2282 |              27 |          9291 |
|        2436 |              27 |          9291 |
|        2495 |              27 |          9291 |
|        2571 |              27 |          9291 |
|        2572 |              27 |          9291 |
|        2633 |              27 |          9291 |
|        2695 |              27 |          9291 |
|        2820 |              27 |          9291 |
|        2907 |              27 |          9291 |
|        2936 |              27 |          9291 |
|        3043 |              27 |          9291 |
|        3311 |              27 |          9291 |
|        3464 |              27 |          9291 |
|        3489 |              27 |          9291 |
|        3572 |              27 |          9291 |
|        3614 |              27 |          9291 |
|        3656 |              27 |          9291 |
|        3831 |              27 |          9291 |
|          51 |              28 |         10719 |
|          56 |              28 |         10719 |
|          83 |              28 |         10719 |
|         141 |              28 |         10719 |
|         230 |              28 |         10719 |
|         436 |              28 |         10719 |
|         732 |              28 |         10719 |
|         838 |              28 |         10719 |
|        1000 |              28 |         10719 |
|        1065 |              28 |         10719 |
|        1078 |              28 |         10719 |
|        1101 |              28 |         10719 |
|        1105 |              28 |         10719 |
|        1288 |              28 |         10719 |
|        1314 |              28 |         10719 |
|        1405 |              28 |         10719 |
|        1459 |              28 |         10719 |
|        1576 |              28 |         10719 |
|        1633 |              28 |         10719 |
|        1722 |              28 |         10719 |
|        1727 |              28 |         10719 |
|        1811 |              28 |         10719 |
|        1943 |              28 |         10719 |
|        2076 |              28 |         10719 |
|        2099 |              28 |         10719 |
|        2118 |              28 |         10719 |
|        2312 |              28 |         10719 |
|        2319 |              28 |         10719 |
|        2325 |              28 |         10719 |
|        2527 |              28 |         10719 |
|        2532 |              28 |         10719 |
|        2587 |              28 |         10719 |
|        2670 |              28 |         10719 |
|        2673 |              28 |         10719 |
|        2729 |              28 |         10719 |
|        2817 |              28 |         10719 |
|        2855 |              28 |         10719 |
|        2888 |              28 |         10719 |
|        2955 |              28 |         10719 |
|        2960 |              28 |         10719 |
|        3356 |              28 |         10719 |
|        3449 |              28 |         10719 |
|        3492 |              28 |         10719 |
|        3543 |              28 |         10719 |
|        3546 |              28 |         10719 |
|        3573 |              28 |         10719 |
|        3587 |              28 |         10719 |
|        3674 |              28 |         10719 |
|        3744 |              28 |         10719 |
|        3809 |              28 |         10719 |
|        3896 |              28 |         10719 |
|          71 |              29 |         12343 |
|         132 |              29 |         12343 |
|         139 |              29 |         12343 |
|         184 |              29 |         12343 |
|         193 |              29 |         12343 |
|         278 |              29 |         12343 |
|         309 |              29 |         12343 |
|         380 |              29 |         12343 |
|         395 |              29 |         12343 |
|         412 |              29 |         12343 |
|         446 |              29 |         12343 |
|         489 |              29 |         12343 |
|         550 |              29 |         12343 |
|         593 |              29 |         12343 |
|         683 |              29 |         12343 |
|         717 |              29 |         12343 |
|         740 |              29 |         12343 |
|         802 |              29 |         12343 |
|         839 |              29 |         12343 |
|         897 |              29 |         12343 |
|        1035 |              29 |         12343 |
|        1064 |              29 |         12343 |
|        1189 |              29 |         12343 |
|        1203 |              29 |         12343 |
|        1262 |              29 |         12343 |
|        1274 |              29 |         12343 |
|        1297 |              29 |         12343 |
|        1392 |              29 |         12343 |
|        1552 |              29 |         12343 |
|        1706 |              29 |         12343 |
|        1753 |              29 |         12343 |
|        1786 |              29 |         12343 |
|        1833 |              29 |         12343 |
|        1879 |              29 |         12343 |
|        1928 |              29 |         12343 |
|        1972 |              29 |         12343 |
|        1992 |              29 |         12343 |
|        2026 |              29 |         12343 |
|        2195 |              29 |         12343 |
|        2581 |              29 |         12343 |
|        2588 |              29 |         12343 |
|        2736 |              29 |         12343 |
|        2875 |              29 |         12343 |
|        3002 |              29 |         12343 |
|        3003 |              29 |         12343 |
|        3146 |              29 |         12343 |
|        3204 |              29 |         12343 |
|        3208 |              29 |         12343 |
|        3221 |              29 |         12343 |
|        3500 |              29 |         12343 |
|        3562 |              29 |         12343 |
|        3613 |              29 |         12343 |
|        3653 |              29 |         12343 |
|        3840 |              29 |         12343 |
|        3869 |              29 |         12343 |
|        3885 |              29 |         12343 |
|          50 |              30 |         13783 |
|         147 |              30 |         13783 |
|         170 |              30 |         13783 |
|         257 |              30 |         13783 |
|         277 |              30 |         13783 |
|         284 |              30 |         13783 |
|         361 |              30 |         13783 |
|         460 |              30 |         13783 |
|         503 |              30 |         13783 |
|         637 |              30 |         13783 |
|         672 |              30 |         13783 |
|         806 |              30 |         13783 |
|         998 |              30 |         13783 |
|        1010 |              30 |         13783 |
|        1017 |              30 |         13783 |
|        1045 |              30 |         13783 |
|        1082 |              30 |         13783 |
|        1129 |              30 |         13783 |
|        1397 |              30 |         13783 |
|        1431 |              30 |         13783 |
|        1504 |              30 |         13783 |
|        1507 |              30 |         13783 |
|        1511 |              30 |         13783 |
|        1597 |              30 |         13783 |
|        1691 |              30 |         13783 |
|        1885 |              30 |         13783 |
|        1893 |              30 |         13783 |
|        1907 |              30 |         13783 |
|        1964 |              30 |         13783 |
|        2035 |              30 |         13783 |
|        2292 |              30 |         13783 |
|        2313 |              30 |         13783 |
|        2444 |              30 |         13783 |
|        2585 |              30 |         13783 |
|        2684 |              30 |         13783 |
|        2702 |              30 |         13783 |
|        2916 |              30 |         13783 |
|        3142 |              30 |         13783 |
|        3209 |              30 |         13783 |
|        3314 |              30 |         13783 |
|        3419 |              30 |         13783 |
|        3422 |              30 |         13783 |
|        3678 |              30 |         13783 |
|        3690 |              30 |         13783 |
|        3724 |              30 |         13783 |
|        3762 |              30 |         13783 |
|        3812 |              30 |         13783 |
|        3892 |              30 |         13783 |
|          10 |              31 |         15395 |
|          31 |              31 |         15395 |
|         167 |              31 |         15395 |
|         180 |              31 |         15395 |
|         330 |              31 |         15395 |
|         416 |              31 |         15395 |
|         452 |              31 |         15395 |
|         501 |              31 |         15395 |
|         649 |              31 |         15395 |
|         739 |              31 |         15395 |
|         840 |              31 |         15395 |
|         970 |              31 |         15395 |
|         990 |              31 |         15395 |
|        1175 |              31 |         15395 |
|        1246 |              31 |         15395 |
|        1267 |              31 |         15395 |
|        1321 |              31 |         15395 |
|        1352 |              31 |         15395 |
|        1376 |              31 |         15395 |
|        1526 |              31 |         15395 |
|        1574 |              31 |         15395 |
|        1611 |              31 |         15395 |
|        1614 |              31 |         15395 |
|        1785 |              31 |         15395 |
|        1973 |              31 |         15395 |
|        2101 |              31 |         15395 |
|        2110 |              31 |         15395 |
|        2234 |              31 |         15395 |
|        2254 |              31 |         15395 |
|        2314 |              31 |         15395 |
|        2322 |              31 |         15395 |
|        2342 |              31 |         15395 |
|        2386 |              31 |         15395 |
|        2811 |              31 |         15395 |
|        2932 |              31 |         15395 |
|        3024 |              31 |         15395 |
|        3080 |              31 |         15395 |
|        3108 |              31 |         15395 |
|        3210 |              31 |         15395 |
|        3255 |              31 |         15395 |
|        3286 |              31 |         15395 |
|        3320 |              31 |         15395 |
|        3344 |              31 |         15395 |
|        3371 |              31 |         15395 |
|        3548 |              31 |         15395 |
|        3552 |              31 |         15395 |
|        3616 |              31 |         15395 |
|        3641 |              31 |         15395 |
|        3715 |              31 |         15395 |
|        3729 |              31 |         15395 |
|        3740 |              31 |         15395 |
|        3827 |              31 |         15395 |
|          85 |              32 |         17379 |
|         118 |              32 |         17379 |
|         129 |              32 |         17379 |
|         186 |              32 |         17379 |
|         275 |              32 |         17379 |
|         308 |              32 |         17379 |
|         376 |              32 |         17379 |
|         378 |              32 |         17379 |
|         546 |              32 |         17379 |
|         606 |              32 |         17379 |
|         652 |              32 |         17379 |
|         723 |              32 |         17379 |
|         758 |              32 |         17379 |
|         778 |              32 |         17379 |
|         948 |              32 |         17379 |
|        1217 |              32 |         17379 |
|        1276 |              32 |         17379 |
|        1304 |              32 |         17379 |
|        1308 |              32 |         17379 |
|        1317 |              32 |         17379 |
|        1362 |              32 |         17379 |
|        1396 |              32 |         17379 |
|        1478 |              32 |         17379 |
|        1499 |              32 |         17379 |
|        1549 |              32 |         17379 |
|        1625 |              32 |         17379 |
|        1642 |              32 |         17379 |
|        1926 |              32 |         17379 |
|        1948 |              32 |         17379 |
|        1970 |              32 |         17379 |
|        2018 |              32 |         17379 |
|        2042 |              32 |         17379 |
|        2047 |              32 |         17379 |
|        2171 |              32 |         17379 |
|        2186 |              32 |         17379 |
|        2258 |              32 |         17379 |
|        2346 |              32 |         17379 |
|        2539 |              32 |         17379 |
|        2552 |              32 |         17379 |
|        2559 |              32 |         17379 |
|        2691 |              32 |         17379 |
|        2731 |              32 |         17379 |
|        2815 |              32 |         17379 |
|        2860 |              32 |         17379 |
|        2895 |              32 |         17379 |
|        2903 |              32 |         17379 |
|        2911 |              32 |         17379 |
|        2985 |              32 |         17379 |
|        3041 |              32 |         17379 |
|        3129 |              32 |         17379 |
|        3137 |              32 |         17379 |
|        3165 |              32 |         17379 |
|        3240 |              32 |         17379 |
|        3300 |              32 |         17379 |
|        3325 |              32 |         17379 |
|        3378 |              32 |         17379 |
|        3622 |              32 |         17379 |
|        3636 |              32 |         17379 |
|        3645 |              32 |         17379 |
|        3652 |              32 |         17379 |
|        3830 |              32 |         17379 |
|        3867 |              32 |         17379 |
|          36 |              33 |         19161 |
|          68 |              33 |         19161 |
|         185 |              33 |         19161 |
|         274 |              33 |         19161 |
|         291 |              33 |         19161 |
|         340 |              33 |         19161 |
|         385 |              33 |         19161 |
|         570 |              33 |         19161 |
|         612 |              33 |         19161 |
|         634 |              33 |         19161 |
|         675 |              33 |         19161 |
|         857 |              33 |         19161 |
|         873 |              33 |         19161 |
|         980 |              33 |         19161 |
|        1050 |              33 |         19161 |
|        1059 |              33 |         19161 |
|        1080 |              33 |         19161 |
|        1142 |              33 |         19161 |
|        1180 |              33 |         19161 |
|        1307 |              33 |         19161 |
|        1433 |              33 |         19161 |
|        1482 |              33 |         19161 |
|        1498 |              33 |         19161 |
|        1565 |              33 |         19161 |
|        1568 |              33 |         19161 |
|        1669 |              33 |         19161 |
|        1726 |              33 |         19161 |
|        1782 |              33 |         19161 |
|        1875 |              33 |         19161 |
|        1880 |              33 |         19161 |
|        1881 |              33 |         19161 |
|        1919 |              33 |         19161 |
|        1930 |              33 |         19161 |
|        1954 |              33 |         19161 |
|        2022 |              33 |         19161 |
|        2044 |              33 |         19161 |
|        2056 |              33 |         19161 |
|        2387 |              33 |         19161 |
|        2405 |              33 |         19161 |
|        2512 |              33 |         19161 |
|        2522 |              33 |         19161 |
|        2602 |              33 |         19161 |
|        2732 |              33 |         19161 |
|        2842 |              33 |         19161 |
|        2887 |              33 |         19161 |
|        2899 |              33 |         19161 |
|        3098 |              33 |         19161 |
|        3106 |              33 |         19161 |
|        3351 |              33 |         19161 |
|        3365 |              33 |         19161 |
|        3496 |              33 |         19161 |
|        3696 |              33 |         19161 |
|        3810 |              33 |         19161 |
|        3898 |              33 |         19161 |
|           8 |              34 |         20589 |
|          11 |              34 |         20589 |
|         239 |              34 |         20589 |
|         371 |              34 |         20589 |
|         620 |              34 |         20589 |
|         917 |              34 |         20589 |
|        1060 |              34 |         20589 |
|        1096 |              34 |         20589 |
|        1452 |              34 |         20589 |
|        1558 |              34 |         20589 |
|        1578 |              34 |         20589 |
|        1736 |              34 |         20589 |
|        1773 |              34 |         20589 |
|        1787 |              34 |         20589 |
|        1790 |              34 |         20589 |
|        2078 |              34 |         20589 |
|        2107 |              34 |         20589 |
|        2134 |              34 |         20589 |
|        2185 |              34 |         20589 |
|        2238 |              34 |         20589 |
|        2293 |              34 |         20589 |
|        2318 |              34 |         20589 |
|        2350 |              34 |         20589 |
|        2416 |              34 |         20589 |
|        2490 |              34 |         20589 |
|        2639 |              34 |         20589 |
|        2783 |              34 |         20589 |
|        2871 |              34 |         20589 |
|        2937 |              34 |         20589 |
|        3158 |              34 |         20589 |
|        3179 |              34 |         20589 |
|        3219 |              34 |         20589 |
|        3233 |              34 |         20589 |
|        3296 |              34 |         20589 |
|        3405 |              34 |         20589 |
|        3550 |              34 |         20589 |
|        3600 |              34 |         20589 |
|        3693 |              34 |         20589 |
|        3716 |              34 |         20589 |
|        3723 |              34 |         20589 |
|        3848 |              34 |         20589 |
|        3888 |              34 |         20589 |
|         107 |              35 |         22199 |
|         172 |              35 |         22199 |
|         175 |              35 |         22199 |
|         400 |              35 |         22199 |
|         594 |              35 |         22199 |
|         687 |              35 |         22199 |
|         794 |              35 |         22199 |
|         812 |              35 |         22199 |
|         883 |              35 |         22199 |
|         942 |              35 |         22199 |
|        1061 |              35 |         22199 |
|        1291 |              35 |         22199 |
|        1381 |              35 |         22199 |
|        1447 |              35 |         22199 |
|        1460 |              35 |         22199 |
|        1514 |              35 |         22199 |
|        1596 |              35 |         22199 |
|        1627 |              35 |         22199 |
|        1653 |              35 |         22199 |
|        1678 |              35 |         22199 |
|        1797 |              35 |         22199 |
|        1798 |              35 |         22199 |
|        1835 |              35 |         22199 |
|        1906 |              35 |         22199 |
|        2027 |              35 |         22199 |
|        2106 |              35 |         22199 |
|        2193 |              35 |         22199 |
|        2356 |              35 |         22199 |
|        2385 |              35 |         22199 |
|        2640 |              35 |         22199 |
|        2651 |              35 |         22199 |
|        2660 |              35 |         22199 |
|        2690 |              35 |         22199 |
|        2796 |              35 |         22199 |
|        3149 |              35 |         22199 |
|        3263 |              35 |         22199 |
|        3329 |              35 |         22199 |
|        3334 |              35 |         22199 |
|        3383 |              35 |         22199 |
|        3418 |              35 |         22199 |
|        3427 |              35 |         22199 |
|        3499 |              35 |         22199 |
|        3578 |              35 |         22199 |
|        3769 |              35 |         22199 |
|        3826 |              35 |         22199 |
|        3864 |              35 |         22199 |
|          17 |              36 |         24431 |
|          66 |              36 |         24431 |
|         127 |              36 |         24431 |
|         322 |              36 |         24431 |
|         343 |              36 |         24431 |
|         367 |              36 |         24431 |
|         496 |              36 |         24431 |
|         656 |              36 |         24431 |
|         684 |              36 |         24431 |
|         734 |              36 |         24431 |
|         820 |              36 |         24431 |
|         932 |              36 |         24431 |
|         950 |              36 |         24431 |
|        1029 |              36 |         24431 |
|        1033 |              36 |         24431 |
|        1048 |              36 |         24431 |
|        1053 |              36 |         24431 |
|        1085 |              36 |         24431 |
|        1120 |              36 |         24431 |
|        1134 |              36 |         24431 |
|        1139 |              36 |         24431 |
|        1148 |              36 |         24431 |
|        1151 |              36 |         24431 |
|        1350 |              36 |         24431 |
|        1369 |              36 |         24431 |
|        1445 |              36 |         24431 |
|        1632 |              36 |         24431 |
|        1646 |              36 |         24431 |
|        1651 |              36 |         24431 |
|        1658 |              36 |         24431 |
|        1828 |              36 |         24431 |
|        1863 |              36 |         24431 |
|        1877 |              36 |         24431 |
|        1922 |              36 |         24431 |
|        1924 |              36 |         24431 |
|        1933 |              36 |         24431 |
|        2033 |              36 |         24431 |
|        2123 |              36 |         24431 |
+-------------+-----------------+---------------+
3900 rows in set (0.04 sec)


C -- query aborted
mysql>
